22:30:43 [ultranest] [DEBUG] ReactiveNestedSampler: dims=8+0, resume=True, log_dir=/home/ljy/BettiCurveCosmo/Emulator/model-fof-rsdz/mcmc_result/nwLH-Recovery/60/combined, backend=hdf5, vectorized=False, nbootstraps=30, ndraw=128..65536
22:30:44 [ultranest] [INFO] Sampling 1600 live points from prior ...
22:31:40 [ultranest] [DEBUG] run_iter dlogz=0.5, dKL=0.5, frac_remain=0.10, Lepsilon=0.0010, min_ess=400
22:31:40 [ultranest] [DEBUG] max_iters=-1, max_ncalls=-1, max_num_improvement_loops=-1, min_num_live_points=1600, cluster_num_live_points=40
22:31:40 [ultranest] [DEBUG] minimal_widths_sequence: [(-inf, 1600.0), (inf, 1600.0)]
22:31:42 [ultranest] [DEBUG] iteration=0, ncalls=1601, regioncalls=40, ndraw=40, logz=-inf, remainder_fraction=100.0000%, Lmin=-44517.26, Lmax=-64.13
22:31:42 [ultranest] [DEBUG] iteration=1, ncalls=1602, regioncalls=80, ndraw=40, logz=-44524.63, remainder_fraction=100.0000%, Lmin=-41567.21, Lmax=-64.13
22:31:42 [ultranest] [DEBUG] iteration=2, ncalls=1603, regioncalls=120, ndraw=40, logz=-41574.59, remainder_fraction=100.0000%, Lmin=-33891.80, Lmax=-64.13
22:31:42 [ultranest] [DEBUG] iteration=3, ncalls=1604, regioncalls=160, ndraw=40, logz=-33899.18, remainder_fraction=100.0000%, Lmin=-30212.32, Lmax=-64.13
22:31:42 [ultranest] [DEBUG] iteration=4, ncalls=1605, regioncalls=200, ndraw=40, logz=-30219.70, remainder_fraction=100.0000%, Lmin=-24440.30, Lmax=-64.13
22:31:43 [ultranest] [DEBUG] iteration=5, ncalls=1606, regioncalls=240, ndraw=40, logz=-24447.68, remainder_fraction=100.0000%, Lmin=-23903.32, Lmax=-64.13
22:31:43 [ultranest] [DEBUG] iteration=6, ncalls=1607, regioncalls=280, ndraw=40, logz=-23910.70, remainder_fraction=100.0000%, Lmin=-22627.78, Lmax=-64.13
22:31:43 [ultranest] [DEBUG] iteration=8, ncalls=1609, regioncalls=360, ndraw=40, logz=-21889.37, remainder_fraction=100.0000%, Lmin=-20877.01, Lmax=-64.13
22:31:43 [ultranest] [DEBUG] iteration=9, ncalls=1610, regioncalls=400, ndraw=40, logz=-20884.39, remainder_fraction=100.0000%, Lmin=-20612.04, Lmax=-64.13
22:31:43 [ultranest] [DEBUG] iteration=10, ncalls=1611, regioncalls=440, ndraw=40, logz=-20619.43, remainder_fraction=100.0000%, Lmin=-20247.24, Lmax=-64.13
22:31:43 [ultranest] [DEBUG] iteration=12, ncalls=1613, regioncalls=520, ndraw=40, logz=-18787.10, remainder_fraction=100.0000%, Lmin=-18722.85, Lmax=-64.13
22:31:43 [ultranest] [DEBUG] iteration=14, ncalls=1615, regioncalls=600, ndraw=40, logz=-18126.85, remainder_fraction=100.0000%, Lmin=-17823.22, Lmax=-64.13
22:31:44 [ultranest] [DEBUG] iteration=15, ncalls=1616, regioncalls=640, ndraw=40, logz=-17830.61, remainder_fraction=100.0000%, Lmin=-17428.54, Lmax=-64.13
22:31:44 [ultranest] [DEBUG] iteration=18, ncalls=1619, regioncalls=760, ndraw=40, logz=-16508.04, remainder_fraction=100.0000%, Lmin=-16280.74, Lmax=-64.13
22:31:44 [ultranest] [DEBUG] iteration=21, ncalls=1622, regioncalls=880, ndraw=40, logz=-15535.92, remainder_fraction=100.0000%, Lmin=-14840.19, Lmax=-64.13
22:31:44 [ultranest] [DEBUG] iteration=24, ncalls=1625, regioncalls=1000, ndraw=40, logz=-14177.12, remainder_fraction=100.0000%, Lmin=-14063.95, Lmax=-64.13
22:31:44 [ultranest] [DEBUG] iteration=27, ncalls=1628, regioncalls=1120, ndraw=40, logz=-13545.53, remainder_fraction=100.0000%, Lmin=-13361.06, Lmax=-64.13
22:31:44 [ultranest] [DEBUG] iteration=31, ncalls=1632, regioncalls=1280, ndraw=40, logz=-12903.87, remainder_fraction=100.0000%, Lmin=-12663.92, Lmax=-64.13
22:31:44 [ultranest] [DEBUG] iteration=35, ncalls=1636, regioncalls=1440, ndraw=40, logz=-10209.86, remainder_fraction=100.0000%, Lmin=-10136.76, Lmax=-64.13
22:31:44 [ultranest] [DEBUG] iteration=37, ncalls=1638, regioncalls=1520, ndraw=40, logz=-9986.81, remainder_fraction=100.0000%, Lmin=-9917.94, Lmax=-64.13
22:31:45 [ultranest] [DEBUG] iteration=40, ncalls=1641, regioncalls=1640, ndraw=40, logz=-9060.09, remainder_fraction=100.0000%, Lmin=-8940.80, Lmax=-64.13
22:31:45 [ultranest] [DEBUG] iteration=44, ncalls=1645, regioncalls=1800, ndraw=40, logz=-8576.27, remainder_fraction=100.0000%, Lmin=-8383.03, Lmax=-64.13
22:31:45 [ultranest] [DEBUG] iteration=46, ncalls=1647, regioncalls=1880, ndraw=40, logz=-7948.64, remainder_fraction=100.0000%, Lmin=-7884.25, Lmax=-64.13
22:31:45 [ultranest] [DEBUG] iteration=49, ncalls=1651, regioncalls=2040, ndraw=40, logz=-7407.91, remainder_fraction=100.0000%, Lmin=-6437.52, Lmax=-64.13
22:31:45 [ultranest] [DEBUG] iteration=52, ncalls=1654, regioncalls=2160, ndraw=40, logz=-6034.55, remainder_fraction=100.0000%, Lmin=-5819.17, Lmax=-64.13
22:31:45 [ultranest] [DEBUG] iteration=54, ncalls=1656, regioncalls=2240, ndraw=40, logz=-5807.07, remainder_fraction=100.0000%, Lmin=-5783.82, Lmax=-64.13
22:31:46 [ultranest] [DEBUG] iteration=55, ncalls=1657, regioncalls=2280, ndraw=40, logz=-5791.23, remainder_fraction=100.0000%, Lmin=-5724.81, Lmax=-64.13
22:31:46 [ultranest] [DEBUG] iteration=56, ncalls=1658, regioncalls=2320, ndraw=40, logz=-5732.22, remainder_fraction=100.0000%, Lmin=-5584.50, Lmax=-64.13
22:31:46 [ultranest] [DEBUG] iteration=59, ncalls=1661, regioncalls=2440, ndraw=40, logz=-5469.75, remainder_fraction=100.0000%, Lmin=-5381.37, Lmax=-64.13
22:31:46 [ultranest] [DEBUG] iteration=61, ncalls=1663, regioncalls=2520, ndraw=40, logz=-5386.29, remainder_fraction=100.0000%, Lmin=-5364.10, Lmax=-64.13
22:31:46 [ultranest] [DEBUG] iteration=63, ncalls=1665, regioncalls=2600, ndraw=40, logz=-5299.65, remainder_fraction=100.0000%, Lmin=-5279.57, Lmax=-64.13
22:31:46 [ultranest] [DEBUG] iteration=67, ncalls=1669, regioncalls=2760, ndraw=40, logz=-5183.77, remainder_fraction=100.0000%, Lmin=-5122.06, Lmax=-64.13
22:31:46 [ultranest] [DEBUG] iteration=70, ncalls=1672, regioncalls=2880, ndraw=40, logz=-5070.13, remainder_fraction=100.0000%, Lmin=-4998.46, Lmax=-64.13
22:31:46 [ultranest] [DEBUG] iteration=74, ncalls=1677, regioncalls=3080, ndraw=40, logz=-4858.84, remainder_fraction=100.0000%, Lmin=-4725.21, Lmax=-64.13
22:31:47 [ultranest] [DEBUG] iteration=77, ncalls=1680, regioncalls=3200, ndraw=40, logz=-4686.04, remainder_fraction=100.0000%, Lmin=-4618.75, Lmax=-64.13
22:31:47 [ultranest] [DEBUG] iteration=80, ncalls=1683, regioncalls=3320, ndraw=40, logz=-4585.33, remainder_fraction=100.0000%, Lmin=-4493.75, Lmax=-64.13
22:31:47 [ultranest] [DEBUG] iteration=82, ncalls=1685, regioncalls=3400, ndraw=40, logz=-4361.99, remainder_fraction=100.0000%, Lmin=-4350.91, Lmax=-64.13
22:31:47 [ultranest] [DEBUG] iteration=84, ncalls=1687, regioncalls=3480, ndraw=40, logz=-4329.00, remainder_fraction=100.0000%, Lmin=-4318.31, Lmax=-64.13
22:31:47 [ultranest] [DEBUG] iteration=86, ncalls=1689, regioncalls=3560, ndraw=40, logz=-4313.50, remainder_fraction=100.0000%, Lmin=-4235.33, Lmax=-64.13
22:31:47 [ultranest] [DEBUG] iteration=87, ncalls=1690, regioncalls=3600, ndraw=40, logz=-4242.76, remainder_fraction=100.0000%, Lmin=-4134.45, Lmax=-64.13
22:31:47 [ultranest] [DEBUG] iteration=88, ncalls=1691, regioncalls=3640, ndraw=40, logz=-4141.88, remainder_fraction=100.0000%, Lmin=-4095.90, Lmax=-64.13
22:31:48 [ultranest] [DEBUG] iteration=89, ncalls=1692, regioncalls=3680, ndraw=40, logz=-4103.33, remainder_fraction=100.0000%, Lmin=-4077.64, Lmax=-64.13
22:31:48 [ultranest] [DEBUG] iteration=91, ncalls=1694, regioncalls=3760, ndraw=40, logz=-4080.32, remainder_fraction=100.0000%, Lmin=-4032.88, Lmax=-64.13
22:31:48 [ultranest] [DEBUG] iteration=93, ncalls=1696, regioncalls=3840, ndraw=40, logz=-4024.39, remainder_fraction=100.0000%, Lmin=-4010.23, Lmax=-64.13
22:31:48 [ultranest] [DEBUG] iteration=95, ncalls=1698, regioncalls=3920, ndraw=40, logz=-3989.45, remainder_fraction=100.0000%, Lmin=-3960.63, Lmax=-64.13
22:31:48 [ultranest] [DEBUG] iteration=97, ncalls=1700, regioncalls=4000, ndraw=40, logz=-3949.69, remainder_fraction=100.0000%, Lmin=-3938.23, Lmax=-64.13
22:31:48 [ultranest] [DEBUG] iteration=99, ncalls=1702, regioncalls=4080, ndraw=40, logz=-3931.37, remainder_fraction=100.0000%, Lmin=-3892.57, Lmax=-64.13
22:31:48 [ultranest] [DEBUG] iteration=101, ncalls=1704, regioncalls=4160, ndraw=40, logz=-3849.68, remainder_fraction=100.0000%, Lmin=-3828.76, Lmax=-64.13
22:31:49 [ultranest] [DEBUG] iteration=104, ncalls=1707, regioncalls=4280, ndraw=40, logz=-3805.07, remainder_fraction=100.0000%, Lmin=-3795.45, Lmax=-64.13
22:31:49 [ultranest] [DEBUG] iteration=105, ncalls=1709, regioncalls=4360, ndraw=40, logz=-3802.79, remainder_fraction=100.0000%, Lmin=-3789.16, Lmax=-64.13
22:31:49 [ultranest] [DEBUG] iteration=109, ncalls=1713, regioncalls=4520, ndraw=40, logz=-3574.44, remainder_fraction=100.0000%, Lmin=-3527.32, Lmax=-64.13
22:31:49 [ultranest] [DEBUG] iteration=112, ncalls=1716, regioncalls=4640, ndraw=40, logz=-3422.08, remainder_fraction=100.0000%, Lmin=-3413.85, Lmax=-64.13
22:31:49 [ultranest] [DEBUG] iteration=114, ncalls=1718, regioncalls=4720, ndraw=40, logz=-3401.54, remainder_fraction=100.0000%, Lmin=-3390.49, Lmax=-64.13
22:31:49 [ultranest] [DEBUG] iteration=115, ncalls=1719, regioncalls=4760, ndraw=40, logz=-3397.91, remainder_fraction=100.0000%, Lmin=-3379.12, Lmax=-64.13
22:31:49 [ultranest] [DEBUG] iteration=117, ncalls=1721, regioncalls=4840, ndraw=40, logz=-3372.89, remainder_fraction=100.0000%, Lmin=-3345.62, Lmax=-64.13
22:31:50 [ultranest] [DEBUG] iteration=119, ncalls=1723, regioncalls=4920, ndraw=40, logz=-3347.18, remainder_fraction=100.0000%, Lmin=-3333.07, Lmax=-64.13
22:31:50 [ultranest] [DEBUG] iteration=122, ncalls=1726, regioncalls=5040, ndraw=40, logz=-3246.76, remainder_fraction=100.0000%, Lmin=-3237.88, Lmax=-64.13
22:31:50 [ultranest] [DEBUG] iteration=124, ncalls=1728, regioncalls=5120, ndraw=40, logz=-3234.19, remainder_fraction=100.0000%, Lmin=-3203.12, Lmax=-64.13
22:31:50 [ultranest] [DEBUG] iteration=127, ncalls=1731, regioncalls=5240, ndraw=40, logz=-3206.05, remainder_fraction=100.0000%, Lmin=-3193.81, Lmax=-64.13
22:31:50 [ultranest] [DEBUG] iteration=129, ncalls=1733, regioncalls=5320, ndraw=40, logz=-3194.59, remainder_fraction=100.0000%, Lmin=-3182.84, Lmax=-64.13
22:31:50 [ultranest] [DEBUG] iteration=130, ncalls=1734, regioncalls=5360, ndraw=40, logz=-3190.29, remainder_fraction=100.0000%, Lmin=-3143.90, Lmax=-64.13
22:31:50 [ultranest] [DEBUG] iteration=132, ncalls=1736, regioncalls=5440, ndraw=40, logz=-3143.35, remainder_fraction=100.0000%, Lmin=-3110.68, Lmax=-64.13
22:31:51 [ultranest] [DEBUG] iteration=134, ncalls=1738, regioncalls=5520, ndraw=40, logz=-3114.21, remainder_fraction=100.0000%, Lmin=-3093.21, Lmax=-64.13
22:31:51 [ultranest] [DEBUG] iteration=136, ncalls=1740, regioncalls=5600, ndraw=40, logz=-3099.22, remainder_fraction=100.0000%, Lmin=-3073.79, Lmax=-64.13
22:31:51 [ultranest] [DEBUG] iteration=138, ncalls=1742, regioncalls=5680, ndraw=40, logz=-3075.24, remainder_fraction=100.0000%, Lmin=-3045.04, Lmax=-64.13
22:31:51 [ultranest] [DEBUG] iteration=140, ncalls=1745, regioncalls=5800, ndraw=40, logz=-3037.25, remainder_fraction=100.0000%, Lmin=-3026.35, Lmax=-64.13
22:31:51 [ultranest] [DEBUG] iteration=142, ncalls=1747, regioncalls=5880, ndraw=40, logz=-2983.81, remainder_fraction=100.0000%, Lmin=-2959.95, Lmax=-64.13
22:31:51 [ultranest] [DEBUG] iteration=145, ncalls=1750, regioncalls=6000, ndraw=40, logz=-2955.74, remainder_fraction=100.0000%, Lmin=-2940.86, Lmax=-64.13
22:31:51 [ultranest] [DEBUG] iteration=148, ncalls=1753, regioncalls=6120, ndraw=40, logz=-2854.58, remainder_fraction=100.0000%, Lmin=-2841.27, Lmax=-64.13
22:31:51 [ultranest] [DEBUG] iteration=151, ncalls=1756, regioncalls=6240, ndraw=40, logz=-2834.49, remainder_fraction=100.0000%, Lmin=-2825.64, Lmax=-64.13
22:31:52 [ultranest] [DEBUG] iteration=154, ncalls=1759, regioncalls=6360, ndraw=40, logz=-2808.71, remainder_fraction=100.0000%, Lmin=-2776.83, Lmax=-64.13
22:31:52 [ultranest] [DEBUG] iteration=155, ncalls=1761, regioncalls=6440, ndraw=40, logz=-2784.31, remainder_fraction=100.0000%, Lmin=-2773.52, Lmax=-64.13
22:31:52 [ultranest] [DEBUG] iteration=159, ncalls=1765, regioncalls=6600, ndraw=40, logz=-2746.99, remainder_fraction=100.0000%, Lmin=-2709.27, Lmax=-64.13
22:31:52 [ultranest] [DEBUG] iteration=160, ncalls=1766, regioncalls=6640, ndraw=40, logz=-2716.74, remainder_fraction=100.0000%, Lmin=-2704.85, Lmax=-64.13
22:31:52 [ultranest] [DEBUG] iteration=162, ncalls=1768, regioncalls=6720, ndraw=40, logz=-2702.28, remainder_fraction=100.0000%, Lmin=-2693.74, Lmax=-64.13
22:31:52 [ultranest] [DEBUG] iteration=165, ncalls=1771, regioncalls=6840, ndraw=40, logz=-2693.90, remainder_fraction=100.0000%, Lmin=-2685.40, Lmax=-64.13
22:31:52 [ultranest] [DEBUG] iteration=167, ncalls=1774, regioncalls=6960, ndraw=40, logz=-2661.68, remainder_fraction=100.0000%, Lmin=-2645.75, Lmax=-64.13
22:31:52 [ultranest] [DEBUG] iteration=171, ncalls=1778, regioncalls=7120, ndraw=40, logz=-2641.70, remainder_fraction=100.0000%, Lmin=-2629.39, Lmax=-64.13
22:31:53 [ultranest] [DEBUG] iteration=174, ncalls=1782, regioncalls=7280, ndraw=40, logz=-2622.47, remainder_fraction=100.0000%, Lmin=-2614.66, Lmax=-64.13
22:31:53 [ultranest] [DEBUG] iteration=176, ncalls=1784, regioncalls=7360, ndraw=40, logz=-2618.83, remainder_fraction=100.0000%, Lmin=-2610.97, Lmax=-64.13
22:31:53 [ultranest] [DEBUG] iteration=178, ncalls=1786, regioncalls=7440, ndraw=40, logz=-2616.96, remainder_fraction=100.0000%, Lmin=-2606.84, Lmax=-64.13
22:31:53 [ultranest] [DEBUG] iteration=181, ncalls=1790, regioncalls=7600, ndraw=40, logz=-2610.84, remainder_fraction=100.0000%, Lmin=-2589.27, Lmax=-64.13
22:31:53 [ultranest] [DEBUG] iteration=183, ncalls=1792, regioncalls=7680, ndraw=40, logz=-2587.22, remainder_fraction=100.0000%, Lmin=-2567.87, Lmax=-64.13
22:31:53 [ultranest] [DEBUG] iteration=186, ncalls=1795, regioncalls=7800, ndraw=40, logz=-2550.15, remainder_fraction=100.0000%, Lmin=-2525.39, Lmax=-64.13
22:31:53 [ultranest] [DEBUG] iteration=188, ncalls=1797, regioncalls=7880, ndraw=40, logz=-2529.87, remainder_fraction=100.0000%, Lmin=-2492.06, Lmax=-64.13
22:31:53 [ultranest] [DEBUG] iteration=190, ncalls=1799, regioncalls=7960, ndraw=40, logz=-2496.11, remainder_fraction=100.0000%, Lmin=-2474.25, Lmax=-64.13
22:31:54 [ultranest] [DEBUG] iteration=191, ncalls=1800, regioncalls=8000, ndraw=40, logz=-2481.75, remainder_fraction=100.0000%, Lmin=-2471.43, Lmax=-64.13
22:31:54 [ultranest] [DEBUG] iteration=194, ncalls=1803, regioncalls=8120, ndraw=40, logz=-2473.93, remainder_fraction=100.0000%, Lmin=-2466.15, Lmax=-64.13
22:31:54 [ultranest] [DEBUG] iteration=197, ncalls=1806, regioncalls=8240, ndraw=40, logz=-2462.83, remainder_fraction=100.0000%, Lmin=-2452.14, Lmax=-64.13
22:31:54 [ultranest] [DEBUG] iteration=201, ncalls=1811, regioncalls=8440, ndraw=40, logz=-2440.05, remainder_fraction=100.0000%, Lmin=-2431.53, Lmax=-64.13
22:31:54 [ultranest] [DEBUG] iteration=204, ncalls=1814, regioncalls=8560, ndraw=40, logz=-2430.46, remainder_fraction=100.0000%, Lmin=-2406.51, Lmax=-64.13
22:31:54 [ultranest] [DEBUG] iteration=206, ncalls=1816, regioncalls=8640, ndraw=40, logz=-2408.62, remainder_fraction=100.0000%, Lmin=-2391.37, Lmax=-64.13
22:31:54 [ultranest] [DEBUG] iteration=208, ncalls=1818, regioncalls=8720, ndraw=40, logz=-2388.84, remainder_fraction=100.0000%, Lmin=-2378.39, Lmax=-64.13
22:31:55 [ultranest] [DEBUG] iteration=210, ncalls=1820, regioncalls=8800, ndraw=40, logz=-2375.50, remainder_fraction=100.0000%, Lmin=-2358.09, Lmax=-64.13
22:31:55 [ultranest] [DEBUG] iteration=211, ncalls=1822, regioncalls=8880, ndraw=40, logz=-2365.60, remainder_fraction=100.0000%, Lmin=-2352.92, Lmax=-64.13
22:31:55 [ultranest] [DEBUG] iteration=213, ncalls=1824, regioncalls=8960, ndraw=40, logz=-2353.36, remainder_fraction=100.0000%, Lmin=-2337.03, Lmax=-64.13
22:31:55 [ultranest] [DEBUG] iteration=214, ncalls=1825, regioncalls=9000, ndraw=40, logz=-2344.54, remainder_fraction=100.0000%, Lmin=-2334.98, Lmax=-64.13
22:31:55 [ultranest] [DEBUG] iteration=216, ncalls=1828, regioncalls=9120, ndraw=40, logz=-2327.49, remainder_fraction=100.0000%, Lmin=-2318.99, Lmax=-64.13
22:31:55 [ultranest] [DEBUG] iteration=218, ncalls=1830, regioncalls=9200, ndraw=40, logz=-2325.03, remainder_fraction=100.0000%, Lmin=-2315.31, Lmax=-64.13
22:31:56 [ultranest] [DEBUG] iteration=220, ncalls=1832, regioncalls=9280, ndraw=40, logz=-2321.43, remainder_fraction=100.0000%, Lmin=-2311.18, Lmax=-64.13
22:31:56 [ultranest] [DEBUG] iteration=222, ncalls=1834, regioncalls=9360, ndraw=40, logz=-2300.18, remainder_fraction=100.0000%, Lmin=-2288.89, Lmax=-64.13
22:31:56 [ultranest] [DEBUG] iteration=223, ncalls=1836, regioncalls=9440, ndraw=40, logz=-2296.38, remainder_fraction=100.0000%, Lmin=-2283.68, Lmax=-64.13
22:31:56 [ultranest] [DEBUG] iteration=225, ncalls=1838, regioncalls=9520, ndraw=40, logz=-2284.69, remainder_fraction=100.0000%, Lmin=-2268.20, Lmax=-64.13
22:31:56 [ultranest] [DEBUG] iteration=226, ncalls=1840, regioncalls=9600, ndraw=40, logz=-2275.72, remainder_fraction=100.0000%, Lmin=-2267.13, Lmax=-64.13
22:31:56 [ultranest] [DEBUG] iteration=228, ncalls=1842, regioncalls=9680, ndraw=40, logz=-2271.37, remainder_fraction=100.0000%, Lmin=-2259.92, Lmax=-64.13
22:31:57 [ultranest] [DEBUG] iteration=230, ncalls=1844, regioncalls=9760, ndraw=40, logz=-2256.15, remainder_fraction=100.0000%, Lmin=-2239.80, Lmax=-64.13
22:31:57 [ultranest] [DEBUG] iteration=232, ncalls=1846, regioncalls=9840, ndraw=40, logz=-2242.57, remainder_fraction=100.0000%, Lmin=-2230.97, Lmax=-64.13
22:31:57 [ultranest] [DEBUG] iteration=234, ncalls=1849, regioncalls=9960, ndraw=40, logz=-2229.77, remainder_fraction=100.0000%, Lmin=-2212.84, Lmax=-64.13
22:31:57 [ultranest] [DEBUG] iteration=236, ncalls=1851, regioncalls=10040, ndraw=40, logz=-2219.54, remainder_fraction=100.0000%, Lmin=-2211.27, Lmax=-64.13
22:31:57 [ultranest] [DEBUG] iteration=237, ncalls=1852, regioncalls=10080, ndraw=40, logz=-2218.41, remainder_fraction=100.0000%, Lmin=-2202.97, Lmax=-64.13
22:31:57 [ultranest] [DEBUG] iteration=239, ncalls=1854, regioncalls=10160, ndraw=40, logz=-2206.39, remainder_fraction=100.0000%, Lmin=-2195.62, Lmax=-64.13
22:31:57 [ultranest] [DEBUG] iteration=241, ncalls=1856, regioncalls=10240, ndraw=40, logz=-2199.56, remainder_fraction=100.0000%, Lmin=-2191.43, Lmax=-64.13
22:31:58 [ultranest] [DEBUG] iteration=243, ncalls=1858, regioncalls=10320, ndraw=40, logz=-2197.15, remainder_fraction=100.0000%, Lmin=-2187.27, Lmax=-64.13
22:31:58 [ultranest] [DEBUG] iteration=245, ncalls=1861, regioncalls=10440, ndraw=40, logz=-2193.92, remainder_fraction=100.0000%, Lmin=-2179.48, Lmax=-64.13
22:31:58 [ultranest] [DEBUG] iteration=246, ncalls=1863, regioncalls=10520, ndraw=40, logz=-2187.01, remainder_fraction=100.0000%, Lmin=-2176.17, Lmax=-64.13
22:31:58 [ultranest] [DEBUG] iteration=248, ncalls=1865, regioncalls=10600, ndraw=40, logz=-2182.90, remainder_fraction=100.0000%, Lmin=-2170.05, Lmax=-64.13
22:31:58 [ultranest] [DEBUG] iteration=250, ncalls=1868, regioncalls=10720, ndraw=40, logz=-2175.37, remainder_fraction=100.0000%, Lmin=-2165.88, Lmax=-64.13
22:31:59 [ultranest] [DEBUG] iteration=252, ncalls=1870, regioncalls=10800, ndraw=40, logz=-2169.45, remainder_fraction=100.0000%, Lmin=-2147.63, Lmax=-64.13
22:31:59 [ultranest] [DEBUG] iteration=253, ncalls=1871, regioncalls=10840, ndraw=40, logz=-2155.16, remainder_fraction=100.0000%, Lmin=-2132.37, Lmax=-64.13
22:31:59 [ultranest] [DEBUG] iteration=254, ncalls=1873, regioncalls=10920, ndraw=40, logz=-2139.91, remainder_fraction=100.0000%, Lmin=-2131.91, Lmax=-64.13
22:31:59 [ultranest] [DEBUG] iteration=256, ncalls=1875, regioncalls=11000, ndraw=40, logz=-2128.89, remainder_fraction=100.0000%, Lmin=-2112.70, Lmax=-64.13
22:31:59 [ultranest] [DEBUG] iteration=257, ncalls=1877, regioncalls=11080, ndraw=40, logz=-2120.23, remainder_fraction=100.0000%, Lmin=-2106.29, Lmax=-64.13
22:31:59 [ultranest] [DEBUG] iteration=259, ncalls=1879, regioncalls=11160, ndraw=40, logz=-2112.53, remainder_fraction=100.0000%, Lmin=-2105.19, Lmax=-64.13
22:31:59 [ultranest] [DEBUG] iteration=260, ncalls=1880, regioncalls=11200, ndraw=40, logz=-2111.93, remainder_fraction=100.0000%, Lmin=-2097.44, Lmax=-64.13
22:32:00 [ultranest] [DEBUG] iteration=262, ncalls=1883, regioncalls=11320, ndraw=40, logz=-2104.14, remainder_fraction=100.0000%, Lmin=-2094.73, Lmax=-64.13
22:32:00 [ultranest] [DEBUG] iteration=264, ncalls=1885, regioncalls=11400, ndraw=40, logz=-2100.98, remainder_fraction=100.0000%, Lmin=-2093.34, Lmax=-64.13
22:32:00 [ultranest] [DEBUG] iteration=266, ncalls=1887, regioncalls=11480, ndraw=40, logz=-2091.13, remainder_fraction=100.0000%, Lmin=-2083.53, Lmax=-64.13
22:32:00 [ultranest] [DEBUG] iteration=268, ncalls=1891, regioncalls=11640, ndraw=40, logz=-2086.96, remainder_fraction=100.0000%, Lmin=-2078.87, Lmax=-64.13
22:32:00 [ultranest] [DEBUG] iteration=269, ncalls=1892, regioncalls=11680, ndraw=40, logz=-2085.96, remainder_fraction=100.0000%, Lmin=-2077.27, Lmax=-64.13
22:32:01 [ultranest] [DEBUG] iteration=271, ncalls=1894, regioncalls=11760, ndraw=40, logz=-2072.28, remainder_fraction=100.0000%, Lmin=-2058.46, Lmax=-64.13
22:32:01 [ultranest] [DEBUG] iteration=272, ncalls=1895, regioncalls=11800, ndraw=40, logz=-2066.00, remainder_fraction=100.0000%, Lmin=-2054.63, Lmax=-64.13
22:32:01 [ultranest] [DEBUG] iteration=274, ncalls=1897, regioncalls=11880, ndraw=40, logz=-2060.78, remainder_fraction=100.0000%, Lmin=-2050.29, Lmax=-64.13
22:32:01 [ultranest] [DEBUG] iteration=275, ncalls=1898, regioncalls=11920, ndraw=40, logz=-2057.78, remainder_fraction=100.0000%, Lmin=-2049.85, Lmax=-64.13
22:32:01 [ultranest] [DEBUG] iteration=277, ncalls=1901, regioncalls=12040, ndraw=40, logz=-2054.59, remainder_fraction=100.0000%, Lmin=-2032.79, Lmax=-64.13
22:32:02 [ultranest] [DEBUG] iteration=279, ncalls=1903, regioncalls=12120, ndraw=40, logz=-2026.17, remainder_fraction=100.0000%, Lmin=-2018.36, Lmax=-64.13
22:32:02 [ultranest] [DEBUG] iteration=280, ncalls=1904, regioncalls=12160, ndraw=40, logz=-2025.34, remainder_fraction=100.0000%, Lmin=-2017.64, Lmax=-64.13
22:32:02 [ultranest] [DEBUG] iteration=281, ncalls=1906, regioncalls=12240, ndraw=40, logz=-2024.57, remainder_fraction=100.0000%, Lmin=-2014.98, Lmax=-64.13
22:32:02 [ultranest] [DEBUG] iteration=282, ncalls=1907, regioncalls=12280, ndraw=40, logz=-2022.41, remainder_fraction=100.0000%, Lmin=-2010.81, Lmax=-64.13
22:32:02 [ultranest] [DEBUG] iteration=284, ncalls=1909, regioncalls=12360, ndraw=40, logz=-2016.62, remainder_fraction=100.0000%, Lmin=-1999.61, Lmax=-64.13
22:32:03 [ultranest] [DEBUG] iteration=285, ncalls=1914, regioncalls=12560, ndraw=40, logz=-2007.17, remainder_fraction=100.0000%, Lmin=-1997.95, Lmax=-64.13
22:32:03 [ultranest] [DEBUG] iteration=287, ncalls=1916, regioncalls=12640, ndraw=40, logz=-1996.67, remainder_fraction=100.0000%, Lmin=-1987.43, Lmax=-64.13
22:32:03 [ultranest] [DEBUG] iteration=289, ncalls=1919, regioncalls=12760, ndraw=40, logz=-1991.28, remainder_fraction=100.0000%, Lmin=-1980.49, Lmax=-64.13
22:32:03 [ultranest] [DEBUG] iteration=291, ncalls=1922, regioncalls=12880, ndraw=40, logz=-1986.09, remainder_fraction=100.0000%, Lmin=-1975.75, Lmax=-64.13
22:32:03 [ultranest] [DEBUG] iteration=293, ncalls=1924, regioncalls=12960, ndraw=40, logz=-1982.33, remainder_fraction=100.0000%, Lmin=-1961.04, Lmax=-64.13
22:32:03 [ultranest] [DEBUG] iteration=294, ncalls=1926, regioncalls=13040, ndraw=40, logz=-1968.60, remainder_fraction=100.0000%, Lmin=-1960.68, Lmax=-64.13
22:32:04 [ultranest] [DEBUG] iteration=296, ncalls=1928, regioncalls=13120, ndraw=40, logz=-1966.79, remainder_fraction=100.0000%, Lmin=-1957.55, Lmax=-64.13
22:32:04 [ultranest] [DEBUG] iteration=297, ncalls=1929, regioncalls=13160, ndraw=40, logz=-1964.95, remainder_fraction=100.0000%, Lmin=-1955.12, Lmax=-64.13
22:32:04 [ultranest] [DEBUG] iteration=300, ncalls=1933, regioncalls=13320, ndraw=40, logz=-1958.39, remainder_fraction=100.0000%, Lmin=-1946.59, Lmax=-64.13
22:32:04 [ultranest] [DEBUG] iteration=302, ncalls=1935, regioncalls=13400, ndraw=40, logz=-1952.79, remainder_fraction=100.0000%, Lmin=-1942.69, Lmax=-64.13
22:32:04 [ultranest] [DEBUG] iteration=304, ncalls=1937, regioncalls=13480, ndraw=40, logz=-1949.20, remainder_fraction=100.0000%, Lmin=-1941.62, Lmax=-64.13
22:32:04 [ultranest] [DEBUG] iteration=306, ncalls=1939, regioncalls=13560, ndraw=40, logz=-1942.39, remainder_fraction=100.0000%, Lmin=-1932.63, Lmax=-64.13
22:32:05 [ultranest] [DEBUG] iteration=308, ncalls=1941, regioncalls=13640, ndraw=40, logz=-1939.23, remainder_fraction=100.0000%, Lmin=-1930.57, Lmax=-64.13
22:32:05 [ultranest] [DEBUG] iteration=311, ncalls=1944, regioncalls=13760, ndraw=40, logz=-1934.52, remainder_fraction=100.0000%, Lmin=-1926.70, Lmax=-64.13
22:32:05 [ultranest] [DEBUG] iteration=315, ncalls=1948, regioncalls=13920, ndraw=40, logz=-1929.71, remainder_fraction=100.0000%, Lmin=-1922.60, Lmax=-64.13
22:32:05 [ultranest] [DEBUG] iteration=318, ncalls=1951, regioncalls=14040, ndraw=40, logz=-1925.96, remainder_fraction=100.0000%, Lmin=-1914.93, Lmax=-64.13
22:32:05 [ultranest] [DEBUG] iteration=320, ncalls=1953, regioncalls=14120, ndraw=40, logz=-1920.19, remainder_fraction=100.0000%, Lmin=-1908.21, Lmax=-64.13
22:32:05 [ultranest] [DEBUG] iteration=322, ncalls=1955, regioncalls=14200, ndraw=40, logz=-1912.38, remainder_fraction=100.0000%, Lmin=-1896.14, Lmax=-64.13
22:32:05 [ultranest] [DEBUG] iteration=325, ncalls=1958, regioncalls=14320, ndraw=40, logz=-1897.11, remainder_fraction=100.0000%, Lmin=-1887.80, Lmax=-64.13
22:32:05 [ultranest] [DEBUG] iteration=327, ncalls=1960, regioncalls=14400, ndraw=40, logz=-1891.49, remainder_fraction=100.0000%, Lmin=-1883.76, Lmax=-64.13
22:32:06 [ultranest] [DEBUG] iteration=330, ncalls=1964, regioncalls=14560, ndraw=40, logz=-1886.19, remainder_fraction=100.0000%, Lmin=-1877.49, Lmax=-64.13
22:32:06 [ultranest] [DEBUG] iteration=333, ncalls=1968, regioncalls=14720, ndraw=40, logz=-1877.11, remainder_fraction=100.0000%, Lmin=-1866.71, Lmax=-64.13
22:32:06 [ultranest] [DEBUG] iteration=337, ncalls=1972, regioncalls=14880, ndraw=40, logz=-1870.16, remainder_fraction=100.0000%, Lmin=-1856.72, Lmax=-64.13
22:32:06 [ultranest] [DEBUG] iteration=340, ncalls=1978, regioncalls=15120, ndraw=40, logz=-1841.15, remainder_fraction=100.0000%, Lmin=-1833.51, Lmax=-64.13
22:32:06 [ultranest] [DEBUG] iteration=344, ncalls=1982, regioncalls=15280, ndraw=40, logz=-1836.03, remainder_fraction=100.0000%, Lmin=-1823.48, Lmax=-64.13
22:32:07 [ultranest] [DEBUG] iteration=348, ncalls=1987, regioncalls=15480, ndraw=40, logz=-1823.95, remainder_fraction=100.0000%, Lmin=-1813.69, Lmax=-64.13
22:32:07 [ultranest] [DEBUG] iteration=350, ncalls=1990, regioncalls=15600, ndraw=40, logz=-1818.13, remainder_fraction=100.0000%, Lmin=-1806.33, Lmax=-64.13
22:32:07 [ultranest] [DEBUG] iteration=352, ncalls=1993, regioncalls=15720, ndraw=40, logz=-1812.38, remainder_fraction=100.0000%, Lmin=-1802.50, Lmax=-64.13
22:32:07 [ultranest] [DEBUG] iteration=354, ncalls=1995, regioncalls=15800, ndraw=40, logz=-1809.05, remainder_fraction=100.0000%, Lmin=-1796.49, Lmax=-64.13
22:32:07 [ultranest] [DEBUG] iteration=356, ncalls=1997, regioncalls=15880, ndraw=40, logz=-1799.30, remainder_fraction=100.0000%, Lmin=-1789.19, Lmax=-64.13
22:32:08 [ultranest] [DEBUG] iteration=358, ncalls=1999, regioncalls=15960, ndraw=40, logz=-1790.77, remainder_fraction=100.0000%, Lmin=-1780.47, Lmax=-64.13
22:32:08 [ultranest] [DEBUG] iteration=359, ncalls=2001, regioncalls=16040, ndraw=40, logz=-1788.01, remainder_fraction=100.0000%, Lmin=-1778.43, Lmax=-64.13
22:32:08 [ultranest] [DEBUG] iteration=361, ncalls=2004, regioncalls=16160, ndraw=40, logz=-1778.76, remainder_fraction=100.0000%, Lmin=-1767.91, Lmax=-64.13
22:32:08 [ultranest] [DEBUG] iteration=364, ncalls=2007, regioncalls=16280, ndraw=40, logz=-1771.05, remainder_fraction=100.0000%, Lmin=-1761.80, Lmax=-64.13
22:32:09 [ultranest] [DEBUG] iteration=367, ncalls=2014, regioncalls=16560, ndraw=40, logz=-1766.58, remainder_fraction=100.0000%, Lmin=-1759.18, Lmax=-64.13
22:32:09 [ultranest] [DEBUG] iteration=370, ncalls=2018, regioncalls=16720, ndraw=40, logz=-1762.08, remainder_fraction=100.0000%, Lmin=-1751.72, Lmax=-64.13
22:32:09 [ultranest] [DEBUG] iteration=371, ncalls=2020, regioncalls=16800, ndraw=40, logz=-1759.26, remainder_fraction=100.0000%, Lmin=-1748.30, Lmax=-64.13
22:32:09 [ultranest] [DEBUG] iteration=373, ncalls=2022, regioncalls=16880, ndraw=40, logz=-1754.92, remainder_fraction=100.0000%, Lmin=-1744.98, Lmax=-64.13
22:32:09 [ultranest] [DEBUG] iteration=378, ncalls=2030, regioncalls=17200, ndraw=40, logz=-1749.73, remainder_fraction=100.0000%, Lmin=-1742.20, Lmax=-64.13
22:32:09 [ultranest] [DEBUG] iteration=382, ncalls=2034, regioncalls=17360, ndraw=40, logz=-1744.95, remainder_fraction=100.0000%, Lmin=-1729.46, Lmax=-64.13
22:32:09 [ultranest] [DEBUG] iteration=385, ncalls=2038, regioncalls=17520, ndraw=40, logz=-1731.91, remainder_fraction=100.0000%, Lmin=-1724.16, Lmax=-64.13
22:32:09 [ultranest] [DEBUG] iteration=387, ncalls=2040, regioncalls=17600, ndraw=40, logz=-1730.69, remainder_fraction=100.0000%, Lmin=-1723.05, Lmax=-64.13
22:32:10 [ultranest] [DEBUG] iteration=390, ncalls=2044, regioncalls=17760, ndraw=40, logz=-1722.77, remainder_fraction=100.0000%, Lmin=-1714.73, Lmax=-64.13
22:32:10 [ultranest] [DEBUG] iteration=392, ncalls=2046, regioncalls=17840, ndraw=40, logz=-1719.52, remainder_fraction=100.0000%, Lmin=-1708.11, Lmax=-64.13
22:32:10 [ultranest] [DEBUG] iteration=397, ncalls=2051, regioncalls=18040, ndraw=40, logz=-1707.73, remainder_fraction=100.0000%, Lmin=-1698.30, Lmax=-64.13
22:32:10 [ultranest] [DEBUG] iteration=400, ncalls=2054, regioncalls=18160, ndraw=40, logz=-1702.93, remainder_fraction=100.0000%, Lmin=-1695.05, Lmax=-64.13
22:32:10 [ultranest] [DEBUG] iteration=403, ncalls=2058, regioncalls=18320, ndraw=40, logz=-1698.88, remainder_fraction=100.0000%, Lmin=-1691.18, Lmax=-64.13
22:32:10 [ultranest] [DEBUG] iteration=406, ncalls=2061, regioncalls=18440, ndraw=40, logz=-1696.18, remainder_fraction=100.0000%, Lmin=-1688.17, Lmax=-64.13
22:32:10 [ultranest] [DEBUG] iteration=409, ncalls=2064, regioncalls=18560, ndraw=40, logz=-1691.06, remainder_fraction=100.0000%, Lmin=-1683.17, Lmax=-64.13
22:32:10 [ultranest] [DEBUG] iteration=413, ncalls=2068, regioncalls=18720, ndraw=40, logz=-1686.16, remainder_fraction=100.0000%, Lmin=-1678.36, Lmax=-64.13
22:32:11 [ultranest] [DEBUG] iteration=414, ncalls=2070, regioncalls=18800, ndraw=40, logz=-1685.38, remainder_fraction=100.0000%, Lmin=-1674.84, Lmax=-64.13
22:32:11 [ultranest] [DEBUG] iteration=416, ncalls=2072, regioncalls=18880, ndraw=40, logz=-1679.20, remainder_fraction=100.0000%, Lmin=-1671.32, Lmax=-64.13
22:32:11 [ultranest] [DEBUG] iteration=419, ncalls=2075, regioncalls=19000, ndraw=40, logz=-1674.98, remainder_fraction=100.0000%, Lmin=-1658.52, Lmax=-64.13
22:32:11 [ultranest] [DEBUG] iteration=422, ncalls=2079, regioncalls=19160, ndraw=40, logz=-1660.86, remainder_fraction=100.0000%, Lmin=-1652.61, Lmax=-64.13
22:32:11 [ultranest] [DEBUG] iteration=425, ncalls=2083, regioncalls=19320, ndraw=40, logz=-1657.87, remainder_fraction=100.0000%, Lmin=-1649.96, Lmax=-64.13
22:32:11 [ultranest] [DEBUG] iteration=428, ncalls=2086, regioncalls=19440, ndraw=40, logz=-1651.60, remainder_fraction=100.0000%, Lmin=-1642.64, Lmax=-64.13
22:32:11 [ultranest] [DEBUG] iteration=430, ncalls=2090, regioncalls=19600, ndraw=40, logz=-1647.40, remainder_fraction=100.0000%, Lmin=-1639.39, Lmax=-64.13
22:32:11 [ultranest] [DEBUG] iteration=432, ncalls=2093, regioncalls=19720, ndraw=40, logz=-1645.71, remainder_fraction=100.0000%, Lmin=-1637.67, Lmax=-64.13
22:32:12 [ultranest] [DEBUG] iteration=435, ncalls=2097, regioncalls=19880, ndraw=40, logz=-1642.77, remainder_fraction=100.0000%, Lmin=-1632.85, Lmax=-64.13
22:32:12 [ultranest] [DEBUG] iteration=438, ncalls=2101, regioncalls=20040, ndraw=40, logz=-1634.33, remainder_fraction=100.0000%, Lmin=-1625.66, Lmax=-64.13
22:32:12 [ultranest] [DEBUG] iteration=439, ncalls=2103, regioncalls=20120, ndraw=40, logz=-1633.01, remainder_fraction=100.0000%, Lmin=-1623.49, Lmax=-64.13
22:32:12 [ultranest] [DEBUG] iteration=440, ncalls=2105, regioncalls=20200, ndraw=40, logz=-1631.00, remainder_fraction=100.0000%, Lmin=-1623.10, Lmax=-64.13
22:32:12 [ultranest] [DEBUG] iteration=442, ncalls=2108, regioncalls=20320, ndraw=40, logz=-1629.19, remainder_fraction=100.0000%, Lmin=-1620.61, Lmax=-64.13
22:32:12 [ultranest] [DEBUG] iteration=443, ncalls=2109, regioncalls=20360, ndraw=40, logz=-1627.93, remainder_fraction=100.0000%, Lmin=-1620.26, Lmax=-64.13
22:32:13 [ultranest] [DEBUG] iteration=445, ncalls=2111, regioncalls=20440, ndraw=40, logz=-1624.89, remainder_fraction=100.0000%, Lmin=-1617.06, Lmax=-64.13
22:32:13 [ultranest] [DEBUG] iteration=447, ncalls=2113, regioncalls=20520, ndraw=40, logz=-1623.44, remainder_fraction=100.0000%, Lmin=-1615.11, Lmax=-64.13
22:32:13 [ultranest] [DEBUG] iteration=449, ncalls=2116, regioncalls=20640, ndraw=40, logz=-1620.27, remainder_fraction=100.0000%, Lmin=-1610.22, Lmax=-64.13
22:32:13 [ultranest] [DEBUG] iteration=451, ncalls=2118, regioncalls=20720, ndraw=40, logz=-1616.88, remainder_fraction=100.0000%, Lmin=-1609.12, Lmax=-64.13
22:32:14 [ultranest] [DEBUG] iteration=453, ncalls=2120, regioncalls=20800, ndraw=40, logz=-1615.08, remainder_fraction=100.0000%, Lmin=-1604.54, Lmax=-64.13
22:32:14 [ultranest] [DEBUG] iteration=454, ncalls=2121, regioncalls=20840, ndraw=40, logz=-1612.15, remainder_fraction=100.0000%, Lmin=-1604.29, Lmax=-64.13
22:32:14 [ultranest] [DEBUG] iteration=455, ncalls=2123, regioncalls=20920, ndraw=40, logz=-1611.35, remainder_fraction=100.0000%, Lmin=-1601.75, Lmax=-64.13
22:32:14 [ultranest] [DEBUG] iteration=457, ncalls=2125, regioncalls=21000, ndraw=40, logz=-1608.29, remainder_fraction=100.0000%, Lmin=-1599.74, Lmax=-64.13
22:32:14 [ultranest] [DEBUG] iteration=458, ncalls=2126, regioncalls=21040, ndraw=40, logz=-1607.06, remainder_fraction=100.0000%, Lmin=-1597.14, Lmax=-64.13
22:32:14 [ultranest] [DEBUG] iteration=460, ncalls=2128, regioncalls=21120, ndraw=40, logz=-1603.80, remainder_fraction=100.0000%, Lmin=-1593.73, Lmax=-64.13
22:32:14 [ultranest] [DEBUG] iteration=461, ncalls=2129, regioncalls=21160, ndraw=40, logz=-1601.31, remainder_fraction=100.0000%, Lmin=-1593.69, Lmax=-64.13
22:32:15 [ultranest] [DEBUG] iteration=463, ncalls=2132, regioncalls=21280, ndraw=40, logz=-1599.28, remainder_fraction=100.0000%, Lmin=-1590.91, Lmax=-64.13
22:32:15 [ultranest] [DEBUG] iteration=466, ncalls=2137, regioncalls=21480, ndraw=40, logz=-1594.05, remainder_fraction=100.0000%, Lmin=-1582.87, Lmax=-64.13
22:32:15 [ultranest] [DEBUG] iteration=469, ncalls=2141, regioncalls=21640, ndraw=40, logz=-1589.12, remainder_fraction=100.0000%, Lmin=-1579.46, Lmax=-64.13
22:32:15 [ultranest] [DEBUG] iteration=474, ncalls=2146, regioncalls=21840, ndraw=40, logz=-1583.56, remainder_fraction=100.0000%, Lmin=-1575.96, Lmax=-64.13
22:32:15 [ultranest] [DEBUG] iteration=478, ncalls=2152, regioncalls=22080, ndraw=40, logz=-1577.27, remainder_fraction=100.0000%, Lmin=-1569.69, Lmax=-64.13
22:32:15 [ultranest] [DEBUG] iteration=480, ncalls=2156, regioncalls=22240, ndraw=40, logz=-1576.00, remainder_fraction=100.0000%, Lmin=-1567.95, Lmax=-64.13
22:32:15 [ultranest] [DEBUG] iteration=483, ncalls=2160, regioncalls=22400, ndraw=40, logz=-1569.72, remainder_fraction=100.0000%, Lmin=-1560.78, Lmax=-64.13
22:32:15 [ultranest] [DEBUG] iteration=486, ncalls=2164, regioncalls=22560, ndraw=40, logz=-1566.26, remainder_fraction=100.0000%, Lmin=-1558.18, Lmax=-64.13
22:32:15 [ultranest] [DEBUG] iteration=490, ncalls=2168, regioncalls=22720, ndraw=40, logz=-1556.01, remainder_fraction=100.0000%, Lmin=-1545.07, Lmax=-64.13
22:32:16 [ultranest] [DEBUG] iteration=493, ncalls=2171, regioncalls=22840, ndraw=40, logz=-1550.00, remainder_fraction=100.0000%, Lmin=-1541.51, Lmax=-64.13
22:32:16 [ultranest] [DEBUG] iteration=497, ncalls=2176, regioncalls=23040, ndraw=40, logz=-1546.52, remainder_fraction=100.0000%, Lmin=-1538.53, Lmax=-64.13
22:32:16 [ultranest] [DEBUG] iteration=500, ncalls=2179, regioncalls=23160, ndraw=40, logz=-1542.71, remainder_fraction=100.0000%, Lmin=-1531.74, Lmax=-64.13
22:32:16 [ultranest] [DEBUG] iteration=502, ncalls=2183, regioncalls=23320, ndraw=40, logz=-1537.50, remainder_fraction=100.0000%, Lmin=-1529.92, Lmax=-64.13
22:32:16 [ultranest] [DEBUG] iteration=505, ncalls=2188, regioncalls=23520, ndraw=40, logz=-1533.93, remainder_fraction=100.0000%, Lmin=-1525.92, Lmax=-64.13
22:32:16 [ultranest] [DEBUG] iteration=509, ncalls=2192, regioncalls=23680, ndraw=40, logz=-1522.07, remainder_fraction=100.0000%, Lmin=-1514.12, Lmax=-64.13
22:32:16 [ultranest] [DEBUG] iteration=512, ncalls=2196, regioncalls=23840, ndraw=40, logz=-1518.69, remainder_fraction=100.0000%, Lmin=-1510.90, Lmax=-64.13
22:32:16 [ultranest] [DEBUG] iteration=515, ncalls=2200, regioncalls=24000, ndraw=40, logz=-1516.75, remainder_fraction=100.0000%, Lmin=-1507.76, Lmax=-64.13
22:32:17 [ultranest] [DEBUG] iteration=518, ncalls=2203, regioncalls=24120, ndraw=40, logz=-1513.03, remainder_fraction=100.0000%, Lmin=-1503.89, Lmax=-64.13
22:32:17 [ultranest] [DEBUG] iteration=519, ncalls=2204, regioncalls=24160, ndraw=40, logz=-1511.38, remainder_fraction=100.0000%, Lmin=-1502.90, Lmax=-64.13
22:32:17 [ultranest] [DEBUG] iteration=520, ncalls=2206, regioncalls=24240, ndraw=40, logz=-1510.22, remainder_fraction=100.0000%, Lmin=-1501.96, Lmax=-64.13
22:32:17 [ultranest] [DEBUG] iteration=523, ncalls=2210, regioncalls=24400, ndraw=40, logz=-1508.08, remainder_fraction=100.0000%, Lmin=-1500.49, Lmax=-64.13
22:32:17 [ultranest] [DEBUG] iteration=526, ncalls=2216, regioncalls=24640, ndraw=40, logz=-1504.30, remainder_fraction=100.0000%, Lmin=-1495.68, Lmax=-64.13
22:32:17 [ultranest] [DEBUG] iteration=530, ncalls=2221, regioncalls=24840, ndraw=40, logz=-1499.21, remainder_fraction=100.0000%, Lmin=-1488.59, Lmax=-64.13
22:32:17 [ultranest] [DEBUG] iteration=532, ncalls=2224, regioncalls=24960, ndraw=40, logz=-1495.40, remainder_fraction=100.0000%, Lmin=-1485.23, Lmax=-64.13
22:32:17 [ultranest] [DEBUG] iteration=534, ncalls=2229, regioncalls=25160, ndraw=40, logz=-1490.35, remainder_fraction=100.0000%, Lmin=-1479.81, Lmax=-64.13
22:32:18 [ultranest] [DEBUG] iteration=536, ncalls=2232, regioncalls=25280, ndraw=40, logz=-1485.56, remainder_fraction=100.0000%, Lmin=-1473.36, Lmax=-64.13
22:32:18 [ultranest] [DEBUG] iteration=540, ncalls=2236, regioncalls=25440, ndraw=40, logz=-1477.16, remainder_fraction=100.0000%, Lmin=-1469.65, Lmax=-64.13
22:32:18 [ultranest] [DEBUG] iteration=544, ncalls=2241, regioncalls=25640, ndraw=40, logz=-1472.63, remainder_fraction=100.0000%, Lmin=-1465.19, Lmax=-64.13
22:32:18 [ultranest] [DEBUG] iteration=546, ncalls=2244, regioncalls=25760, ndraw=40, logz=-1471.35, remainder_fraction=100.0000%, Lmin=-1461.85, Lmax=-64.13
22:32:18 [ultranest] [DEBUG] iteration=550, ncalls=2250, regioncalls=26000, ndraw=40, logz=-1467.62, remainder_fraction=100.0000%, Lmin=-1459.85, Lmax=-64.13
22:32:18 [ultranest] [DEBUG] iteration=553, ncalls=2253, regioncalls=26120, ndraw=40, logz=-1464.93, remainder_fraction=100.0000%, Lmin=-1457.42, Lmax=-64.13
22:32:18 [ultranest] [DEBUG] iteration=556, ncalls=2258, regioncalls=26320, ndraw=40, logz=-1462.74, remainder_fraction=100.0000%, Lmin=-1454.80, Lmax=-64.13
22:32:18 [ultranest] [DEBUG] iteration=560, ncalls=2262, regioncalls=26480, ndraw=40, logz=-1459.38, remainder_fraction=100.0000%, Lmin=-1451.47, Lmax=-64.13
22:32:19 [ultranest] [DEBUG] iteration=564, ncalls=2267, regioncalls=26680, ndraw=40, logz=-1457.17, remainder_fraction=100.0000%, Lmin=-1449.26, Lmax=-64.13
22:32:19 [ultranest] [DEBUG] iteration=565, ncalls=2268, regioncalls=26720, ndraw=40, logz=-1456.38, remainder_fraction=100.0000%, Lmin=-1449.12, Lmax=-64.13
22:32:19 [ultranest] [DEBUG] iteration=566, ncalls=2271, regioncalls=26840, ndraw=40, logz=-1455.90, remainder_fraction=100.0000%, Lmin=-1448.06, Lmax=-64.13
22:32:19 [ultranest] [DEBUG] iteration=568, ncalls=2273, regioncalls=26920, ndraw=40, logz=-1453.23, remainder_fraction=100.0000%, Lmin=-1444.27, Lmax=-64.13
22:32:19 [ultranest] [DEBUG] iteration=570, ncalls=2276, regioncalls=27040, ndraw=40, logz=-1451.15, remainder_fraction=100.0000%, Lmin=-1443.51, Lmax=-64.13
22:32:19 [ultranest] [DEBUG] iteration=572, ncalls=2280, regioncalls=27200, ndraw=40, logz=-1448.29, remainder_fraction=100.0000%, Lmin=-1439.94, Lmax=-64.13
22:32:19 [ultranest] [DEBUG] iteration=573, ncalls=2281, regioncalls=27240, ndraw=40, logz=-1447.24, remainder_fraction=100.0000%, Lmin=-1439.28, Lmax=-64.13
22:32:20 [ultranest] [DEBUG] iteration=574, ncalls=2282, regioncalls=27280, ndraw=40, logz=-1446.43, remainder_fraction=100.0000%, Lmin=-1439.11, Lmax=-64.13
22:32:20 [ultranest] [DEBUG] iteration=575, ncalls=2284, regioncalls=27360, ndraw=40, logz=-1445.92, remainder_fraction=100.0000%, Lmin=-1437.54, Lmax=-64.13
22:32:20 [ultranest] [DEBUG] iteration=577, ncalls=2287, regioncalls=27480, ndraw=40, logz=-1443.18, remainder_fraction=100.0000%, Lmin=-1434.10, Lmax=-64.13
22:32:20 [ultranest] [DEBUG] iteration=579, ncalls=2289, regioncalls=27560, ndraw=40, logz=-1440.67, remainder_fraction=100.0000%, Lmin=-1433.22, Lmax=-64.13
22:32:20 [ultranest] [DEBUG] iteration=581, ncalls=2291, regioncalls=27640, ndraw=40, logz=-1439.36, remainder_fraction=100.0000%, Lmin=-1429.77, Lmax=-64.13
22:32:20 [ultranest] [DEBUG] iteration=585, ncalls=2295, regioncalls=27800, ndraw=40, logz=-1434.01, remainder_fraction=100.0000%, Lmin=-1424.96, Lmax=-64.13
22:32:21 [ultranest] [DEBUG] iteration=589, ncalls=2300, regioncalls=28000, ndraw=40, logz=-1429.26, remainder_fraction=100.0000%, Lmin=-1420.81, Lmax=-64.13
22:32:21 [ultranest] [DEBUG] iteration=592, ncalls=2304, regioncalls=28160, ndraw=40, logz=-1425.92, remainder_fraction=100.0000%, Lmin=-1416.38, Lmax=-64.13
22:32:21 [ultranest] [DEBUG] iteration=596, ncalls=2308, regioncalls=28320, ndraw=40, logz=-1417.95, remainder_fraction=100.0000%, Lmin=-1410.17, Lmax=-64.13
22:32:21 [ultranest] [DEBUG] iteration=598, ncalls=2313, regioncalls=28520, ndraw=40, logz=-1416.65, remainder_fraction=100.0000%, Lmin=-1408.39, Lmax=-64.13
22:32:21 [ultranest] [DEBUG] iteration=601, ncalls=2319, regioncalls=28760, ndraw=40, logz=-1414.71, remainder_fraction=100.0000%, Lmin=-1407.96, Lmax=-64.13
22:32:21 [ultranest] [DEBUG] iteration=604, ncalls=2323, regioncalls=28920, ndraw=40, logz=-1413.54, remainder_fraction=100.0000%, Lmin=-1406.10, Lmax=-64.13
22:32:21 [ultranest] [DEBUG] iteration=608, ncalls=2327, regioncalls=29080, ndraw=40, logz=-1409.10, remainder_fraction=100.0000%, Lmin=-1401.23, Lmax=-64.13
22:32:22 [ultranest] [DEBUG] iteration=612, ncalls=2332, regioncalls=29280, ndraw=40, logz=-1406.69, remainder_fraction=100.0000%, Lmin=-1400.08, Lmax=-64.13
22:32:22 [ultranest] [DEBUG] iteration=616, ncalls=2337, regioncalls=29480, ndraw=40, logz=-1402.86, remainder_fraction=100.0000%, Lmin=-1393.62, Lmax=-64.13
22:32:22 [ultranest] [DEBUG] iteration=618, ncalls=2340, regioncalls=29600, ndraw=40, logz=-1395.95, remainder_fraction=100.0000%, Lmin=-1387.75, Lmax=-64.13
22:32:22 [ultranest] [DEBUG] iteration=620, ncalls=2342, regioncalls=29680, ndraw=40, logz=-1391.98, remainder_fraction=100.0000%, Lmin=-1383.90, Lmax=-64.13
22:32:22 [ultranest] [DEBUG] iteration=622, ncalls=2347, regioncalls=29880, ndraw=40, logz=-1390.00, remainder_fraction=100.0000%, Lmin=-1382.62, Lmax=-64.13
22:32:23 [ultranest] [DEBUG] iteration=624, ncalls=2350, regioncalls=30000, ndraw=40, logz=-1388.97, remainder_fraction=100.0000%, Lmin=-1381.17, Lmax=-64.13
22:32:23 [ultranest] [DEBUG] iteration=626, ncalls=2352, regioncalls=30080, ndraw=40, logz=-1387.59, remainder_fraction=100.0000%, Lmin=-1380.09, Lmax=-64.13
22:32:23 [ultranest] [DEBUG] iteration=628, ncalls=2355, regioncalls=30200, ndraw=40, logz=-1386.65, remainder_fraction=100.0000%, Lmin=-1379.93, Lmax=-64.13
22:32:23 [ultranest] [DEBUG] iteration=631, ncalls=2358, regioncalls=30320, ndraw=40, logz=-1384.03, remainder_fraction=100.0000%, Lmin=-1376.54, Lmax=-64.13
22:32:23 [ultranest] [DEBUG] iteration=632, ncalls=2359, regioncalls=30360, ndraw=40, logz=-1383.47, remainder_fraction=100.0000%, Lmin=-1375.56, Lmax=-64.13
22:32:23 [ultranest] [DEBUG] iteration=633, ncalls=2361, regioncalls=30440, ndraw=40, logz=-1382.70, remainder_fraction=100.0000%, Lmin=-1375.27, Lmax=-64.13
22:32:24 [ultranest] [DEBUG] iteration=635, ncalls=2365, regioncalls=30600, ndraw=40, logz=-1381.54, remainder_fraction=100.0000%, Lmin=-1374.42, Lmax=-64.13
22:32:24 [ultranest] [DEBUG] iteration=637, ncalls=2368, regioncalls=30720, ndraw=40, logz=-1380.77, remainder_fraction=100.0000%, Lmin=-1374.16, Lmax=-64.13
22:32:24 [ultranest] [DEBUG] iteration=639, ncalls=2370, regioncalls=30800, ndraw=40, logz=-1379.94, remainder_fraction=100.0000%, Lmin=-1372.30, Lmax=-64.13
22:32:24 [ultranest] [DEBUG] iteration=640, ncalls=2372, regioncalls=30880, ndraw=40, logz=-1379.31, remainder_fraction=100.0000%, Lmin=-1372.02, Lmax=-64.13
22:32:24 [ultranest] [DEBUG] iteration=642, ncalls=2374, regioncalls=30960, ndraw=40, logz=-1378.45, remainder_fraction=100.0000%, Lmin=-1371.77, Lmax=-64.13
22:32:24 [ultranest] [DEBUG] iteration=645, ncalls=2378, regioncalls=31120, ndraw=40, logz=-1377.43, remainder_fraction=100.0000%, Lmin=-1369.52, Lmax=-64.13
22:32:25 [ultranest] [DEBUG] iteration=649, ncalls=2384, regioncalls=31360, ndraw=40, logz=-1372.11, remainder_fraction=100.0000%, Lmin=-1363.34, Lmax=-64.13
22:32:25 [ultranest] [DEBUG] iteration=652, ncalls=2390, regioncalls=31600, ndraw=40, logz=-1369.34, remainder_fraction=100.0000%, Lmin=-1359.62, Lmax=-64.13
22:32:25 [ultranest] [DEBUG] iteration=655, ncalls=2393, regioncalls=31720, ndraw=40, logz=-1362.75, remainder_fraction=100.0000%, Lmin=-1354.55, Lmax=-64.13
22:32:25 [ultranest] [DEBUG] iteration=657, ncalls=2397, regioncalls=31880, ndraw=40, logz=-1360.89, remainder_fraction=100.0000%, Lmin=-1353.58, Lmax=-64.13
22:32:25 [ultranest] [DEBUG] iteration=659, ncalls=2400, regioncalls=32000, ndraw=40, logz=-1359.89, remainder_fraction=100.0000%, Lmin=-1351.96, Lmax=-64.13
22:32:25 [ultranest] [DEBUG] iteration=660, ncalls=2404, regioncalls=32160, ndraw=40, logz=-1359.12, remainder_fraction=100.0000%, Lmin=-1351.34, Lmax=-64.13
22:32:25 [ultranest] [DEBUG] iteration=662, ncalls=2409, regioncalls=32360, ndraw=40, logz=-1357.34, remainder_fraction=100.0000%, Lmin=-1348.31, Lmax=-64.13
22:32:25 [ultranest] [DEBUG] iteration=664, ncalls=2412, regioncalls=32480, ndraw=40, logz=-1355.08, remainder_fraction=100.0000%, Lmin=-1347.75, Lmax=-64.13
22:32:26 [ultranest] [DEBUG] iteration=667, ncalls=2417, regioncalls=32680, ndraw=40, logz=-1353.97, remainder_fraction=100.0000%, Lmin=-1346.54, Lmax=-64.13
22:32:26 [ultranest] [DEBUG] iteration=670, ncalls=2421, regioncalls=32840, ndraw=40, logz=-1351.24, remainder_fraction=100.0000%, Lmin=-1343.68, Lmax=-64.13
22:32:26 [ultranest] [DEBUG] iteration=673, ncalls=2424, regioncalls=32960, ndraw=40, logz=-1348.47, remainder_fraction=100.0000%, Lmin=-1341.00, Lmax=-64.13
22:32:26 [ultranest] [DEBUG] iteration=675, ncalls=2427, regioncalls=33080, ndraw=40, logz=-1347.48, remainder_fraction=100.0000%, Lmin=-1339.18, Lmax=-64.13
22:32:26 [ultranest] [DEBUG] iteration=677, ncalls=2429, regioncalls=33160, ndraw=40, logz=-1345.79, remainder_fraction=100.0000%, Lmin=-1336.31, Lmax=-64.13
22:32:26 [ultranest] [DEBUG] iteration=678, ncalls=2430, regioncalls=33200, ndraw=40, logz=-1343.94, remainder_fraction=100.0000%, Lmin=-1334.91, Lmax=-64.13
22:32:27 [ultranest] [DEBUG] iteration=680, ncalls=2436, regioncalls=33440, ndraw=40, logz=-1341.47, remainder_fraction=100.0000%, Lmin=-1332.40, Lmax=-64.13
22:32:27 [ultranest] [DEBUG] iteration=681, ncalls=2438, regioncalls=33520, ndraw=40, logz=-1339.96, remainder_fraction=100.0000%, Lmin=-1331.57, Lmax=-64.13
22:32:27 [ultranest] [DEBUG] iteration=684, ncalls=2442, regioncalls=33680, ndraw=40, logz=-1337.34, remainder_fraction=100.0000%, Lmin=-1329.86, Lmax=-64.13
22:32:27 [ultranest] [DEBUG] iteration=688, ncalls=2449, regioncalls=33960, ndraw=40, logz=-1333.00, remainder_fraction=100.0000%, Lmin=-1325.12, Lmax=-64.13
22:32:27 [ultranest] [DEBUG] iteration=691, ncalls=2453, regioncalls=34120, ndraw=40, logz=-1330.36, remainder_fraction=100.0000%, Lmin=-1321.92, Lmax=-64.13
22:32:27 [ultranest] [DEBUG] iteration=692, ncalls=2454, regioncalls=34160, ndraw=40, logz=-1329.30, remainder_fraction=100.0000%, Lmin=-1321.29, Lmax=-64.13
22:32:27 [ultranest] [DEBUG] iteration=694, ncalls=2456, regioncalls=34240, ndraw=40, logz=-1327.58, remainder_fraction=100.0000%, Lmin=-1319.91, Lmax=-64.13
22:32:28 [ultranest] [DEBUG] iteration=696, ncalls=2460, regioncalls=34400, ndraw=40, logz=-1326.34, remainder_fraction=100.0000%, Lmin=-1318.40, Lmax=-64.13
22:32:28 [ultranest] [DEBUG] iteration=700, ncalls=2466, regioncalls=34640, ndraw=40, logz=-1322.60, remainder_fraction=100.0000%, Lmin=-1314.40, Lmax=-64.13
22:32:28 [ultranest] [DEBUG] iteration=702, ncalls=2469, regioncalls=34760, ndraw=40, logz=-1320.57, remainder_fraction=100.0000%, Lmin=-1312.63, Lmax=-64.13
22:32:28 [ultranest] [DEBUG] iteration=704, ncalls=2474, regioncalls=34960, ndraw=40, logz=-1319.33, remainder_fraction=100.0000%, Lmin=-1311.91, Lmax=-64.13
22:32:28 [ultranest] [DEBUG] iteration=707, ncalls=2478, regioncalls=35120, ndraw=40, logz=-1317.89, remainder_fraction=100.0000%, Lmin=-1308.13, Lmax=-64.13
22:32:29 [ultranest] [DEBUG] iteration=708, ncalls=2480, regioncalls=35200, ndraw=40, logz=-1315.82, remainder_fraction=100.0000%, Lmin=-1307.55, Lmax=-64.13
22:32:29 [ultranest] [DEBUG] iteration=711, ncalls=2487, regioncalls=35480, ndraw=40, logz=-1313.75, remainder_fraction=100.0000%, Lmin=-1306.75, Lmax=-64.13
22:32:29 [ultranest] [DEBUG] iteration=714, ncalls=2490, regioncalls=35600, ndraw=40, logz=-1312.10, remainder_fraction=100.0000%, Lmin=-1304.86, Lmax=-64.13
22:32:29 [ultranest] [DEBUG] iteration=716, ncalls=2494, regioncalls=35760, ndraw=40, logz=-1310.60, remainder_fraction=100.0000%, Lmin=-1303.07, Lmax=-64.13
22:32:30 [ultranest] [DEBUG] iteration=718, ncalls=2500, regioncalls=36000, ndraw=40, logz=-1309.31, remainder_fraction=100.0000%, Lmin=-1301.92, Lmax=-64.13
22:32:30 [ultranest] [DEBUG] iteration=721, ncalls=2504, regioncalls=36160, ndraw=40, logz=-1307.50, remainder_fraction=100.0000%, Lmin=-1299.75, Lmax=-64.13
22:32:30 [ultranest] [DEBUG] iteration=723, ncalls=2506, regioncalls=36240, ndraw=40, logz=-1306.40, remainder_fraction=100.0000%, Lmin=-1298.95, Lmax=-64.13
22:32:30 [ultranest] [DEBUG] iteration=725, ncalls=2508, regioncalls=36320, ndraw=40, logz=-1305.25, remainder_fraction=100.0000%, Lmin=-1298.16, Lmax=-64.13
22:32:30 [ultranest] [DEBUG] iteration=727, ncalls=2511, regioncalls=36440, ndraw=40, logz=-1304.23, remainder_fraction=100.0000%, Lmin=-1296.24, Lmax=-64.13
22:32:30 [ultranest] [DEBUG] iteration=729, ncalls=2515, regioncalls=36600, ndraw=40, logz=-1302.72, remainder_fraction=100.0000%, Lmin=-1293.84, Lmax=-64.13
22:32:31 [ultranest] [DEBUG] iteration=731, ncalls=2519, regioncalls=36760, ndraw=40, logz=-1299.64, remainder_fraction=100.0000%, Lmin=-1289.11, Lmax=-64.13
22:32:31 [ultranest] [DEBUG] iteration=734, ncalls=2523, regioncalls=36920, ndraw=40, logz=-1295.09, remainder_fraction=100.0000%, Lmin=-1287.40, Lmax=-64.13
22:32:31 [ultranest] [DEBUG] iteration=736, ncalls=2526, regioncalls=37040, ndraw=40, logz=-1293.65, remainder_fraction=100.0000%, Lmin=-1286.12, Lmax=-64.13
22:32:31 [ultranest] [DEBUG] iteration=738, ncalls=2530, regioncalls=37200, ndraw=40, logz=-1292.45, remainder_fraction=100.0000%, Lmin=-1283.97, Lmax=-64.13
22:32:31 [ultranest] [DEBUG] iteration=741, ncalls=2539, regioncalls=37560, ndraw=40, logz=-1289.99, remainder_fraction=100.0000%, Lmin=-1282.77, Lmax=-64.13
22:32:31 [ultranest] [DEBUG] iteration=744, ncalls=2544, regioncalls=37760, ndraw=40, logz=-1288.35, remainder_fraction=100.0000%, Lmin=-1280.28, Lmax=-64.13
22:32:31 [ultranest] [DEBUG] iteration=745, ncalls=2547, regioncalls=37880, ndraw=40, logz=-1287.54, remainder_fraction=100.0000%, Lmin=-1279.90, Lmax=-64.13
22:32:32 [ultranest] [DEBUG] iteration=749, ncalls=2551, regioncalls=38040, ndraw=40, logz=-1284.53, remainder_fraction=100.0000%, Lmin=-1276.45, Lmax=-64.13
22:32:32 [ultranest] [DEBUG] iteration=750, ncalls=2553, regioncalls=38120, ndraw=40, logz=-1283.71, remainder_fraction=100.0000%, Lmin=-1275.30, Lmax=-64.13
22:32:32 [ultranest] [DEBUG] iteration=752, ncalls=2557, regioncalls=38280, ndraw=40, logz=-1282.18, remainder_fraction=100.0000%, Lmin=-1274.79, Lmax=-64.13
22:32:32 [ultranest] [DEBUG] iteration=755, ncalls=2560, regioncalls=38400, ndraw=40, logz=-1280.13, remainder_fraction=100.0000%, Lmin=-1272.97, Lmax=-64.13
22:32:32 [ultranest] [DEBUG] iteration=756, ncalls=2562, regioncalls=38480, ndraw=40, logz=-1279.73, remainder_fraction=100.0000%, Lmin=-1272.81, Lmax=-64.13
22:32:32 [ultranest] [DEBUG] iteration=759, ncalls=2565, regioncalls=38600, ndraw=40, logz=-1278.48, remainder_fraction=100.0000%, Lmin=-1271.21, Lmax=-64.13
22:32:33 [ultranest] [DEBUG] iteration=762, ncalls=2570, regioncalls=38800, ndraw=40, logz=-1276.49, remainder_fraction=100.0000%, Lmin=-1268.82, Lmax=-64.13
22:32:33 [ultranest] [DEBUG] iteration=763, ncalls=2572, regioncalls=38880, ndraw=40, logz=-1275.89, remainder_fraction=100.0000%, Lmin=-1268.23, Lmax=-64.13
22:32:33 [ultranest] [DEBUG] iteration=765, ncalls=2575, regioncalls=39000, ndraw=40, logz=-1274.55, remainder_fraction=100.0000%, Lmin=-1267.21, Lmax=-64.13
22:32:33 [ultranest] [DEBUG] iteration=767, ncalls=2581, regioncalls=39240, ndraw=40, logz=-1273.62, remainder_fraction=100.0000%, Lmin=-1266.54, Lmax=-64.13
22:32:33 [ultranest] [DEBUG] iteration=770, ncalls=2586, regioncalls=39440, ndraw=40, logz=-1272.40, remainder_fraction=100.0000%, Lmin=-1265.17, Lmax=-64.13
22:32:33 [ultranest] [DEBUG] iteration=772, ncalls=2589, regioncalls=39560, ndraw=40, logz=-1271.45, remainder_fraction=100.0000%, Lmin=-1263.57, Lmax=-64.13
22:32:33 [ultranest] [DEBUG] iteration=774, ncalls=2592, regioncalls=39680, ndraw=40, logz=-1270.01, remainder_fraction=100.0000%, Lmin=-1262.42, Lmax=-64.13
22:32:34 [ultranest] [DEBUG] iteration=776, ncalls=2595, regioncalls=39800, ndraw=40, logz=-1269.00, remainder_fraction=100.0000%, Lmin=-1260.27, Lmax=-64.13
22:32:34 [ultranest] [DEBUG] iteration=779, ncalls=2598, regioncalls=39920, ndraw=40, logz=-1265.33, remainder_fraction=100.0000%, Lmin=-1257.49, Lmax=-64.13
22:32:34 [ultranest] [DEBUG] iteration=781, ncalls=2600, regioncalls=40000, ndraw=40, logz=-1263.99, remainder_fraction=100.0000%, Lmin=-1256.42, Lmax=-64.13
22:32:34 [ultranest] [DEBUG] iteration=782, ncalls=2601, regioncalls=40040, ndraw=40, logz=-1263.43, remainder_fraction=100.0000%, Lmin=-1254.44, Lmax=-64.13
22:32:35 [ultranest] [DEBUG] iteration=783, ncalls=2602, regioncalls=40080, ndraw=40, logz=-1262.03, remainder_fraction=100.0000%, Lmin=-1253.76, Lmax=-64.13
22:32:35 [ultranest] [DEBUG] iteration=784, ncalls=2606, regioncalls=40240, ndraw=40, logz=-1261.12, remainder_fraction=100.0000%, Lmin=-1253.62, Lmax=-64.13
22:32:35 [ultranest] [DEBUG] iteration=786, ncalls=2608, regioncalls=40320, ndraw=40, logz=-1259.99, remainder_fraction=100.0000%, Lmin=-1252.24, Lmax=-64.13
22:32:35 [ultranest] [DEBUG] iteration=787, ncalls=2610, regioncalls=40400, ndraw=40, logz=-1259.35, remainder_fraction=100.0000%, Lmin=-1252.00, Lmax=-64.13
22:32:35 [ultranest] [DEBUG] iteration=788, ncalls=2612, regioncalls=40480, ndraw=40, logz=-1258.89, remainder_fraction=100.0000%, Lmin=-1251.80, Lmax=-64.13
22:32:35 [ultranest] [DEBUG] iteration=789, ncalls=2613, regioncalls=40520, ndraw=40, logz=-1258.51, remainder_fraction=100.0000%, Lmin=-1251.76, Lmax=-64.13
22:32:36 [ultranest] [DEBUG] iteration=790, ncalls=2615, regioncalls=40600, ndraw=40, logz=-1258.23, remainder_fraction=100.0000%, Lmin=-1251.68, Lmax=-64.13
22:32:36 [ultranest] [DEBUG] iteration=791, ncalls=2617, regioncalls=40680, ndraw=40, logz=-1257.99, remainder_fraction=100.0000%, Lmin=-1251.54, Lmax=-64.13
22:32:36 [ultranest] [DEBUG] iteration=792, ncalls=2619, regioncalls=40760, ndraw=40, logz=-1257.78, remainder_fraction=100.0000%, Lmin=-1251.22, Lmax=-64.13
22:32:36 [ultranest] [DEBUG] iteration=793, ncalls=2621, regioncalls=40840, ndraw=40, logz=-1257.54, remainder_fraction=100.0000%, Lmin=-1248.37, Lmax=-64.13
22:32:37 [ultranest] [DEBUG] iteration=795, ncalls=2623, regioncalls=40920, ndraw=40, logz=-1254.76, remainder_fraction=100.0000%, Lmin=-1246.00, Lmax=-64.13
22:32:37 [ultranest] [DEBUG] iteration=797, ncalls=2627, regioncalls=41080, ndraw=40, logz=-1252.69, remainder_fraction=100.0000%, Lmin=-1245.03, Lmax=-64.13
22:32:37 [ultranest] [DEBUG] iteration=798, ncalls=2628, regioncalls=41120, ndraw=40, logz=-1252.10, remainder_fraction=100.0000%, Lmin=-1244.95, Lmax=-64.13
22:32:37 [ultranest] [DEBUG] iteration=799, ncalls=2629, regioncalls=41160, ndraw=40, logz=-1251.70, remainder_fraction=100.0000%, Lmin=-1244.25, Lmax=-64.13
22:32:37 [ultranest] [DEBUG] iteration=800, ncalls=2630, regioncalls=41200, ndraw=40, logz=-1251.20, remainder_fraction=100.0000%, Lmin=-1242.92, Lmax=-64.13
22:32:37 [ultranest] [DEBUG] iteration=801, ncalls=2632, regioncalls=41280, ndraw=40, logz=-1250.29, remainder_fraction=100.0000%, Lmin=-1242.85, Lmax=-64.13
22:32:38 [ultranest] [DEBUG] iteration=802, ncalls=2634, regioncalls=41360, ndraw=40, logz=-1249.79, remainder_fraction=100.0000%, Lmin=-1241.59, Lmax=-64.13
22:32:38 [ultranest] [DEBUG] iteration=805, ncalls=2638, regioncalls=41520, ndraw=40, logz=-1247.24, remainder_fraction=100.0000%, Lmin=-1240.12, Lmax=-64.13
22:32:38 [ultranest] [DEBUG] iteration=808, ncalls=2642, regioncalls=41680, ndraw=40, logz=-1246.11, remainder_fraction=100.0000%, Lmin=-1238.13, Lmax=-64.13
22:32:38 [ultranest] [DEBUG] iteration=811, ncalls=2645, regioncalls=41800, ndraw=40, logz=-1243.71, remainder_fraction=100.0000%, Lmin=-1236.28, Lmax=-64.13
22:32:38 [ultranest] [DEBUG] iteration=815, ncalls=2651, regioncalls=42040, ndraw=40, logz=-1240.62, remainder_fraction=100.0000%, Lmin=-1232.90, Lmax=-64.13
22:32:38 [ultranest] [DEBUG] iteration=816, ncalls=2655, regioncalls=42200, ndraw=40, logz=-1240.01, remainder_fraction=100.0000%, Lmin=-1232.84, Lmax=-64.13
22:32:39 [ultranest] [DEBUG] iteration=818, ncalls=2667, regioncalls=42680, ndraw=40, logz=-1239.23, remainder_fraction=100.0000%, Lmin=-1231.96, Lmax=-64.13
22:32:39 [ultranest] [DEBUG] iteration=821, ncalls=2670, regioncalls=42800, ndraw=40, logz=-1237.85, remainder_fraction=100.0000%, Lmin=-1229.92, Lmax=-64.13
22:32:39 [ultranest] [DEBUG] iteration=825, ncalls=2674, regioncalls=42960, ndraw=40, logz=-1235.15, remainder_fraction=100.0000%, Lmin=-1227.98, Lmax=-64.13
22:32:39 [ultranest] [DEBUG] iteration=828, ncalls=2677, regioncalls=43080, ndraw=40, logz=-1234.13, remainder_fraction=100.0000%, Lmin=-1227.34, Lmax=-64.13
22:32:39 [ultranest] [DEBUG] iteration=830, ncalls=2680, regioncalls=43200, ndraw=40, logz=-1233.51, remainder_fraction=100.0000%, Lmin=-1225.74, Lmax=-64.13
22:32:39 [ultranest] [DEBUG] iteration=831, ncalls=2682, regioncalls=43280, ndraw=40, logz=-1232.88, remainder_fraction=100.0000%, Lmin=-1225.70, Lmax=-64.13
22:32:39 [ultranest] [DEBUG] iteration=832, ncalls=2685, regioncalls=43400, ndraw=40, logz=-1232.48, remainder_fraction=100.0000%, Lmin=-1224.68, Lmax=-64.13
22:32:39 [ultranest] [DEBUG] iteration=833, ncalls=2688, regioncalls=43520, ndraw=40, logz=-1231.84, remainder_fraction=100.0000%, Lmin=-1224.45, Lmax=-64.13
22:32:40 [ultranest] [DEBUG] iteration=834, ncalls=2691, regioncalls=43640, ndraw=40, logz=-1231.37, remainder_fraction=100.0000%, Lmin=-1224.38, Lmax=-64.13
22:32:40 [ultranest] [DEBUG] iteration=837, ncalls=2695, regioncalls=43800, ndraw=40, logz=-1230.38, remainder_fraction=100.0000%, Lmin=-1223.53, Lmax=-64.13
22:32:40 [ultranest] [DEBUG] iteration=839, ncalls=2699, regioncalls=43960, ndraw=40, logz=-1229.77, remainder_fraction=100.0000%, Lmin=-1223.14, Lmax=-64.13
22:32:40 [ultranest] [DEBUG] iteration=840, ncalls=2701, regioncalls=44040, ndraw=40, logz=-1229.53, remainder_fraction=100.0000%, Lmin=-1223.04, Lmax=-64.13
22:32:40 [ultranest] [DEBUG] iteration=841, ncalls=2702, regioncalls=44080, ndraw=40, logz=-1229.31, remainder_fraction=100.0000%, Lmin=-1222.45, Lmax=-64.13
22:32:40 [ultranest] [DEBUG] iteration=844, ncalls=2706, regioncalls=44240, ndraw=40, logz=-1228.45, remainder_fraction=100.0000%, Lmin=-1221.43, Lmax=-64.13
22:32:41 [ultranest] [DEBUG] iteration=846, ncalls=2709, regioncalls=44360, ndraw=40, logz=-1226.97, remainder_fraction=100.0000%, Lmin=-1217.97, Lmax=-64.13
22:32:41 [ultranest] [DEBUG] iteration=847, ncalls=2716, regioncalls=44640, ndraw=40, logz=-1225.59, remainder_fraction=100.0000%, Lmin=-1217.81, Lmax=-64.13
22:32:41 [ultranest] [DEBUG] iteration=848, ncalls=2717, regioncalls=44680, ndraw=40, logz=-1224.96, remainder_fraction=100.0000%, Lmin=-1217.72, Lmax=-64.13
22:32:41 [ultranest] [DEBUG] iteration=849, ncalls=2720, regioncalls=44800, ndraw=40, logz=-1224.54, remainder_fraction=100.0000%, Lmin=-1216.99, Lmax=-64.13
22:32:42 [ultranest] [DEBUG] iteration=851, ncalls=2722, regioncalls=44880, ndraw=40, logz=-1223.57, remainder_fraction=100.0000%, Lmin=-1214.15, Lmax=-64.13
22:32:42 [ultranest] [DEBUG] iteration=853, ncalls=2724, regioncalls=44960, ndraw=40, logz=-1220.78, remainder_fraction=100.0000%, Lmin=-1212.33, Lmax=-64.13
22:32:42 [ultranest] [DEBUG] iteration=854, ncalls=2728, regioncalls=45120, ndraw=40, logz=-1219.78, remainder_fraction=100.0000%, Lmin=-1211.71, Lmax=-64.13
22:32:42 [ultranest] [DEBUG] iteration=855, ncalls=2729, regioncalls=45160, ndraw=40, logz=-1219.00, remainder_fraction=100.0000%, Lmin=-1211.54, Lmax=-64.13
22:32:42 [ultranest] [DEBUG] iteration=856, ncalls=2734, regioncalls=45360, ndraw=40, logz=-1218.51, remainder_fraction=100.0000%, Lmin=-1211.39, Lmax=-64.13
22:32:42 [ultranest] [DEBUG] iteration=858, ncalls=2736, regioncalls=45440, ndraw=40, logz=-1217.54, remainder_fraction=100.0000%, Lmin=-1210.21, Lmax=-64.13
22:32:43 [ultranest] [DEBUG] iteration=860, ncalls=2738, regioncalls=45520, ndraw=40, logz=-1216.73, remainder_fraction=100.0000%, Lmin=-1209.21, Lmax=-64.13
22:32:43 [ultranest] [DEBUG] iteration=863, ncalls=2743, regioncalls=45720, ndraw=40, logz=-1214.85, remainder_fraction=100.0000%, Lmin=-1207.51, Lmax=-64.13
22:32:43 [ultranest] [DEBUG] iteration=865, ncalls=2746, regioncalls=45840, ndraw=40, logz=-1214.10, remainder_fraction=100.0000%, Lmin=-1206.87, Lmax=-64.13
22:32:43 [ultranest] [DEBUG] iteration=868, ncalls=2751, regioncalls=46040, ndraw=40, logz=-1213.11, remainder_fraction=100.0000%, Lmin=-1205.55, Lmax=-64.13
22:32:43 [ultranest] [DEBUG] iteration=870, ncalls=2754, regioncalls=46160, ndraw=40, logz=-1212.22, remainder_fraction=100.0000%, Lmin=-1205.26, Lmax=-64.13
22:32:43 [ultranest] [DEBUG] iteration=873, ncalls=2759, regioncalls=46360, ndraw=40, logz=-1211.03, remainder_fraction=100.0000%, Lmin=-1203.45, Lmax=-64.13
22:32:43 [ultranest] [DEBUG] iteration=875, ncalls=2764, regioncalls=46560, ndraw=40, logz=-1210.12, remainder_fraction=100.0000%, Lmin=-1203.33, Lmax=-64.13
22:32:43 [ultranest] [DEBUG] iteration=877, ncalls=2767, regioncalls=46680, ndraw=40, logz=-1209.32, remainder_fraction=100.0000%, Lmin=-1202.06, Lmax=-64.13
22:32:44 [ultranest] [DEBUG] iteration=880, ncalls=2770, regioncalls=46800, ndraw=40, logz=-1208.28, remainder_fraction=100.0000%, Lmin=-1200.06, Lmax=-64.13
22:32:44 [ultranest] [DEBUG] iteration=883, ncalls=2773, regioncalls=46920, ndraw=40, logz=-1206.43, remainder_fraction=100.0000%, Lmin=-1199.22, Lmax=-64.13
22:32:44 [ultranest] [DEBUG] iteration=885, ncalls=2778, regioncalls=47120, ndraw=40, logz=-1205.66, remainder_fraction=100.0000%, Lmin=-1198.81, Lmax=-64.13
22:32:44 [ultranest] [DEBUG] iteration=889, ncalls=2782, regioncalls=47280, ndraw=40, logz=-1204.03, remainder_fraction=100.0000%, Lmin=-1196.50, Lmax=-64.13
22:32:44 [ultranest] [DEBUG] iteration=893, ncalls=2787, regioncalls=47480, ndraw=40, logz=-1202.38, remainder_fraction=100.0000%, Lmin=-1194.61, Lmax=-64.13
22:32:44 [ultranest] [DEBUG] iteration=896, ncalls=2792, regioncalls=47680, ndraw=40, logz=-1200.46, remainder_fraction=100.0000%, Lmin=-1193.02, Lmax=-64.13
22:32:44 [ultranest] [DEBUG] iteration=900, ncalls=2797, regioncalls=47880, ndraw=40, logz=-1198.45, remainder_fraction=100.0000%, Lmin=-1191.38, Lmax=-64.13
22:32:45 [ultranest] [DEBUG] iteration=903, ncalls=2803, regioncalls=48120, ndraw=40, logz=-1197.42, remainder_fraction=100.0000%, Lmin=-1189.69, Lmax=-64.13
22:32:45 [ultranest] [DEBUG] iteration=905, ncalls=2810, regioncalls=48400, ndraw=40, logz=-1196.43, remainder_fraction=100.0000%, Lmin=-1189.37, Lmax=-64.13
22:32:45 [ultranest] [DEBUG] iteration=909, ncalls=2816, regioncalls=48640, ndraw=40, logz=-1194.89, remainder_fraction=100.0000%, Lmin=-1186.76, Lmax=-64.13
22:32:45 [ultranest] [DEBUG] iteration=912, ncalls=2820, regioncalls=48800, ndraw=40, logz=-1192.38, remainder_fraction=100.0000%, Lmin=-1184.28, Lmax=-64.13
22:32:45 [ultranest] [DEBUG] iteration=914, ncalls=2823, regioncalls=48920, ndraw=40, logz=-1191.15, remainder_fraction=100.0000%, Lmin=-1183.79, Lmax=-64.13
22:32:45 [ultranest] [DEBUG] iteration=915, ncalls=2827, regioncalls=49080, ndraw=40, logz=-1190.71, remainder_fraction=100.0000%, Lmin=-1183.47, Lmax=-64.13
22:32:45 [ultranest] [DEBUG] iteration=917, ncalls=2829, regioncalls=49160, ndraw=40, logz=-1189.69, remainder_fraction=100.0000%, Lmin=-1182.08, Lmax=-64.13
22:32:46 [ultranest] [DEBUG] iteration=918, ncalls=2830, regioncalls=49200, ndraw=40, logz=-1189.15, remainder_fraction=100.0000%, Lmin=-1181.81, Lmax=-64.13
22:32:46 [ultranest] [DEBUG] iteration=919, ncalls=2831, regioncalls=49240, ndraw=40, logz=-1188.72, remainder_fraction=100.0000%, Lmin=-1181.34, Lmax=-64.13
22:32:46 [ultranest] [DEBUG] iteration=920, ncalls=2833, regioncalls=49320, ndraw=40, logz=-1188.27, remainder_fraction=100.0000%, Lmin=-1181.26, Lmax=-64.13
22:32:46 [ultranest] [DEBUG] iteration=921, ncalls=2834, regioncalls=49360, ndraw=40, logz=-1187.94, remainder_fraction=100.0000%, Lmin=-1180.75, Lmax=-64.13
22:32:47 [ultranest] [DEBUG] iteration=923, ncalls=2836, regioncalls=49440, ndraw=40, logz=-1187.27, remainder_fraction=100.0000%, Lmin=-1180.70, Lmax=-64.13
22:32:47 [ultranest] [DEBUG] iteration=926, ncalls=2840, regioncalls=49600, ndraw=40, logz=-1186.63, remainder_fraction=100.0000%, Lmin=-1180.28, Lmax=-64.13
22:32:47 [ultranest] [DEBUG] iteration=928, ncalls=2844, regioncalls=49760, ndraw=40, logz=-1186.28, remainder_fraction=100.0000%, Lmin=-1179.86, Lmax=-64.13
22:32:47 [ultranest] [DEBUG] iteration=930, ncalls=2848, regioncalls=49920, ndraw=40, logz=-1185.92, remainder_fraction=100.0000%, Lmin=-1178.73, Lmax=-64.13
22:32:47 [ultranest] [DEBUG] iteration=932, ncalls=2853, regioncalls=50120, ndraw=40, logz=-1185.26, remainder_fraction=100.0000%, Lmin=-1178.04, Lmax=-64.13
22:32:47 [ultranest] [DEBUG] iteration=934, ncalls=2859, regioncalls=50360, ndraw=40, logz=-1184.38, remainder_fraction=100.0000%, Lmin=-1177.11, Lmax=-64.13
22:32:48 [ultranest] [DEBUG] iteration=935, ncalls=2862, regioncalls=50480, ndraw=40, logz=-1183.97, remainder_fraction=100.0000%, Lmin=-1176.64, Lmax=-64.13
22:32:48 [ultranest] [DEBUG] iteration=936, ncalls=2868, regioncalls=50720, ndraw=40, logz=-1183.55, remainder_fraction=100.0000%, Lmin=-1176.23, Lmax=-64.13
22:32:49 [ultranest] [DEBUG] iteration=939, ncalls=2871, regioncalls=50840, ndraw=40, logz=-1182.53, remainder_fraction=100.0000%, Lmin=-1175.83, Lmax=-64.13
22:32:49 [ultranest] [DEBUG] iteration=942, ncalls=2876, regioncalls=51040, ndraw=40, logz=-1181.82, remainder_fraction=100.0000%, Lmin=-1173.94, Lmax=-64.13
22:32:49 [ultranest] [DEBUG] iteration=944, ncalls=2880, regioncalls=51200, ndraw=40, logz=-1180.72, remainder_fraction=100.0000%, Lmin=-1173.46, Lmax=-64.13
22:32:49 [ultranest] [DEBUG] iteration=945, ncalls=2888, regioncalls=51520, ndraw=40, logz=-1180.32, remainder_fraction=100.0000%, Lmin=-1173.38, Lmax=-64.13
22:32:49 [ultranest] [DEBUG] iteration=949, ncalls=2894, regioncalls=51760, ndraw=40, logz=-1178.66, remainder_fraction=100.0000%, Lmin=-1171.33, Lmax=-64.13
22:32:49 [ultranest] [DEBUG] iteration=953, ncalls=2899, regioncalls=51960, ndraw=40, logz=-1177.46, remainder_fraction=100.0000%, Lmin=-1171.13, Lmax=-64.13
22:32:50 [ultranest] [DEBUG] iteration=956, ncalls=2902, regioncalls=52080, ndraw=40, logz=-1176.71, remainder_fraction=100.0000%, Lmin=-1168.45, Lmax=-64.13
22:32:50 [ultranest] [DEBUG] iteration=958, ncalls=2907, regioncalls=52280, ndraw=40, logz=-1175.23, remainder_fraction=100.0000%, Lmin=-1167.66, Lmax=-64.13
22:32:50 [ultranest] [DEBUG] iteration=959, ncalls=2915, regioncalls=52600, ndraw=40, logz=-1174.72, remainder_fraction=100.0000%, Lmin=-1167.54, Lmax=-64.13
22:32:50 [ultranest] [DEBUG] iteration=960, ncalls=2916, regioncalls=52640, ndraw=40, logz=-1174.35, remainder_fraction=100.0000%, Lmin=-1167.28, Lmax=-64.13
22:32:50 [ultranest] [DEBUG] iteration=963, ncalls=2920, regioncalls=52800, ndraw=40, logz=-1173.49, remainder_fraction=100.0000%, Lmin=-1166.64, Lmax=-64.13
22:32:50 [ultranest] [DEBUG] iteration=965, ncalls=2924, regioncalls=52960, ndraw=40, logz=-1172.98, remainder_fraction=100.0000%, Lmin=-1166.46, Lmax=-64.13
22:32:50 [ultranest] [DEBUG] iteration=969, ncalls=2928, regioncalls=53120, ndraw=40, logz=-1171.96, remainder_fraction=100.0000%, Lmin=-1164.78, Lmax=-64.13
22:32:50 [ultranest] [DEBUG] iteration=972, ncalls=2932, regioncalls=53280, ndraw=40, logz=-1171.00, remainder_fraction=100.0000%, Lmin=-1164.18, Lmax=-64.13
22:32:50 [ultranest] [DEBUG] iteration=975, ncalls=2939, regioncalls=53560, ndraw=40, logz=-1170.08, remainder_fraction=100.0000%, Lmin=-1163.06, Lmax=-64.13
22:32:51 [ultranest] [DEBUG] iteration=978, ncalls=2944, regioncalls=53760, ndraw=40, logz=-1169.03, remainder_fraction=100.0000%, Lmin=-1162.21, Lmax=-64.13
22:32:51 [ultranest] [DEBUG] iteration=979, ncalls=2949, regioncalls=53960, ndraw=40, logz=-1168.76, remainder_fraction=100.0000%, Lmin=-1161.89, Lmax=-64.13
22:32:51 [ultranest] [DEBUG] iteration=982, ncalls=2956, regioncalls=54240, ndraw=40, logz=-1168.03, remainder_fraction=100.0000%, Lmin=-1160.94, Lmax=-64.13
22:32:51 [ultranest] [DEBUG] iteration=984, ncalls=2960, regioncalls=54400, ndraw=40, logz=-1167.39, remainder_fraction=100.0000%, Lmin=-1160.12, Lmax=-64.13
22:32:51 [ultranest] [DEBUG] iteration=987, ncalls=2963, regioncalls=54520, ndraw=40, logz=-1166.25, remainder_fraction=100.0000%, Lmin=-1159.04, Lmax=-64.13
22:32:51 [ultranest] [DEBUG] iteration=988, ncalls=2967, regioncalls=54680, ndraw=40, logz=-1165.87, remainder_fraction=100.0000%, Lmin=-1158.59, Lmax=-64.13
22:32:51 [ultranest] [DEBUG] iteration=991, ncalls=2970, regioncalls=54800, ndraw=40, logz=-1164.67, remainder_fraction=100.0000%, Lmin=-1157.14, Lmax=-64.13
22:32:52 [ultranest] [DEBUG] iteration=993, ncalls=2974, regioncalls=54960, ndraw=40, logz=-1163.80, remainder_fraction=100.0000%, Lmin=-1156.59, Lmax=-64.13
22:32:52 [ultranest] [DEBUG] iteration=994, ncalls=2977, regioncalls=55080, ndraw=40, logz=-1163.43, remainder_fraction=100.0000%, Lmin=-1156.15, Lmax=-64.13
22:32:52 [ultranest] [DEBUG] iteration=998, ncalls=2982, regioncalls=55280, ndraw=40, logz=-1162.18, remainder_fraction=100.0000%, Lmin=-1155.33, Lmax=-64.13
22:32:52 [ultranest] [DEBUG] iteration=1000, ncalls=2984, regioncalls=55360, ndraw=40, logz=-1161.64, remainder_fraction=100.0000%, Lmin=-1154.34, Lmax=-64.13
22:32:52 [ultranest] [DEBUG] iteration=1003, ncalls=2989, regioncalls=55560, ndraw=40, logz=-1160.34, remainder_fraction=100.0000%, Lmin=-1153.23, Lmax=-64.13
22:32:52 [ultranest] [DEBUG] iteration=1004, ncalls=2992, regioncalls=55680, ndraw=40, logz=-1160.00, remainder_fraction=100.0000%, Lmin=-1151.78, Lmax=-64.13
22:32:52 [ultranest] [DEBUG] iteration=1006, ncalls=2994, regioncalls=55760, ndraw=40, logz=-1158.73, remainder_fraction=100.0000%, Lmin=-1151.46, Lmax=-64.13
22:32:52 [ultranest] [DEBUG] iteration=1008, ncalls=2996, regioncalls=55840, ndraw=40, logz=-1158.04, remainder_fraction=100.0000%, Lmin=-1151.35, Lmax=-64.13
22:32:53 [ultranest] [DEBUG] iteration=1010, ncalls=2999, regioncalls=55960, ndraw=40, logz=-1157.58, remainder_fraction=100.0000%, Lmin=-1150.69, Lmax=-64.13
22:32:53 [ultranest] [DEBUG] iteration=1012, ncalls=3003, regioncalls=56120, ndraw=40, logz=-1157.07, remainder_fraction=100.0000%, Lmin=-1150.09, Lmax=-64.13
22:32:53 [ultranest] [DEBUG] iteration=1013, ncalls=3006, regioncalls=56240, ndraw=40, logz=-1156.77, remainder_fraction=100.0000%, Lmin=-1149.94, Lmax=-64.13
22:32:53 [ultranest] [DEBUG] iteration=1015, ncalls=3009, regioncalls=56360, ndraw=40, logz=-1156.25, remainder_fraction=100.0000%, Lmin=-1149.70, Lmax=-64.13
22:32:53 [ultranest] [DEBUG] iteration=1017, ncalls=3011, regioncalls=56440, ndraw=40, logz=-1155.78, remainder_fraction=100.0000%, Lmin=-1149.21, Lmax=-64.13
22:32:53 [ultranest] [DEBUG] iteration=1018, ncalls=3013, regioncalls=56520, ndraw=40, logz=-1155.57, remainder_fraction=100.0000%, Lmin=-1148.81, Lmax=-64.13
22:32:54 [ultranest] [DEBUG] iteration=1019, ncalls=3014, regioncalls=56560, ndraw=40, logz=-1155.32, remainder_fraction=100.0000%, Lmin=-1148.56, Lmax=-64.13
22:32:54 [ultranest] [DEBUG] iteration=1020, ncalls=3016, regioncalls=56640, ndraw=40, logz=-1155.07, remainder_fraction=100.0000%, Lmin=-1148.32, Lmax=-64.13
22:32:54 [ultranest] [DEBUG] iteration=1021, ncalls=3023, regioncalls=56920, ndraw=40, logz=-1154.82, remainder_fraction=100.0000%, Lmin=-1147.96, Lmax=-64.13
22:32:54 [ultranest] [DEBUG] iteration=1023, ncalls=3025, regioncalls=57000, ndraw=40, logz=-1154.30, remainder_fraction=100.0000%, Lmin=-1147.24, Lmax=-64.13
22:32:54 [ultranest] [DEBUG] iteration=1024, ncalls=3026, regioncalls=57040, ndraw=40, logz=-1153.98, remainder_fraction=100.0000%, Lmin=-1146.98, Lmax=-64.13
22:32:54 [ultranest] [DEBUG] iteration=1025, ncalls=3028, regioncalls=57120, ndraw=40, logz=-1153.67, remainder_fraction=100.0000%, Lmin=-1146.98, Lmax=-64.13
22:32:55 [ultranest] [DEBUG] iteration=1027, ncalls=3035, regioncalls=57400, ndraw=40, logz=-1153.24, remainder_fraction=100.0000%, Lmin=-1146.61, Lmax=-64.13
22:32:55 [ultranest] [DEBUG] iteration=1028, ncalls=3039, regioncalls=57560, ndraw=40, logz=-1153.02, remainder_fraction=100.0000%, Lmin=-1146.46, Lmax=-64.13
22:32:55 [ultranest] [DEBUG] iteration=1030, ncalls=3042, regioncalls=57680, ndraw=40, logz=-1152.59, remainder_fraction=100.0000%, Lmin=-1146.07, Lmax=-64.13
22:32:55 [ultranest] [DEBUG] iteration=1032, ncalls=3045, regioncalls=57800, ndraw=40, logz=-1152.20, remainder_fraction=100.0000%, Lmin=-1145.57, Lmax=-64.13
22:32:55 [ultranest] [DEBUG] iteration=1034, ncalls=3047, regioncalls=57880, ndraw=40, logz=-1151.63, remainder_fraction=100.0000%, Lmin=-1144.70, Lmax=-64.13
22:32:56 [ultranest] [DEBUG] iteration=1035, ncalls=3049, regioncalls=57960, ndraw=40, logz=-1151.34, remainder_fraction=100.0000%, Lmin=-1144.62, Lmax=-64.13
22:32:56 [ultranest] [DEBUG] iteration=1036, ncalls=3051, regioncalls=58040, ndraw=40, logz=-1151.10, remainder_fraction=100.0000%, Lmin=-1144.43, Lmax=-64.13
22:32:56 [ultranest] [DEBUG] iteration=1038, ncalls=3055, regioncalls=58200, ndraw=40, logz=-1150.57, remainder_fraction=100.0000%, Lmin=-1143.13, Lmax=-64.13
22:32:56 [ultranest] [DEBUG] iteration=1040, ncalls=3058, regioncalls=58320, ndraw=40, logz=-1149.79, remainder_fraction=100.0000%, Lmin=-1142.99, Lmax=-64.13
22:32:56 [ultranest] [DEBUG] iteration=1043, ncalls=3063, regioncalls=58520, ndraw=40, logz=-1148.57, remainder_fraction=100.0000%, Lmin=-1140.60, Lmax=-64.13
22:32:56 [ultranest] [DEBUG] iteration=1045, ncalls=3067, regioncalls=58680, ndraw=40, logz=-1147.28, remainder_fraction=100.0000%, Lmin=-1139.61, Lmax=-64.13
22:32:56 [ultranest] [DEBUG] iteration=1046, ncalls=3069, regioncalls=58760, ndraw=40, logz=-1146.75, remainder_fraction=100.0000%, Lmin=-1139.59, Lmax=-64.13
22:32:57 [ultranest] [DEBUG] iteration=1049, ncalls=3073, regioncalls=58920, ndraw=40, logz=-1145.12, remainder_fraction=100.0000%, Lmin=-1137.57, Lmax=-64.13
22:32:57 [ultranest] [DEBUG] iteration=1052, ncalls=3076, regioncalls=59040, ndraw=40, logz=-1143.38, remainder_fraction=100.0000%, Lmin=-1135.89, Lmax=-64.13
22:32:57 [ultranest] [DEBUG] iteration=1054, ncalls=3080, regioncalls=59200, ndraw=40, logz=-1142.48, remainder_fraction=100.0000%, Lmin=-1135.45, Lmax=-64.13
22:32:57 [ultranest] [DEBUG] iteration=1058, ncalls=3086, regioncalls=59440, ndraw=40, logz=-1141.13, remainder_fraction=100.0000%, Lmin=-1133.77, Lmax=-64.13
22:32:57 [ultranest] [DEBUG] iteration=1062, ncalls=3093, regioncalls=59720, ndraw=40, logz=-1139.54, remainder_fraction=100.0000%, Lmin=-1132.53, Lmax=-64.13
22:32:57 [ultranest] [DEBUG] iteration=1063, ncalls=3095, regioncalls=59800, ndraw=40, logz=-1139.23, remainder_fraction=100.0000%, Lmin=-1132.46, Lmax=-64.13
22:32:58 [ultranest] [DEBUG] iteration=1064, ncalls=3096, regioncalls=59840, ndraw=40, logz=-1138.98, remainder_fraction=100.0000%, Lmin=-1131.99, Lmax=-64.13
22:32:58 [ultranest] [DEBUG] iteration=1065, ncalls=3105, regioncalls=60200, ndraw=40, logz=-1138.68, remainder_fraction=100.0000%, Lmin=-1131.67, Lmax=-64.13
22:32:58 [ultranest] [DEBUG] iteration=1067, ncalls=3110, regioncalls=60400, ndraw=40, logz=-1138.11, remainder_fraction=100.0000%, Lmin=-1131.17, Lmax=-64.13
22:32:58 [ultranest] [DEBUG] iteration=1070, ncalls=3114, regioncalls=60560, ndraw=40, logz=-1137.14, remainder_fraction=100.0000%, Lmin=-1130.08, Lmax=-64.13
22:32:58 [ultranest] [DEBUG] iteration=1073, ncalls=3118, regioncalls=60720, ndraw=40, logz=-1136.18, remainder_fraction=100.0000%, Lmin=-1129.14, Lmax=-64.13
