21:13:04 [ultranest] [DEBUG] ReactiveNestedSampler: dims=8+0, resume=True, log_dir=/home/ljy/BettiCurveCosmo/Emulator/model-fof-rsdz/mcmc_result/2/dim1, backend=hdf5, vectorized=False, nbootstraps=30, ndraw=128..65536
21:13:04 [ultranest] [INFO] Sampling 400 live points from prior ...
21:13:05 [ultranest] [DEBUG] run_iter dlogz=0.5, dKL=0.5, frac_remain=0.01, Lepsilon=0.0010, min_ess=400
21:13:05 [ultranest] [DEBUG] max_iters=-1, max_ncalls=-1, max_num_improvement_loops=-1, min_num_live_points=400, cluster_num_live_points=40
21:13:05 [ultranest] [DEBUG] minimal_widths_sequence: [(-inf, 400.0), (inf, 400.0)]
21:13:06 [ultranest] [DEBUG] iteration=0, ncalls=401, regioncalls=40, ndraw=40, logz=-inf, remainder_fraction=100.0000%, Lmin=-368.71, Lmax=-1.18
21:13:06 [ultranest] [DEBUG] iteration=22, ncalls=424, regioncalls=960, ndraw=40, logz=-43.86, remainder_fraction=100.0000%, Lmin=-33.01, Lmax=-1.18
21:13:06 [ultranest] [DEBUG] iteration=40, ncalls=443, regioncalls=1720, ndraw=40, logz=-18.74, remainder_fraction=99.9999%, Lmin=-12.78, Lmax=-1.18
21:13:06 [ultranest] [DEBUG] iteration=65, ncalls=469, regioncalls=2760, ndraw=40, logz=-10.46, remainder_fraction=99.6807%, Lmin=-6.27, Lmax=-1.18
21:13:06 [ultranest] [DEBUG] iteration=80, ncalls=487, regioncalls=3480, ndraw=40, logz=-9.04, remainder_fraction=98.7981%, Lmin=-5.71, Lmax=-0.67
21:13:06 [ultranest] [DEBUG] iteration=90, ncalls=498, regioncalls=3920, ndraw=40, logz=-8.59, remainder_fraction=98.1376%, Lmin=-5.70, Lmax=-0.67
21:13:06 [ultranest] [DEBUG] Plateau detected at L=-5.696451e+00, not replacing live point.
21:13:06 [ultranest] [DEBUG] iteration=102, ncalls=511, regioncalls=4440, ndraw=40, logz=-8.24, remainder_fraction=97.3005%, Lmin=-5.70, Lmax=-0.67
21:13:06 [ultranest] [DEBUG] Plateau detected at L=-5.696451e+00, not replacing live point.
21:13:06 [ultranest] [DEBUG] iteration=104, ncalls=512, regioncalls=4480, ndraw=40, logz=-8.19, remainder_fraction=97.1627%, Lmin=-5.70, Lmax=-0.67
21:13:06 [ultranest] [DEBUG] Plateau detected at L=-5.696451e+00, not replacing live point.
21:13:06 [ultranest] [DEBUG] Plateau detected at L=-5.696451e+00, not replacing live point.
21:13:06 [ultranest] [DEBUG] Plateau detected at L=-5.696451e+00, not replacing live point.
21:13:06 [ultranest] [DEBUG] Plateau detected at L=-5.696451e+00, not replacing live point.
21:13:06 [ultranest] [DEBUG] Plateau detected at L=-5.696451e+00, not replacing live point.
21:13:06 [ultranest] [DEBUG] Plateau detected at L=-5.696451e+00, not replacing live point.
21:13:06 [ultranest] [DEBUG] Plateau detected at L=-5.696451e+00, not replacing live point.
21:13:06 [ultranest] [DEBUG] Plateau detected at L=-5.696451e+00, not replacing live point.
21:13:06 [ultranest] [DEBUG] Plateau detected at L=-5.696451e+00, not replacing live point.
21:13:06 [ultranest] [DEBUG] Plateau detected at L=-5.696451e+00, not replacing live point.
21:13:06 [ultranest] [DEBUG] Plateau detected at L=-5.696451e+00, not replacing live point.
21:13:06 [ultranest] [DEBUG] Plateau detected at L=-5.696451e+00, not replacing live point.
21:13:06 [ultranest] [DEBUG] Plateau detected at L=-5.696451e+00, not replacing live point.
21:13:06 [ultranest] [DEBUG] Plateau detected at L=-5.696451e+00, not replacing live point.
21:13:06 [ultranest] [DEBUG] Plateau detected at L=-5.696451e+00, not replacing live point.
21:13:06 [ultranest] [DEBUG] Plateau detected at L=-5.696451e+00, not replacing live point.
21:13:06 [ultranest] [DEBUG] Plateau detected at L=-5.696451e+00, not replacing live point.
21:13:06 [ultranest] [DEBUG] Plateau detected at L=-5.696451e+00, not replacing live point.
21:13:06 [ultranest] [DEBUG] Plateau detected at L=-5.696451e+00, not replacing live point.
21:13:06 [ultranest] [DEBUG] Plateau detected at L=-5.696451e+00, not replacing live point.
21:13:06 [ultranest] [DEBUG] Plateau detected at L=-5.696451e+00, not replacing live point.
21:13:06 [ultranest] [DEBUG] Plateau detected at L=-5.696451e+00, not replacing live point.
21:13:06 [ultranest] [DEBUG] Plateau detected at L=-5.696451e+00, not replacing live point.
21:13:06 [ultranest] [DEBUG] Plateau detected at L=-5.696451e+00, not replacing live point.
21:13:06 [ultranest] [DEBUG] Plateau detected at L=-5.696451e+00, not replacing live point.
21:13:06 [ultranest] [DEBUG] Plateau detected at L=-5.696451e+00, not replacing live point.
21:13:06 [ultranest] [DEBUG] Plateau detected at L=-5.696451e+00, not replacing live point.
21:13:06 [ultranest] [DEBUG] Plateau detected at L=-5.696451e+00, not replacing live point.
21:13:06 [ultranest] [DEBUG] Plateau detected at L=-5.696451e+00, not replacing live point.
21:13:06 [ultranest] [DEBUG] Plateau detected at L=-5.696451e+00, not replacing live point.
21:13:06 [ultranest] [DEBUG] Plateau detected at L=-5.696451e+00, not replacing live point.
21:13:06 [ultranest] [DEBUG] Plateau detected at L=-5.696451e+00, not replacing live point.
21:13:06 [ultranest] [DEBUG] Plateau detected at L=-5.696451e+00, not replacing live point.
21:13:06 [ultranest] [DEBUG] Plateau detected at L=-5.696451e+00, not replacing live point.
21:13:06 [ultranest] [DEBUG] Plateau detected at L=-5.696451e+00, not replacing live point.
21:13:06 [ultranest] [DEBUG] Plateau detected at L=-5.696451e+00, not replacing live point.
21:13:06 [ultranest] [DEBUG] Plateau detected at L=-5.696451e+00, not replacing live point.
21:13:06 [ultranest] [DEBUG] Plateau detected at L=-5.696451e+00, not replacing live point.
21:13:06 [ultranest] [DEBUG] Plateau detected at L=-5.696451e+00, not replacing live point.
21:13:06 [ultranest] [DEBUG] Plateau detected at L=-5.696451e+00, not replacing live point.
21:13:06 [ultranest] [DEBUG] Plateau detected at L=-5.696451e+00, not replacing live point.
21:13:06 [ultranest] [DEBUG] Plateau detected at L=-5.696451e+00, not replacing live point.
21:13:06 [ultranest] [DEBUG] Plateau detected at L=-5.696451e+00, not replacing live point.
21:13:06 [ultranest] [DEBUG] Plateau detected at L=-5.696451e+00, not replacing live point.
21:13:06 [ultranest] [DEBUG] Plateau detected at L=-5.696451e+00, not replacing live point.
21:13:06 [ultranest] [DEBUG] Plateau detected at L=-5.696451e+00, not replacing live point.
21:13:06 [ultranest] [DEBUG] Plateau detected at L=-5.696451e+00, not replacing live point.
21:13:06 [ultranest] [DEBUG] Plateau detected at L=-5.696451e+00, not replacing live point.
21:13:06 [ultranest] [DEBUG] Plateau detected at L=-5.696451e+00, not replacing live point.
21:13:06 [ultranest] [DEBUG] Plateau detected at L=-5.696451e+00, not replacing live point.
21:13:06 [ultranest] [DEBUG] Plateau detected at L=-5.696451e+00, not replacing live point.
21:13:06 [ultranest] [DEBUG] Plateau detected at L=-5.696451e+00, not replacing live point.
21:13:06 [ultranest] [DEBUG] Plateau detected at L=-5.696451e+00, not replacing live point.
21:13:06 [ultranest] [DEBUG] Plateau detected at L=-5.696451e+00, not replacing live point.
21:13:06 [ultranest] [DEBUG] Plateau detected at L=-5.696451e+00, not replacing live point.
21:13:06 [ultranest] [DEBUG] Plateau detected at L=-5.696451e+00, not replacing live point.
21:13:06 [ultranest] [DEBUG] Plateau detected at L=-5.696451e+00, not replacing live point.
21:13:06 [ultranest] [DEBUG] Plateau detected at L=-5.696451e+00, not replacing live point.
21:13:06 [ultranest] [DEBUG] Plateau detected at L=-5.696451e+00, not replacing live point.
21:13:06 [ultranest] [DEBUG] Plateau detected at L=-5.696451e+00, not replacing live point.
21:13:06 [ultranest] [DEBUG] Plateau detected at L=-5.696451e+00, not replacing live point.
21:13:06 [ultranest] [DEBUG] Plateau detected at L=-5.696451e+00, not replacing live point.
21:13:06 [ultranest] [DEBUG] Plateau detected at L=-5.696451e+00, not replacing live point.
21:13:06 [ultranest] [DEBUG] Plateau detected at L=-5.696451e+00, not replacing live point.
21:13:06 [ultranest] [DEBUG] Plateau detected at L=-5.696451e+00, not replacing live point.
21:13:06 [ultranest] [DEBUG] Plateau detected at L=-5.696451e+00, not replacing live point.
21:13:06 [ultranest] [DEBUG] Plateau detected at L=-5.696451e+00, not replacing live point.
21:13:06 [ultranest] [DEBUG] Plateau detected at L=-5.696451e+00, not replacing live point.
21:13:06 [ultranest] [DEBUG] Plateau detected at L=-5.696451e+00, not replacing live point.
21:13:06 [ultranest] [DEBUG] Plateau detected at L=-5.696451e+00, not replacing live point.
21:13:06 [ultranest] [DEBUG] Plateau detected at L=-5.696451e+00, not replacing live point.
21:13:06 [ultranest] [DEBUG] Plateau detected at L=-5.696451e+00, not replacing live point.
21:13:06 [ultranest] [DEBUG] Plateau detected at L=-5.696451e+00, not replacing live point.
21:13:06 [ultranest] [DEBUG] Plateau detected at L=-5.696451e+00, not replacing live point.
21:13:06 [ultranest] [DEBUG] Plateau detected at L=-5.696451e+00, not replacing live point.
21:13:06 [ultranest] [DEBUG] Plateau detected at L=-5.696451e+00, not replacing live point.
21:13:06 [ultranest] [DEBUG] Plateau detected at L=-5.696451e+00, not replacing live point.
21:13:06 [ultranest] [DEBUG] Plateau detected at L=-5.696451e+00, not replacing live point.
21:13:06 [ultranest] [DEBUG] Plateau detected at L=-5.696451e+00, not replacing live point.
21:13:06 [ultranest] [DEBUG] Plateau detected at L=-5.696451e+00, not replacing live point.
21:13:06 [ultranest] [DEBUG] Plateau detected at L=-5.696451e+00, not replacing live point.
21:13:06 [ultranest] [DEBUG] Plateau detected at L=-5.696451e+00, not replacing live point.
21:13:06 [ultranest] [DEBUG] Plateau detected at L=-5.696451e+00, not replacing live point.
21:13:06 [ultranest] [DEBUG] Plateau detected at L=-5.696451e+00, not replacing live point.
21:13:06 [ultranest] [DEBUG] Plateau detected at L=-5.696451e+00, not replacing live point.
21:13:06 [ultranest] [DEBUG] Plateau detected at L=-5.696451e+00, not replacing live point.
21:13:06 [ultranest] [DEBUG] Plateau detected at L=-5.696451e+00, not replacing live point.
21:13:06 [ultranest] [DEBUG] Plateau detected at L=-5.696451e+00, not replacing live point.
21:13:06 [ultranest] [DEBUG] Plateau detected at L=-5.696451e+00, not replacing live point.
21:13:06 [ultranest] [DEBUG] Plateau detected at L=-5.696451e+00, not replacing live point.
21:13:06 [ultranest] [DEBUG] Plateau detected at L=-5.696451e+00, not replacing live point.
21:13:06 [ultranest] [DEBUG] Plateau detected at L=-5.696451e+00, not replacing live point.
21:13:06 [ultranest] [DEBUG] Plateau detected at L=-5.696451e+00, not replacing live point.
21:13:06 [ultranest] [DEBUG] Plateau detected at L=-5.696451e+00, not replacing live point.
21:13:06 [ultranest] [DEBUG] Plateau detected at L=-5.696451e+00, not replacing live point.
21:13:06 [ultranest] [DEBUG] Plateau detected at L=-5.696451e+00, not replacing live point.
21:13:06 [ultranest] [DEBUG] Plateau detected at L=-5.696451e+00, not replacing live point.
21:13:06 [ultranest] [DEBUG] Plateau detected at L=-5.696451e+00, not replacing live point.
21:13:06 [ultranest] [DEBUG] Plateau detected at L=-5.696451e+00, not replacing live point.
21:13:06 [ultranest] [DEBUG] Plateau detected at L=-5.696451e+00, not replacing live point.
21:13:06 [ultranest] [DEBUG] Plateau detected at L=-5.696451e+00, not replacing live point.
21:13:06 [ultranest] [DEBUG] Plateau detected at L=-5.696451e+00, not replacing live point.
21:13:06 [ultranest] [DEBUG] Plateau detected at L=-5.696451e+00, not replacing live point.
21:13:06 [ultranest] [DEBUG] Plateau detected at L=-5.696451e+00, not replacing live point.
21:13:06 [ultranest] [DEBUG] Plateau detected at L=-5.696451e+00, not replacing live point.
21:13:06 [ultranest] [DEBUG] Plateau detected at L=-5.696451e+00, not replacing live point.
21:13:06 [ultranest] [DEBUG] Plateau detected at L=-5.696451e+00, not replacing live point.
21:13:06 [ultranest] [DEBUG] Plateau detected at L=-5.696451e+00, not replacing live point.
21:13:06 [ultranest] [DEBUG] Plateau detected at L=-5.696451e+00, not replacing live point.
21:13:06 [ultranest] [DEBUG] Plateau detected at L=-5.696451e+00, not replacing live point.
21:13:06 [ultranest] [DEBUG] Plateau detected at L=-5.696451e+00, not replacing live point.
21:13:06 [ultranest] [DEBUG] Plateau detected at L=-5.696451e+00, not replacing live point.
21:13:06 [ultranest] [DEBUG] Plateau detected at L=-5.696451e+00, not replacing live point.
21:13:06 [ultranest] [DEBUG] Plateau detected at L=-5.696451e+00, not replacing live point.
21:13:06 [ultranest] [DEBUG] Plateau detected at L=-5.696451e+00, not replacing live point.
21:13:06 [ultranest] [DEBUG] Plateau detected at L=-5.696451e+00, not replacing live point.
21:13:06 [ultranest] [DEBUG] Plateau detected at L=-5.696451e+00, not replacing live point.
21:13:06 [ultranest] [DEBUG] Plateau detected at L=-5.696451e+00, not replacing live point.
21:13:06 [ultranest] [DEBUG] Plateau detected at L=-5.696451e+00, not replacing live point.
21:13:06 [ultranest] [DEBUG] Plateau detected at L=-5.696451e+00, not replacing live point.
21:13:06 [ultranest] [DEBUG] Plateau detected at L=-5.696451e+00, not replacing live point.
21:13:06 [ultranest] [DEBUG] Plateau detected at L=-5.696451e+00, not replacing live point.
21:13:06 [ultranest] [DEBUG] Plateau detected at L=-5.696451e+00, not replacing live point.
21:13:06 [ultranest] [DEBUG] Plateau detected at L=-5.696451e+00, not replacing live point.
21:13:06 [ultranest] [DEBUG] Plateau detected at L=-5.696451e+00, not replacing live point.
21:13:06 [ultranest] [DEBUG] Plateau detected at L=-5.696451e+00, not replacing live point.
21:13:06 [ultranest] [DEBUG] Plateau detected at L=-5.696451e+00, not replacing live point.
21:13:06 [ultranest] [DEBUG] Plateau detected at L=-5.696451e+00, not replacing live point.
21:13:06 [ultranest] [DEBUG] Plateau detected at L=-5.696451e+00, not replacing live point.
21:13:06 [ultranest] [DEBUG] Plateau detected at L=-5.696451e+00, not replacing live point.
21:13:06 [ultranest] [DEBUG] Plateau detected at L=-5.696451e+00, not replacing live point.
21:13:06 [ultranest] [DEBUG] Plateau detected at L=-5.696451e+00, not replacing live point.
21:13:06 [ultranest] [DEBUG] Plateau detected at L=-5.696451e+00, not replacing live point.
21:13:06 [ultranest] [DEBUG] Plateau detected at L=-5.696451e+00, not replacing live point.
21:13:06 [ultranest] [DEBUG] Plateau detected at L=-5.696451e+00, not replacing live point.
21:13:06 [ultranest] [DEBUG] Plateau detected at L=-5.696451e+00, not replacing live point.
21:13:06 [ultranest] [DEBUG] Plateau detected at L=-5.696451e+00, not replacing live point.
21:13:06 [ultranest] [DEBUG] Plateau detected at L=-5.696451e+00, not replacing live point.
21:13:06 [ultranest] [DEBUG] Plateau detected at L=-5.696451e+00, not replacing live point.
21:13:06 [ultranest] [DEBUG] Plateau detected at L=-5.696451e+00, not replacing live point.
21:13:06 [ultranest] [DEBUG] Plateau detected at L=-5.696451e+00, not replacing live point.
21:13:06 [ultranest] [DEBUG] Plateau detected at L=-5.696451e+00, not replacing live point.
21:13:06 [ultranest] [DEBUG] Plateau detected at L=-5.696451e+00, not replacing live point.
21:13:06 [ultranest] [DEBUG] Plateau detected at L=-5.696451e+00, not replacing live point.
21:13:06 [ultranest] [DEBUG] Plateau detected at L=-5.696451e+00, not replacing live point.
21:13:06 [ultranest] [DEBUG] Plateau detected at L=-5.696451e+00, not replacing live point.
21:13:06 [ultranest] [DEBUG] Plateau detected at L=-5.696451e+00, not replacing live point.
21:13:06 [ultranest] [DEBUG] Plateau detected at L=-5.696451e+00, not replacing live point.
21:13:06 [ultranest] [DEBUG] Plateau detected at L=-5.696451e+00, not replacing live point.
21:13:06 [ultranest] [DEBUG] Plateau detected at L=-5.696451e+00, not replacing live point.
21:13:06 [ultranest] [DEBUG] Plateau detected at L=-5.696451e+00, not replacing live point.
21:13:06 [ultranest] [DEBUG] Plateau detected at L=-5.696451e+00, not replacing live point.
21:13:06 [ultranest] [DEBUG] Plateau detected at L=-5.696451e+00, not replacing live point.
21:13:06 [ultranest] [DEBUG] Plateau detected at L=-5.696451e+00, not replacing live point.
21:13:06 [ultranest] [DEBUG] Plateau detected at L=-5.696451e+00, not replacing live point.
21:13:06 [ultranest] [DEBUG] Plateau detected at L=-5.696451e+00, not replacing live point.
21:13:06 [ultranest] [DEBUG] Plateau detected at L=-5.696451e+00, not replacing live point.
21:13:06 [ultranest] [DEBUG] Plateau detected at L=-5.696451e+00, not replacing live point.
21:13:06 [ultranest] [DEBUG] Plateau detected at L=-5.696451e+00, not replacing live point.
21:13:06 [ultranest] [DEBUG] Plateau detected at L=-5.696451e+00, not replacing live point.
21:13:06 [ultranest] [DEBUG] Plateau detected at L=-5.696451e+00, not replacing live point.
21:13:06 [ultranest] [DEBUG] Plateau detected at L=-5.696451e+00, not replacing live point.
21:13:06 [ultranest] [DEBUG] Plateau detected at L=-5.696451e+00, not replacing live point.
21:13:06 [ultranest] [DEBUG] Plateau detected at L=-5.696451e+00, not replacing live point.
21:13:06 [ultranest] [DEBUG] Plateau detected at L=-5.696451e+00, not replacing live point.
21:13:06 [ultranest] [DEBUG] Plateau detected at L=-5.696451e+00, not replacing live point.
21:13:06 [ultranest] [DEBUG] Plateau detected at L=-5.696451e+00, not replacing live point.
21:13:06 [ultranest] [DEBUG] Plateau detected at L=-5.696451e+00, not replacing live point.
21:13:06 [ultranest] [DEBUG] Plateau detected at L=-5.696451e+00, not replacing live point.
21:13:06 [ultranest] [DEBUG] Plateau detected at L=-5.696451e+00, not replacing live point.
21:13:06 [ultranest] [DEBUG] Plateau detected at L=-5.696451e+00, not replacing live point.
21:13:06 [ultranest] [DEBUG] Plateau detected at L=-5.696451e+00, not replacing live point.
21:13:06 [ultranest] [DEBUG] Plateau detected at L=-5.696451e+00, not replacing live point.
21:13:06 [ultranest] [DEBUG] Plateau detected at L=-5.696451e+00, not replacing live point.
21:13:06 [ultranest] [DEBUG] Plateau detected at L=-5.696451e+00, not replacing live point.
21:13:06 [ultranest] [DEBUG] Plateau detected at L=-5.696451e+00, not replacing live point.
21:13:06 [ultranest] [DEBUG] Plateau detected at L=-5.696451e+00, not replacing live point.
21:13:06 [ultranest] [DEBUG] Plateau detected at L=-5.696451e+00, not replacing live point.
21:13:06 [ultranest] [DEBUG] Plateau detected at L=-5.696451e+00, not replacing live point.
21:13:06 [ultranest] [DEBUG] Plateau detected at L=-5.696451e+00, not replacing live point.
21:13:06 [ultranest] [DEBUG] Plateau detected at L=-5.696451e+00, not replacing live point.
21:13:06 [ultranest] [DEBUG] Plateau detected at L=-5.696451e+00, not replacing live point.
21:13:06 [ultranest] [DEBUG] Plateau detected at L=-5.696451e+00, not replacing live point.
21:13:06 [ultranest] [DEBUG] Plateau detected at L=-5.696451e+00, not replacing live point.
21:13:06 [ultranest] [DEBUG] Plateau detected at L=-5.696451e+00, not replacing live point.
21:13:06 [ultranest] [DEBUG] Plateau detected at L=-5.696451e+00, not replacing live point.
21:13:06 [ultranest] [DEBUG] Plateau detected at L=-5.696451e+00, not replacing live point.
21:13:06 [ultranest] [DEBUG] Plateau detected at L=-5.696451e+00, not replacing live point.
21:13:06 [ultranest] [DEBUG] Plateau detected at L=-5.696451e+00, not replacing live point.
21:13:06 [ultranest] [DEBUG] Plateau detected at L=-5.696451e+00, not replacing live point.
21:13:06 [ultranest] [DEBUG] Plateau detected at L=-5.696451e+00, not replacing live point.
21:13:06 [ultranest] [DEBUG] Plateau detected at L=-5.696451e+00, not replacing live point.
21:13:06 [ultranest] [DEBUG] Plateau detected at L=-5.696451e+00, not replacing live point.
21:13:06 [ultranest] [DEBUG] Plateau detected at L=-5.696451e+00, not replacing live point.
21:13:06 [ultranest] [DEBUG] Plateau detected at L=-5.696451e+00, not replacing live point.
21:13:06 [ultranest] [DEBUG] Plateau detected at L=-5.696451e+00, not replacing live point.
21:13:06 [ultranest] [DEBUG] Plateau detected at L=-5.696451e+00, not replacing live point.
21:13:06 [ultranest] [DEBUG] Plateau detected at L=-5.696451e+00, not replacing live point.
21:13:06 [ultranest] [DEBUG] Plateau detected at L=-5.696451e+00, not replacing live point.
21:13:06 [ultranest] [DEBUG] Plateau detected at L=-5.696451e+00, not replacing live point.
21:13:06 [ultranest] [DEBUG] Plateau detected at L=-5.696451e+00, not replacing live point.
21:13:06 [ultranest] [DEBUG] Plateau detected at L=-5.696451e+00, not replacing live point.
21:13:06 [ultranest] [DEBUG] Plateau detected at L=-5.696451e+00, not replacing live point.
21:13:06 [ultranest] [DEBUG] Plateau detected at L=-5.696451e+00, not replacing live point.
21:13:06 [ultranest] [DEBUG] Plateau detected at L=-5.696451e+00, not replacing live point.
21:13:06 [ultranest] [DEBUG] Plateau detected at L=-5.696451e+00, not replacing live point.
21:13:06 [ultranest] [DEBUG] Plateau detected at L=-5.696451e+00, not replacing live point.
21:13:06 [ultranest] [DEBUG] Plateau detected at L=-5.696451e+00, not replacing live point.
21:13:06 [ultranest] [DEBUG] Plateau detected at L=-5.696451e+00, not replacing live point.
21:13:06 [ultranest] [DEBUG] Plateau detected at L=-5.696451e+00, not replacing live point.
21:13:06 [ultranest] [DEBUG] Plateau detected at L=-5.696451e+00, not replacing live point.
21:13:06 [ultranest] [DEBUG] Plateau detected at L=-5.696451e+00, not replacing live point.
21:13:06 [ultranest] [DEBUG] Plateau detected at L=-5.696451e+00, not replacing live point.
21:13:06 [ultranest] [DEBUG] Plateau detected at L=-5.696451e+00, not replacing live point.
21:13:06 [ultranest] [DEBUG] Plateau detected at L=-5.696451e+00, not replacing live point.
21:13:06 [ultranest] [DEBUG] Plateau detected at L=-5.696451e+00, not replacing live point.
21:13:06 [ultranest] [DEBUG] Plateau detected at L=-5.696451e+00, not replacing live point.
21:13:06 [ultranest] [DEBUG] Plateau detected at L=-5.696451e+00, not replacing live point.
21:13:06 [ultranest] [DEBUG] Plateau detected at L=-5.696451e+00, not replacing live point.
21:13:06 [ultranest] [DEBUG] Plateau detected at L=-5.696451e+00, not replacing live point.
21:13:06 [ultranest] [DEBUG] Plateau detected at L=-5.696451e+00, not replacing live point.
21:13:06 [ultranest] [DEBUG] Plateau detected at L=-5.696451e+00, not replacing live point.
21:13:06 [ultranest] [DEBUG] Plateau detected at L=-5.696451e+00, not replacing live point.
21:13:06 [ultranest] [DEBUG] Plateau detected at L=-5.696451e+00, not replacing live point.
21:13:06 [ultranest] [DEBUG] Plateau detected at L=-5.696451e+00, not replacing live point.
21:13:06 [ultranest] [DEBUG] Plateau detected at L=-5.696451e+00, not replacing live point.
21:13:06 [ultranest] [DEBUG] Plateau detected at L=-5.696451e+00, not replacing live point.
21:13:06 [ultranest] [DEBUG] Plateau detected at L=-5.696451e+00, not replacing live point.
21:13:06 [ultranest] [DEBUG] Plateau detected at L=-5.696451e+00, not replacing live point.
21:13:06 [ultranest] [DEBUG] Plateau detected at L=-5.696451e+00, not replacing live point.
21:13:06 [ultranest] [DEBUG] Plateau detected at L=-5.696451e+00, not replacing live point.
21:13:06 [ultranest] [DEBUG] Plateau detected at L=-5.696451e+00, not replacing live point.
21:13:06 [ultranest] [DEBUG] Plateau detected at L=-5.696451e+00, not replacing live point.
21:13:06 [ultranest] [DEBUG] Plateau detected at L=-5.696451e+00, not replacing live point.
21:13:06 [ultranest] [DEBUG] Plateau detected at L=-5.696451e+00, not replacing live point.
21:13:06 [ultranest] [DEBUG] Plateau detected at L=-5.696451e+00, not replacing live point.
21:13:06 [ultranest] [DEBUG] Plateau detected at L=-5.696451e+00, not replacing live point.
21:13:06 [ultranest] [DEBUG] Plateau detected at L=-5.696451e+00, not replacing live point.
21:13:06 [ultranest] [DEBUG] Plateau detected at L=-5.696451e+00, not replacing live point.
21:13:06 [ultranest] [DEBUG] Plateau detected at L=-5.696451e+00, not replacing live point.
21:13:06 [ultranest] [DEBUG] Plateau detected at L=-5.696451e+00, not replacing live point.
21:13:06 [ultranest] [DEBUG] Plateau detected at L=-5.696451e+00, not replacing live point.
21:13:06 [ultranest] [DEBUG] Plateau detected at L=-5.696451e+00, not replacing live point.
21:13:06 [ultranest] [DEBUG] Plateau detected at L=-5.696451e+00, not replacing live point.
21:13:06 [ultranest] [DEBUG] Plateau detected at L=-5.696451e+00, not replacing live point.
21:13:06 [ultranest] [DEBUG] Plateau detected at L=-5.696451e+00, not replacing live point.
21:13:06 [ultranest] [DEBUG] Plateau detected at L=-5.696451e+00, not replacing live point.
21:13:06 [ultranest] [DEBUG] Plateau detected at L=-5.696451e+00, not replacing live point.
21:13:06 [ultranest] [DEBUG] Plateau detected at L=-5.696451e+00, not replacing live point.
21:13:06 [ultranest] [DEBUG] Plateau detected at L=-5.696451e+00, not replacing live point.
21:13:06 [ultranest] [DEBUG] Plateau detected at L=-5.696451e+00, not replacing live point.
21:13:06 [ultranest] [DEBUG] Plateau detected at L=-5.696451e+00, not replacing live point.
21:13:06 [ultranest] [DEBUG] Plateau detected at L=-5.696451e+00, not replacing live point.
21:13:06 [ultranest] [DEBUG] Plateau detected at L=-5.696451e+00, not replacing live point.
21:13:06 [ultranest] [DEBUG] Plateau detected at L=-5.696451e+00, not replacing live point.
21:13:06 [ultranest] [DEBUG] Plateau detected at L=-5.696451e+00, not replacing live point.
21:13:06 [ultranest] [DEBUG] Plateau detected at L=-5.696451e+00, not replacing live point.
21:13:06 [ultranest] [DEBUG] Plateau detected at L=-5.696451e+00, not replacing live point.
21:13:06 [ultranest] [DEBUG] Plateau detected at L=-5.696451e+00, not replacing live point.
21:13:06 [ultranest] [DEBUG] Plateau detected at L=-5.696451e+00, not replacing live point.
21:13:06 [ultranest] [DEBUG] Plateau detected at L=-5.696451e+00, not replacing live point.
21:13:06 [ultranest] [DEBUG] Plateau detected at L=-5.696451e+00, not replacing live point.
21:13:06 [ultranest] [DEBUG] Plateau detected at L=-5.696451e+00, not replacing live point.
21:13:06 [ultranest] [DEBUG] Plateau detected at L=-5.696451e+00, not replacing live point.
21:13:06 [ultranest] [DEBUG] Plateau detected at L=-5.696451e+00, not replacing live point.
21:13:06 [ultranest] [DEBUG] Plateau detected at L=-5.696451e+00, not replacing live point.
21:13:06 [ultranest] [DEBUG] Plateau detected at L=-5.696451e+00, not replacing live point.
21:13:06 [ultranest] [DEBUG] Plateau detected at L=-5.696451e+00, not replacing live point.
21:13:06 [ultranest] [DEBUG] Plateau detected at L=-5.696451e+00, not replacing live point.
21:13:06 [ultranest] [DEBUG] Plateau detected at L=-5.696451e+00, not replacing live point.
21:13:06 [ultranest] [DEBUG] Plateau detected at L=-5.696451e+00, not replacing live point.
21:13:06 [ultranest] [DEBUG] Plateau detected at L=-5.696451e+00, not replacing live point.
21:13:06 [ultranest] [DEBUG] Plateau detected at L=-5.696451e+00, not replacing live point.
21:13:06 [ultranest] [DEBUG] Plateau detected at L=-5.696451e+00, not replacing live point.
21:13:06 [ultranest] [DEBUG] Plateau detected at L=-5.696451e+00, not replacing live point.
21:13:06 [ultranest] [DEBUG] Plateau detected at L=-5.696451e+00, not replacing live point.
21:13:06 [ultranest] [DEBUG] Plateau detected at L=-5.696451e+00, not replacing live point.
21:13:06 [ultranest] [DEBUG] Plateau detected at L=-5.696451e+00, not replacing live point.
21:13:06 [ultranest] [DEBUG] Plateau detected at L=-5.696451e+00, not replacing live point.
21:13:06 [ultranest] [DEBUG] Plateau detected at L=-5.696451e+00, not replacing live point.
21:13:06 [ultranest] [DEBUG] Plateau detected at L=-5.696451e+00, not replacing live point.
21:13:06 [ultranest] [DEBUG] Plateau detected at L=-5.696451e+00, not replacing live point.
21:13:06 [ultranest] [DEBUG] Plateau detected at L=-5.696451e+00, not replacing live point.
21:13:06 [ultranest] [DEBUG] Plateau detected at L=-5.696451e+00, not replacing live point.
21:13:06 [ultranest] [DEBUG] Plateau detected at L=-5.696451e+00, not replacing live point.
21:13:06 [ultranest] [DEBUG] Plateau detected at L=-5.696451e+00, not replacing live point.
21:13:06 [ultranest] [DEBUG] Plateau detected at L=-5.696451e+00, not replacing live point.
21:13:06 [ultranest] [DEBUG] Plateau detected at L=-5.696451e+00, not replacing live point.
21:13:06 [ultranest] [DEBUG] Plateau detected at L=-5.696451e+00, not replacing live point.
21:13:06 [ultranest] [DEBUG] Plateau detected at L=-5.696451e+00, not replacing live point.
21:13:06 [ultranest] [DEBUG] Plateau detected at L=-5.696451e+00, not replacing live point.
21:13:06 [ultranest] [DEBUG] Plateau detected at L=-5.696451e+00, not replacing live point.
21:13:06 [ultranest] [DEBUG] Plateau detected at L=-5.696451e+00, not replacing live point.
21:13:06 [ultranest] [DEBUG] Plateau detected at L=-5.696451e+00, not replacing live point.
21:13:06 [ultranest] [DEBUG] Plateau detected at L=-5.696451e+00, not replacing live point.
21:13:06 [ultranest] [DEBUG] Plateau detected at L=-5.696451e+00, not replacing live point.
21:13:06 [ultranest] [DEBUG] Plateau detected at L=-5.696451e+00, not replacing live point.
21:13:06 [ultranest] [DEBUG] Plateau detected at L=-5.696451e+00, not replacing live point.
21:13:06 [ultranest] [DEBUG] Plateau detected at L=-5.696451e+00, not replacing live point.
21:13:06 [ultranest] [DEBUG] Plateau detected at L=-5.696451e+00, not replacing live point.
21:13:06 [ultranest] [DEBUG] Plateau detected at L=-5.696451e+00, not replacing live point.
21:13:06 [ultranest] [DEBUG] Plateau detected at L=-5.696451e+00, not replacing live point.
21:13:06 [ultranest] [DEBUG] iteration=408, ncalls=514, regioncalls=4560, ndraw=40, logz=-6.10, remainder_fraction=76.8423%, Lmin=-5.70, Lmax=-0.67
21:13:07 [ultranest] [DEBUG] iteration=417, ncalls=559, regioncalls=6360, ndraw=40, logz=-6.07, remainder_fraction=76.1147%, Lmin=-5.70, Lmax=-0.67
21:13:07 [ultranest] [DEBUG] iteration=430, ncalls=597, regioncalls=7880, ndraw=40, logz=-6.04, remainder_fraction=74.0009%, Lmin=-5.67, Lmax=-0.67
21:13:07 [ultranest] [DEBUG] iteration=440, ncalls=615, regioncalls=8600, ndraw=40, logz=-6.02, remainder_fraction=73.3181%, Lmin=-5.62, Lmax=-0.67
21:13:07 [ultranest] [DEBUG] iteration=452, ncalls=645, regioncalls=9800, ndraw=40, logz=-6.00, remainder_fraction=71.8748%, Lmin=-5.38, Lmax=-0.67
21:13:07 [ultranest] [DEBUG] iteration=466, ncalls=698, regioncalls=11920, ndraw=40, logz=-5.96, remainder_fraction=69.9506%, Lmin=-5.01, Lmax=-0.67
21:13:07 [ultranest] [DEBUG] iteration=476, ncalls=729, regioncalls=13160, ndraw=40, logz=-5.93, remainder_fraction=68.2065%, Lmin=-4.79, Lmax=-0.67
21:13:07 [ultranest] [DEBUG] iteration=480, ncalls=744, regioncalls=13760, ndraw=40, logz=-5.92, remainder_fraction=67.3072%, Lmin=-4.62, Lmax=-0.67
21:13:07 [ultranest] [DEBUG] iteration=490, ncalls=787, regioncalls=15480, ndraw=40, logz=-5.89, remainder_fraction=66.4184%, Lmin=-4.39, Lmax=-0.67
21:13:07 [ultranest] [DEBUG] iteration=498, ncalls=822, regioncalls=16880, ndraw=40, logz=-5.86, remainder_fraction=65.3353%, Lmin=-4.20, Lmax=-0.67
21:13:07 [ultranest] [DEBUG] iteration=505, ncalls=869, regioncalls=18760, ndraw=40, logz=-5.83, remainder_fraction=64.8802%, Lmin=-3.97, Lmax=-0.67
21:13:08 [ultranest] [DEBUG] iteration=512, ncalls=921, regioncalls=20840, ndraw=40, logz=-5.80, remainder_fraction=63.5591%, Lmin=-3.83, Lmax=-0.67
21:13:08 [ultranest] [DEBUG] iteration=516, ncalls=972, regioncalls=22880, ndraw=40, logz=-5.78, remainder_fraction=63.4716%, Lmin=-3.80, Lmax=-0.67
21:13:08 [ultranest] [DEBUG] iteration=518, ncalls=999, regioncalls=23960, ndraw=40, logz=-5.77, remainder_fraction=63.4628%, Lmin=-3.75, Lmax=-0.66
21:13:08 [ultranest] [DEBUG] iteration=520, ncalls=1003, regioncalls=24120, ndraw=40, logz=-5.76, remainder_fraction=64.0382%, Lmin=-3.64, Lmax=-0.66
21:13:08 [ultranest] [DEBUG] iteration=530, ncalls=1046, regioncalls=25840, ndraw=40, logz=-5.71, remainder_fraction=62.3029%, Lmin=-3.47, Lmax=-0.66
21:13:08 [ultranest] [DEBUG] iteration=538, ncalls=1097, regioncalls=27880, ndraw=40, logz=-5.67, remainder_fraction=60.4610%, Lmin=-3.38, Lmax=-0.56
21:13:08 [ultranest] [DEBUG] iteration=540, ncalls=1105, regioncalls=28200, ndraw=40, logz=-5.66, remainder_fraction=60.9728%, Lmin=-3.32, Lmax=-0.56
21:13:08 [ultranest] [DEBUG] iteration=548, ncalls=1152, regioncalls=30080, ndraw=40, logz=-5.62, remainder_fraction=58.5639%, Lmin=-3.20, Lmax=-0.56
21:13:08 [ultranest] [DEBUG] iteration=556, ncalls=1197, regioncalls=31880, ndraw=40, logz=-5.58, remainder_fraction=57.6198%, Lmin=-3.10, Lmax=-0.56
21:13:08 [ultranest] [DEBUG] iteration=560, ncalls=1228, regioncalls=33120, ndraw=40, logz=-5.56, remainder_fraction=56.6491%, Lmin=-3.05, Lmax=-0.56
21:13:08 [ultranest] [DEBUG] iteration=565, ncalls=1264, regioncalls=34560, ndraw=40, logz=-5.54, remainder_fraction=55.0628%, Lmin=-3.03, Lmax=-0.56
21:13:09 [ultranest] [DEBUG] iteration=571, ncalls=1315, regioncalls=36600, ndraw=40, logz=-5.51, remainder_fraction=53.1392%, Lmin=-2.92, Lmax=-0.56
21:13:09 [ultranest] [DEBUG] iteration=577, ncalls=1364, regioncalls=38560, ndraw=40, logz=-5.48, remainder_fraction=51.4153%, Lmin=-2.81, Lmax=-0.56
21:13:09 [ultranest] [DEBUG] iteration=582, ncalls=1417, regioncalls=40680, ndraw=40, logz=-5.46, remainder_fraction=50.4392%, Lmin=-2.74, Lmax=-0.56
21:13:09 [ultranest] [DEBUG] iteration=587, ncalls=1454, regioncalls=42160, ndraw=40, logz=-5.43, remainder_fraction=49.1111%, Lmin=-2.71, Lmax=-0.56
21:13:09 [ultranest] [DEBUG] iteration=594, ncalls=1511, regioncalls=44440, ndraw=40, logz=-5.40, remainder_fraction=47.7599%, Lmin=-2.67, Lmax=-0.44
21:13:09 [ultranest] [DEBUG] iteration=596, ncalls=1575, regioncalls=47000, ndraw=40, logz=-5.40, remainder_fraction=47.9391%, Lmin=-2.67, Lmax=-0.44
21:13:09 [ultranest] [DEBUG] iteration=599, ncalls=1630, regioncalls=49200, ndraw=40, logz=-5.38, remainder_fraction=47.0456%, Lmin=-2.63, Lmax=-0.44
21:13:09 [ultranest] [DEBUG] iteration=600, ncalls=1632, regioncalls=49280, ndraw=40, logz=-5.38, remainder_fraction=46.8265%, Lmin=-2.63, Lmax=-0.44
21:13:09 [ultranest] [DEBUG] iteration=601, ncalls=1695, regioncalls=51800, ndraw=40, logz=-5.37, remainder_fraction=46.7713%, Lmin=-2.61, Lmax=-0.44
21:13:09 [ultranest] [DEBUG] iteration=606, ncalls=1765, regioncalls=54600, ndraw=40, logz=-5.35, remainder_fraction=45.5567%, Lmin=-2.57, Lmax=-0.44
21:13:10 [ultranest] [DEBUG] iteration=609, ncalls=1825, regioncalls=57000, ndraw=40, logz=-5.34, remainder_fraction=45.1898%, Lmin=-2.56, Lmax=-0.44
21:13:10 [ultranest] [DEBUG] iteration=613, ncalls=1871, regioncalls=58840, ndraw=40, logz=-5.33, remainder_fraction=43.9647%, Lmin=-2.52, Lmax=-0.44
21:13:10 [ultranest] [DEBUG] iteration=623, ncalls=1925, regioncalls=61000, ndraw=40, logz=-5.29, remainder_fraction=42.7397%, Lmin=-2.48, Lmax=-0.14
21:13:10 [ultranest] [DEBUG] iteration=628, ncalls=1994, regioncalls=63760, ndraw=40, logz=-5.27, remainder_fraction=41.3768%, Lmin=-2.45, Lmax=-0.14
21:13:10 [ultranest] [DEBUG] iteration=630, ncalls=2060, regioncalls=66400, ndraw=40, logz=-5.27, remainder_fraction=41.4935%, Lmin=-2.43, Lmax=-0.14
21:13:10 [ultranest] [DEBUG] iteration=633, ncalls=2116, regioncalls=68640, ndraw=40, logz=-5.26, remainder_fraction=41.0450%, Lmin=-2.41, Lmax=-0.14
21:13:10 [ultranest] [DEBUG] iteration=636, ncalls=2186, regioncalls=71440, ndraw=40, logz=-5.25, remainder_fraction=40.4123%, Lmin=-2.40, Lmax=-0.14
21:13:10 [ultranest] [DEBUG] iteration=640, ncalls=2202, regioncalls=72080, ndraw=40, logz=-5.24, remainder_fraction=39.7732%, Lmin=-2.35, Lmax=-0.14
21:13:11 [ultranest] [DEBUG] iteration=645, ncalls=2274, regioncalls=74960, ndraw=40, logz=-5.22, remainder_fraction=38.7327%, Lmin=-2.31, Lmax=-0.14
21:13:11 [ultranest] [DEBUG] iteration=649, ncalls=2328, regioncalls=77120, ndraw=40, logz=-5.21, remainder_fraction=37.9439%, Lmin=-2.26, Lmax=-0.14
21:13:11 [ultranest] [DEBUG] iteration=651, ncalls=2382, regioncalls=79280, ndraw=40, logz=-5.20, remainder_fraction=37.4807%, Lmin=-2.25, Lmax=-0.14
21:13:11 [ultranest] [DEBUG] iteration=656, ncalls=2508, regioncalls=84320, ndraw=40, logz=-5.19, remainder_fraction=36.1417%, Lmin=-2.23, Lmax=-0.14
21:13:11 [ultranest] [DEBUG] iteration=660, ncalls=2564, regioncalls=86560, ndraw=40, logz=-5.18, remainder_fraction=35.3666%, Lmin=-2.17, Lmax=-0.14
21:13:11 [ultranest] [DEBUG] iteration=663, ncalls=2622, regioncalls=88880, ndraw=40, logz=-5.17, remainder_fraction=34.6097%, Lmin=-2.13, Lmax=-0.14
21:13:11 [ultranest] [DEBUG] iteration=666, ncalls=2688, regioncalls=91520, ndraw=40, logz=-5.16, remainder_fraction=34.2681%, Lmin=-2.11, Lmax=-0.14
21:13:12 [ultranest] [DEBUG] iteration=668, ncalls=2742, regioncalls=93680, ndraw=40, logz=-5.16, remainder_fraction=33.9917%, Lmin=-2.09, Lmax=-0.14
21:13:12 [ultranest] [DEBUG] iteration=672, ncalls=2796, regioncalls=95840, ndraw=40, logz=-5.15, remainder_fraction=33.3076%, Lmin=-2.05, Lmax=-0.14
21:13:12 [ultranest] [DEBUG] iteration=673, ncalls=2893, regioncalls=99720, ndraw=40, logz=-5.14, remainder_fraction=33.0534%, Lmin=-2.05, Lmax=-0.14
21:13:12 [ultranest] [DEBUG] iteration=675, ncalls=2954, regioncalls=102160, ndraw=40, logz=-5.14, remainder_fraction=32.5983%, Lmin=-2.03, Lmax=-0.14
21:13:12 [ultranest] [DEBUG] iteration=677, ncalls=3041, regioncalls=105640, ndraw=40, logz=-5.13, remainder_fraction=32.0889%, Lmin=-2.03, Lmax=-0.14
21:13:12 [ultranest] [DEBUG] iteration=680, ncalls=3066, regioncalls=106640, ndraw=40, logz=-5.12, remainder_fraction=31.3611%, Lmin=-2.01, Lmax=-0.14
21:13:12 [ultranest] [DEBUG] iteration=682, ncalls=3127, regioncalls=109080, ndraw=40, logz=-5.12, remainder_fraction=31.0237%, Lmin=-1.97, Lmax=-0.14
21:13:12 [ultranest] [DEBUG] iteration=684, ncalls=3182, regioncalls=111280, ndraw=40, logz=-5.11, remainder_fraction=30.6548%, Lmin=-1.95, Lmax=-0.14
21:13:13 [ultranest] [DEBUG] iteration=687, ncalls=3258, regioncalls=114320, ndraw=40, logz=-5.11, remainder_fraction=30.0051%, Lmin=-1.93, Lmax=-0.14
21:13:13 [ultranest] [DEBUG] iteration=689, ncalls=3363, regioncalls=118520, ndraw=40, logz=-5.10, remainder_fraction=29.6334%, Lmin=-1.92, Lmax=-0.14
21:13:13 [ultranest] [DEBUG] iteration=690, ncalls=3410, regioncalls=120400, ndraw=40, logz=-5.10, remainder_fraction=29.5321%, Lmin=-1.91, Lmax=-0.14
21:13:13 [ultranest] [DEBUG] iteration=693, ncalls=3447, regioncalls=121880, ndraw=40, logz=-5.09, remainder_fraction=29.5112%, Lmin=-1.88, Lmax=-0.14
21:13:13 [ultranest] [DEBUG] iteration=694, ncalls=3453, regioncalls=122120, ndraw=40, logz=-5.09, remainder_fraction=29.3426%, Lmin=-1.88, Lmax=-0.14
21:13:13 [ultranest] [DEBUG] iteration=696, ncalls=3512, regioncalls=124480, ndraw=40, logz=-5.08, remainder_fraction=29.2269%, Lmin=-1.88, Lmax=-0.14
21:13:13 [ultranest] [DEBUG] iteration=697, ncalls=3575, regioncalls=127000, ndraw=40, logz=-5.08, remainder_fraction=28.9896%, Lmin=-1.86, Lmax=-0.14
21:13:13 [ultranest] [DEBUG] iteration=699, ncalls=3650, regioncalls=130000, ndraw=40, logz=-5.08, remainder_fraction=28.9897%, Lmin=-1.86, Lmax=-0.14
21:13:14 [ultranest] [DEBUG] iteration=702, ncalls=3690, regioncalls=131600, ndraw=40, logz=-5.07, remainder_fraction=28.3890%, Lmin=-1.85, Lmax=-0.14
21:13:14 [ultranest] [DEBUG] iteration=707, ncalls=3734, regioncalls=133400, ndraw=40, logz=-5.06, remainder_fraction=27.3900%, Lmin=-1.81, Lmax=-0.14
21:13:14 [ultranest] [DEBUG] iteration=713, ncalls=3782, regioncalls=135800, ndraw=40, logz=-5.05, remainder_fraction=26.2510%, Lmin=-1.79, Lmax=-0.14
21:13:14 [ultranest] [DEBUG] clustering found some stray points [need_accept=False] (array([1, 2]), array([95,  1]))
21:13:14 [ultranest] [DEBUG] iteration=717, ncalls=3830, regioncalls=137720, ndraw=40, logz=-5.04, remainder_fraction=25.4630%, Lmin=-1.75, Lmax=-0.14
21:13:14 [ultranest] [DEBUG] iteration=719, ncalls=3909, regioncalls=141040, ndraw=40, logz=-5.03, remainder_fraction=25.0878%, Lmin=-1.71, Lmax=-0.14
21:13:14 [ultranest] [DEBUG] iteration=720, ncalls=3956, regioncalls=142920, ndraw=40, logz=-5.03, remainder_fraction=24.9414%, Lmin=-1.71, Lmax=-0.14
21:13:14 [ultranest] [DEBUG] iteration=724, ncalls=4007, regioncalls=145120, ndraw=40, logz=-5.02, remainder_fraction=24.2210%, Lmin=-1.70, Lmax=-0.14
21:13:14 [ultranest] [DEBUG] iteration=728, ncalls=4115, regioncalls=149440, ndraw=40, logz=-5.02, remainder_fraction=23.5389%, Lmin=-1.67, Lmax=-0.14
21:13:15 [ultranest] [DEBUG] iteration=733, ncalls=4165, regioncalls=151480, ndraw=40, logz=-5.01, remainder_fraction=22.6931%, Lmin=-1.66, Lmax=-0.14
21:13:15 [ultranest] [DEBUG] iteration=734, ncalls=4225, regioncalls=153880, ndraw=40, logz=-5.00, remainder_fraction=22.7949%, Lmin=-1.65, Lmax=-0.14
21:13:15 [ultranest] [DEBUG] clustering found some stray points [need_accept=False] (array([1, 2]), array([95,  1]))
21:13:15 [ultranest] [DEBUG] iteration=738, ncalls=4284, regioncalls=156240, ndraw=40, logz=-5.00, remainder_fraction=22.4399%, Lmin=-1.62, Lmax=-0.14
21:13:15 [ultranest] [DEBUG] iteration=741, ncalls=4420, regioncalls=161680, ndraw=40, logz=-4.99, remainder_fraction=21.9298%, Lmin=-1.61, Lmax=-0.14
21:13:15 [ultranest] [DEBUG] iteration=744, ncalls=4482, regioncalls=164160, ndraw=40, logz=-4.99, remainder_fraction=21.6291%, Lmin=-1.60, Lmax=-0.14
21:13:15 [ultranest] [DEBUG] iteration=748, ncalls=4554, regioncalls=167040, ndraw=40, logz=-4.98, remainder_fraction=21.1238%, Lmin=-1.57, Lmax=-0.14
21:13:16 [ultranest] [DEBUG] iteration=750, ncalls=4632, regioncalls=170160, ndraw=40, logz=-4.98, remainder_fraction=20.9108%, Lmin=-1.56, Lmax=-0.14
21:13:16 [ultranest] [DEBUG] iteration=752, ncalls=4707, regioncalls=173160, ndraw=40, logz=-4.97, remainder_fraction=20.5519%, Lmin=-1.55, Lmax=-0.14
21:13:16 [ultranest] [DEBUG] iteration=755, ncalls=4787, regioncalls=176360, ndraw=40, logz=-4.97, remainder_fraction=20.2055%, Lmin=-1.53, Lmax=-0.14
21:13:16 [ultranest] [DEBUG] iteration=756, ncalls=4848, regioncalls=178800, ndraw=40, logz=-4.97, remainder_fraction=20.0192%, Lmin=-1.53, Lmax=-0.14
21:13:16 [ultranest] [DEBUG] iteration=758, ncalls=4934, regioncalls=182400, ndraw=40, logz=-4.96, remainder_fraction=19.7618%, Lmin=-1.52, Lmax=-0.14
21:13:16 [ultranest] [DEBUG] iteration=760, ncalls=5009, regioncalls=185400, ndraw=40, logz=-4.96, remainder_fraction=19.5079%, Lmin=-1.48, Lmax=-0.14
21:13:16 [ultranest] [DEBUG] iteration=761, ncalls=5049, regioncalls=187000, ndraw=40, logz=-4.96, remainder_fraction=19.3597%, Lmin=-1.48, Lmax=-0.14
21:13:17 [ultranest] [DEBUG] iteration=762, ncalls=5111, regioncalls=189480, ndraw=40, logz=-4.96, remainder_fraction=19.3605%, Lmin=-1.48, Lmax=-0.14
21:13:17 [ultranest] [DEBUG] iteration=764, ncalls=5163, regioncalls=192040, ndraw=40, logz=-4.95, remainder_fraction=19.0645%, Lmin=-1.47, Lmax=-0.14
21:13:17 [ultranest] [DEBUG] iteration=768, ncalls=5223, regioncalls=194440, ndraw=40, logz=-4.95, remainder_fraction=18.6782%, Lmin=-1.44, Lmax=-0.14
21:13:17 [ultranest] [DEBUG] iteration=769, ncalls=5273, regioncalls=196520, ndraw=40, logz=-4.95, remainder_fraction=18.5332%, Lmin=-1.43, Lmax=-0.14
21:13:17 [ultranest] [DEBUG] iteration=771, ncalls=5326, regioncalls=199000, ndraw=40, logz=-4.94, remainder_fraction=18.3169%, Lmin=-1.42, Lmax=-0.14
21:13:17 [ultranest] [DEBUG] iteration=772, ncalls=5388, regioncalls=201600, ndraw=40, logz=-4.94, remainder_fraction=18.1481%, Lmin=-1.42, Lmax=-0.14
21:13:17 [ultranest] [DEBUG] iteration=773, ncalls=5509, regioncalls=206600, ndraw=40, logz=-4.94, remainder_fraction=17.9987%, Lmin=-1.42, Lmax=-0.14
21:13:18 [ultranest] [DEBUG] iteration=776, ncalls=5562, regioncalls=208720, ndraw=40, logz=-4.94, remainder_fraction=17.6431%, Lmin=-1.39, Lmax=-0.14
21:13:18 [ultranest] [DEBUG] iteration=778, ncalls=5631, regioncalls=211520, ndraw=40, logz=-4.93, remainder_fraction=17.4176%, Lmin=-1.39, Lmax=-0.14
21:13:18 [ultranest] [DEBUG] iteration=780, ncalls=5718, regioncalls=215240, ndraw=40, logz=-4.93, remainder_fraction=17.1864%, Lmin=-1.38, Lmax=-0.14
21:13:18 [ultranest] [DEBUG] iteration=782, ncalls=5751, regioncalls=216560, ndraw=40, logz=-4.93, remainder_fraction=16.9039%, Lmin=-1.38, Lmax=-0.14
21:13:18 [ultranest] [DEBUG] iteration=784, ncalls=5808, regioncalls=219040, ndraw=40, logz=-4.93, remainder_fraction=16.8149%, Lmin=-1.37, Lmax=-0.14
21:13:18 [ultranest] [DEBUG] iteration=786, ncalls=5927, regioncalls=224480, ndraw=40, logz=-4.92, remainder_fraction=16.5546%, Lmin=-1.35, Lmax=-0.14
21:13:19 [ultranest] [DEBUG] iteration=787, ncalls=6040, regioncalls=229960, ndraw=40, logz=-4.92, remainder_fraction=16.3997%, Lmin=-1.35, Lmax=-0.14
21:13:19 [ultranest] [DEBUG] iteration=791, ncalls=6102, regioncalls=232680, ndraw=40, logz=-4.92, remainder_fraction=15.9399%, Lmin=-1.33, Lmax=-0.14
21:13:19 [ultranest] [DEBUG] iteration=793, ncalls=6156, regioncalls=234840, ndraw=40, logz=-4.91, remainder_fraction=15.8964%, Lmin=-1.33, Lmax=-0.14
21:13:19 [ultranest] [DEBUG] iteration=796, ncalls=6224, regioncalls=238160, ndraw=40, logz=-4.91, remainder_fraction=15.5546%, Lmin=-1.31, Lmax=-0.14
21:13:19 [ultranest] [DEBUG] iteration=798, ncalls=6281, regioncalls=240960, ndraw=40, logz=-4.91, remainder_fraction=15.2596%, Lmin=-1.28, Lmax=-0.14
21:13:19 [ultranest] [DEBUG] iteration=799, ncalls=6344, regioncalls=243680, ndraw=40, logz=-4.91, remainder_fraction=15.1838%, Lmin=-1.28, Lmax=-0.14
21:13:19 [ultranest] [DEBUG] iteration=800, ncalls=6346, regioncalls=243760, ndraw=40, logz=-4.90, remainder_fraction=15.0750%, Lmin=-1.28, Lmax=-0.14
21:13:19 [ultranest] [DEBUG] iteration=802, ncalls=6395, regioncalls=245960, ndraw=40, logz=-4.90, remainder_fraction=14.7962%, Lmin=-1.28, Lmax=-0.14
21:13:19 [ultranest] [DEBUG] iteration=803, ncalls=6485, regioncalls=250120, ndraw=40, logz=-4.90, remainder_fraction=14.6541%, Lmin=-1.26, Lmax=-0.14
21:13:20 [ultranest] [DEBUG] iteration=804, ncalls=6553, regioncalls=252840, ndraw=40, logz=-4.90, remainder_fraction=14.5797%, Lmin=-1.26, Lmax=-0.14
21:13:20 [ultranest] [DEBUG] iteration=807, ncalls=6629, regioncalls=255880, ndraw=40, logz=-4.90, remainder_fraction=14.2040%, Lmin=-1.25, Lmax=-0.14
21:13:20 [ultranest] [DEBUG] iteration=809, ncalls=6722, regioncalls=259680, ndraw=40, logz=-4.89, remainder_fraction=13.9692%, Lmin=-1.24, Lmax=-0.14
21:13:20 [ultranest] [DEBUG] iteration=814, ncalls=6837, regioncalls=264280, ndraw=40, logz=-4.89, remainder_fraction=13.4427%, Lmin=-1.20, Lmax=-0.14
21:13:20 [ultranest] [DEBUG] iteration=815, ncalls=6965, regioncalls=270000, ndraw=40, logz=-4.89, remainder_fraction=13.3159%, Lmin=-1.20, Lmax=-0.14
21:13:21 [ultranest] [DEBUG] iteration=816, ncalls=7042, regioncalls=273200, ndraw=40, logz=-4.89, remainder_fraction=13.2690%, Lmin=-1.19, Lmax=-0.14
21:13:21 [ultranest] [DEBUG] iteration=819, ncalls=7113, regioncalls=276040, ndraw=40, logz=-4.88, remainder_fraction=12.9270%, Lmin=-1.18, Lmax=-0.14
21:13:21 [ultranest] [DEBUG] iteration=822, ncalls=7294, regioncalls=283840, ndraw=40, logz=-4.88, remainder_fraction=12.6685%, Lmin=-1.18, Lmax=-0.14
21:13:21 [ultranest] [DEBUG] iteration=826, ncalls=7361, regioncalls=286560, ndraw=40, logz=-4.88, remainder_fraction=12.3565%, Lmin=-1.16, Lmax=-0.14
21:13:21 [ultranest] [DEBUG] iteration=827, ncalls=7435, regioncalls=290560, ndraw=40, logz=-4.87, remainder_fraction=12.3452%, Lmin=-1.16, Lmax=-0.14
21:13:21 [ultranest] [DEBUG] iteration=829, ncalls=7501, regioncalls=293280, ndraw=40, logz=-4.87, remainder_fraction=12.1362%, Lmin=-1.16, Lmax=-0.14
21:13:22 [ultranest] [DEBUG] iteration=831, ncalls=7553, regioncalls=295440, ndraw=40, logz=-4.87, remainder_fraction=11.9596%, Lmin=-1.15, Lmax=-0.14
21:13:22 [ultranest] [DEBUG] iteration=833, ncalls=7614, regioncalls=298080, ndraw=40, logz=-4.87, remainder_fraction=11.7684%, Lmin=-1.14, Lmax=-0.14
21:13:22 [ultranest] [DEBUG] iteration=835, ncalls=7667, regioncalls=300880, ndraw=40, logz=-4.87, remainder_fraction=11.5868%, Lmin=-1.13, Lmax=-0.14
21:13:22 [ultranest] [DEBUG] iteration=838, ncalls=7739, regioncalls=303800, ndraw=40, logz=-4.86, remainder_fraction=11.3358%, Lmin=-1.11, Lmax=-0.14
21:13:22 [ultranest] [DEBUG] iteration=839, ncalls=7800, regioncalls=306880, ndraw=40, logz=-4.86, remainder_fraction=11.2302%, Lmin=-1.11, Lmax=-0.14
21:13:22 [ultranest] [DEBUG] iteration=840, ncalls=7879, regioncalls=310400, ndraw=40, logz=-4.86, remainder_fraction=11.1260%, Lmin=-1.11, Lmax=-0.14
21:13:22 [ultranest] [DEBUG] iteration=842, ncalls=7930, regioncalls=312760, ndraw=40, logz=-4.86, remainder_fraction=10.9696%, Lmin=-1.10, Lmax=-0.14
21:13:22 [ultranest] [DEBUG] iteration=845, ncalls=8001, regioncalls=315640, ndraw=40, logz=-4.86, remainder_fraction=10.7039%, Lmin=-1.09, Lmax=-0.14
21:13:23 [ultranest] [DEBUG] iteration=847, ncalls=8096, regioncalls=320480, ndraw=40, logz=-4.86, remainder_fraction=10.5532%, Lmin=-1.09, Lmax=-0.14
21:13:23 [ultranest] [DEBUG] iteration=848, ncalls=8105, regioncalls=321040, ndraw=40, logz=-4.86, remainder_fraction=10.4636%, Lmin=-1.08, Lmax=-0.14
21:13:23 [ultranest] [DEBUG] iteration=852, ncalls=8172, regioncalls=324000, ndraw=40, logz=-4.85, remainder_fraction=10.1912%, Lmin=-1.07, Lmax=-0.14
21:13:23 [ultranest] [DEBUG] iteration=856, ncalls=8247, regioncalls=327520, ndraw=40, logz=-4.85, remainder_fraction=9.8518%, Lmin=-1.05, Lmax=-0.14
21:13:23 [ultranest] [DEBUG] iteration=857, ncalls=8312, regioncalls=330160, ndraw=40, logz=-4.85, remainder_fraction=9.7635%, Lmin=-1.05, Lmax=-0.14
21:13:23 [ultranest] [DEBUG] iteration=862, ncalls=8359, regioncalls=332040, ndraw=40, logz=-4.84, remainder_fraction=9.4056%, Lmin=-1.02, Lmax=-0.14
21:13:23 [ultranest] [DEBUG] iteration=863, ncalls=8474, regioncalls=337160, ndraw=40, logz=-4.84, remainder_fraction=9.3169%, Lmin=-1.02, Lmax=-0.14
21:13:24 [ultranest] [DEBUG] iteration=864, ncalls=8562, regioncalls=341040, ndraw=40, logz=-4.84, remainder_fraction=9.2748%, Lmin=-1.01, Lmax=-0.14
21:13:24 [ultranest] [DEBUG] iteration=866, ncalls=8644, regioncalls=344320, ndraw=40, logz=-4.84, remainder_fraction=9.1099%, Lmin=-1.01, Lmax=-0.14
21:13:24 [ultranest] [DEBUG] iteration=869, ncalls=8710, regioncalls=347800, ndraw=40, logz=-4.84, remainder_fraction=8.9203%, Lmin=-1.00, Lmax=-0.14
21:13:24 [ultranest] [DEBUG] iteration=872, ncalls=8789, regioncalls=351080, ndraw=40, logz=-4.84, remainder_fraction=8.6887%, Lmin=-0.99, Lmax=-0.14
21:13:24 [ultranest] [DEBUG] iteration=875, ncalls=8837, regioncalls=353440, ndraw=40, logz=-4.83, remainder_fraction=8.4826%, Lmin=-0.98, Lmax=-0.14
21:13:24 [ultranest] [DEBUG] iteration=878, ncalls=8943, regioncalls=357880, ndraw=40, logz=-4.83, remainder_fraction=8.2540%, Lmin=-0.95, Lmax=-0.14
21:13:25 [ultranest] [DEBUG] iteration=880, ncalls=8979, regioncalls=359320, ndraw=40, logz=-4.83, remainder_fraction=8.1433%, Lmin=-0.95, Lmax=-0.14
21:13:25 [ultranest] [DEBUG] iteration=882, ncalls=9033, regioncalls=361480, ndraw=40, logz=-4.83, remainder_fraction=8.0485%, Lmin=-0.93, Lmax=-0.14
21:13:25 [ultranest] [DEBUG] iteration=886, ncalls=9096, regioncalls=364240, ndraw=40, logz=-4.83, remainder_fraction=7.8162%, Lmin=-0.91, Lmax=-0.14
21:13:25 [ultranest] [DEBUG] iteration=887, ncalls=9180, regioncalls=367760, ndraw=40, logz=-4.83, remainder_fraction=7.7641%, Lmin=-0.90, Lmax=-0.14
21:13:25 [ultranest] [DEBUG] iteration=888, ncalls=9260, regioncalls=371200, ndraw=40, logz=-4.83, remainder_fraction=7.6937%, Lmin=-0.90, Lmax=-0.14
21:13:25 [ultranest] [DEBUG] iteration=891, ncalls=9341, regioncalls=374720, ndraw=40, logz=-4.82, remainder_fraction=7.4899%, Lmin=-0.90, Lmax=-0.14
21:13:25 [ultranest] [DEBUG] iteration=892, ncalls=9350, regioncalls=375240, ndraw=40, logz=-4.82, remainder_fraction=7.4152%, Lmin=-0.90, Lmax=-0.14
21:13:26 [ultranest] [DEBUG] iteration=897, ncalls=9568, regioncalls=387880, ndraw=40, logz=-4.82, remainder_fraction=7.1381%, Lmin=-0.89, Lmax=-0.14
21:13:26 [ultranest] [DEBUG] iteration=901, ncalls=9650, regioncalls=393080, ndraw=40, logz=-4.82, remainder_fraction=6.9458%, Lmin=-0.88, Lmax=-0.05
21:13:26 [ultranest] [DEBUG] iteration=902, ncalls=9708, regioncalls=396720, ndraw=40, logz=-4.82, remainder_fraction=6.9394%, Lmin=-0.88, Lmax=-0.05
21:13:26 [ultranest] [DEBUG] iteration=903, ncalls=9754, regioncalls=399440, ndraw=40, logz=-4.82, remainder_fraction=6.8826%, Lmin=-0.88, Lmax=-0.05
21:13:26 [ultranest] [DEBUG] iteration=905, ncalls=9843, regioncalls=404240, ndraw=40, logz=-4.82, remainder_fraction=6.7722%, Lmin=-0.87, Lmax=-0.05
21:13:27 [ultranest] [DEBUG] iteration=906, ncalls=9901, regioncalls=408200, ndraw=40, logz=-4.81, remainder_fraction=6.7089%, Lmin=-0.86, Lmax=-0.05
21:13:27 [ultranest] [DEBUG] iteration=908, ncalls=9951, regioncalls=411200, ndraw=40, logz=-4.81, remainder_fraction=6.6056%, Lmin=-0.83, Lmax=-0.05
21:13:27 [ultranest] [DEBUG] iteration=910, ncalls=10003, regioncalls=414560, ndraw=40, logz=-4.81, remainder_fraction=6.5044%, Lmin=-0.83, Lmax=-0.05
21:13:27 [ultranest] [DEBUG] iteration=912, ncalls=10051, regioncalls=417560, ndraw=40, logz=-4.81, remainder_fraction=6.3940%, Lmin=-0.83, Lmax=-0.05
21:13:27 [ultranest] [DEBUG] iteration=914, ncalls=10106, regioncalls=420680, ndraw=40, logz=-4.81, remainder_fraction=6.2974%, Lmin=-0.82, Lmax=-0.05
21:13:27 [ultranest] [DEBUG] iteration=916, ncalls=10171, regioncalls=423640, ndraw=40, logz=-4.81, remainder_fraction=6.1965%, Lmin=-0.81, Lmax=-0.05
21:13:28 [ultranest] [DEBUG] iteration=919, ncalls=10327, regioncalls=431360, ndraw=40, logz=-4.81, remainder_fraction=6.0991%, Lmin=-0.80, Lmax=-0.05
21:13:28 [ultranest] [DEBUG] iteration=920, ncalls=10334, regioncalls=431640, ndraw=40, logz=-4.81, remainder_fraction=6.0439%, Lmin=-0.79, Lmax=-0.05
21:13:28 [ultranest] [DEBUG] iteration=921, ncalls=10382, regioncalls=433960, ndraw=40, logz=-4.81, remainder_fraction=6.0280%, Lmin=-0.79, Lmax=-0.05
21:13:28 [ultranest] [DEBUG] iteration=923, ncalls=10430, regioncalls=436360, ndraw=40, logz=-4.81, remainder_fraction=5.9649%, Lmin=-0.78, Lmax=-0.05
21:13:28 [ultranest] [DEBUG] iteration=925, ncalls=10474, regioncalls=438200, ndraw=40, logz=-4.80, remainder_fraction=5.8597%, Lmin=-0.76, Lmax=-0.05
21:13:28 [ultranest] [DEBUG] iteration=927, ncalls=10522, regioncalls=440160, ndraw=40, logz=-4.80, remainder_fraction=5.7807%, Lmin=-0.76, Lmax=-0.05
21:13:28 [ultranest] [DEBUG] iteration=930, ncalls=10589, regioncalls=443120, ndraw=40, logz=-4.80, remainder_fraction=5.6281%, Lmin=-0.76, Lmax=-0.05
21:13:28 [ultranest] [DEBUG] iteration=933, ncalls=10697, regioncalls=448000, ndraw=40, logz=-4.80, remainder_fraction=5.4817%, Lmin=-0.74, Lmax=-0.05
21:13:28 [ultranest] [DEBUG] iteration=936, ncalls=10750, regioncalls=450720, ndraw=40, logz=-4.80, remainder_fraction=5.3289%, Lmin=-0.73, Lmax=-0.05
21:13:29 [ultranest] [DEBUG] iteration=938, ncalls=10799, regioncalls=453120, ndraw=40, logz=-4.80, remainder_fraction=5.2400%, Lmin=-0.73, Lmax=-0.05
21:13:29 [ultranest] [DEBUG] iteration=939, ncalls=10863, regioncalls=456400, ndraw=40, logz=-4.80, remainder_fraction=5.1911%, Lmin=-0.72, Lmax=-0.05
21:13:29 [ultranest] [DEBUG] iteration=940, ncalls=10913, regioncalls=459200, ndraw=40, logz=-4.80, remainder_fraction=5.1464%, Lmin=-0.72, Lmax=-0.05
21:13:29 [ultranest] [DEBUG] iteration=944, ncalls=10968, regioncalls=461680, ndraw=40, logz=-4.80, remainder_fraction=4.9852%, Lmin=-0.71, Lmax=-0.05
21:13:29 [ultranest] [DEBUG] iteration=947, ncalls=11103, regioncalls=469000, ndraw=40, logz=-4.79, remainder_fraction=4.8579%, Lmin=-0.69, Lmax=-0.05
21:13:29 [ultranest] [DEBUG] iteration=951, ncalls=11167, regioncalls=471840, ndraw=40, logz=-4.79, remainder_fraction=4.7122%, Lmin=-0.67, Lmax=-0.05
21:13:30 [ultranest] [DEBUG] iteration=952, ncalls=11254, regioncalls=475760, ndraw=40, logz=-4.79, remainder_fraction=4.6683%, Lmin=-0.67, Lmax=-0.05
21:13:30 [ultranest] [DEBUG] iteration=954, ncalls=11324, regioncalls=479600, ndraw=40, logz=-4.79, remainder_fraction=4.5854%, Lmin=-0.66, Lmax=-0.05
21:13:30 [ultranest] [DEBUG] iteration=956, ncalls=11378, regioncalls=482280, ndraw=40, logz=-4.79, remainder_fraction=4.4949%, Lmin=-0.66, Lmax=-0.05
21:13:30 [ultranest] [DEBUG] iteration=957, ncalls=11425, regioncalls=484960, ndraw=40, logz=-4.79, remainder_fraction=4.4521%, Lmin=-0.66, Lmax=-0.05
21:13:30 [ultranest] [DEBUG] iteration=958, ncalls=11445, regioncalls=486480, ndraw=40, logz=-4.79, remainder_fraction=4.4105%, Lmin=-0.65, Lmax=-0.05
21:13:30 [ultranest] [DEBUG] iteration=960, ncalls=11493, regioncalls=489000, ndraw=40, logz=-4.79, remainder_fraction=4.3508%, Lmin=-0.65, Lmax=-0.05
21:13:31 [ultranest] [DEBUG] iteration=961, ncalls=11755, regioncalls=501120, ndraw=40, logz=-4.79, remainder_fraction=4.3106%, Lmin=-0.65, Lmax=-0.04
21:13:31 [ultranest] [DEBUG] iteration=963, ncalls=11854, regioncalls=506080, ndraw=40, logz=-4.79, remainder_fraction=4.2513%, Lmin=-0.64, Lmax=-0.04
21:13:31 [ultranest] [DEBUG] iteration=965, ncalls=11896, regioncalls=507960, ndraw=40, logz=-4.79, remainder_fraction=4.1897%, Lmin=-0.63, Lmax=-0.04
21:13:31 [ultranest] [DEBUG] iteration=967, ncalls=11956, regioncalls=511200, ndraw=40, logz=-4.79, remainder_fraction=4.1270%, Lmin=-0.63, Lmax=-0.04
21:13:31 [ultranest] [DEBUG] iteration=971, ncalls=12006, regioncalls=513840, ndraw=40, logz=-4.79, remainder_fraction=3.9742%, Lmin=-0.61, Lmax=-0.04
21:13:31 [ultranest] [DEBUG] iteration=972, ncalls=12069, regioncalls=516600, ndraw=40, logz=-4.78, remainder_fraction=3.9391%, Lmin=-0.61, Lmax=-0.04
21:13:32 [ultranest] [DEBUG] iteration=973, ncalls=12157, regioncalls=521440, ndraw=40, logz=-4.78, remainder_fraction=3.9113%, Lmin=-0.60, Lmax=-0.04
21:13:32 [ultranest] [DEBUG] iteration=975, ncalls=12215, regioncalls=524440, ndraw=40, logz=-4.78, remainder_fraction=3.8373%, Lmin=-0.59, Lmax=-0.04
21:13:32 [ultranest] [DEBUG] iteration=977, ncalls=12367, regioncalls=532680, ndraw=40, logz=-4.78, remainder_fraction=3.7724%, Lmin=-0.59, Lmax=-0.04
21:13:32 [ultranest] [DEBUG] iteration=980, ncalls=12447, regioncalls=536600, ndraw=40, logz=-4.78, remainder_fraction=3.6593%, Lmin=-0.58, Lmax=-0.04
21:13:32 [ultranest] [DEBUG] iteration=982, ncalls=12527, regioncalls=540360, ndraw=40, logz=-4.78, remainder_fraction=3.5998%, Lmin=-0.58, Lmax=-0.04
21:13:33 [ultranest] [DEBUG] iteration=983, ncalls=12651, regioncalls=546760, ndraw=40, logz=-4.78, remainder_fraction=3.5732%, Lmin=-0.58, Lmax=-0.04
21:13:33 [ultranest] [DEBUG] iteration=985, ncalls=12695, regioncalls=549360, ndraw=40, logz=-4.78, remainder_fraction=3.5143%, Lmin=-0.57, Lmax=-0.04
21:13:33 [ultranest] [DEBUG] iteration=986, ncalls=12774, regioncalls=553320, ndraw=40, logz=-4.78, remainder_fraction=3.4824%, Lmin=-0.57, Lmax=-0.04
21:13:33 [ultranest] [DEBUG] iteration=988, ncalls=12908, regioncalls=560360, ndraw=40, logz=-4.78, remainder_fraction=3.4139%, Lmin=-0.57, Lmax=-0.04
21:13:33 [ultranest] [DEBUG] iteration=991, ncalls=12979, regioncalls=563360, ndraw=40, logz=-4.78, remainder_fraction=3.3277%, Lmin=-0.56, Lmax=-0.04
21:13:34 [ultranest] [DEBUG] iteration=995, ncalls=13035, regioncalls=566080, ndraw=40, logz=-4.78, remainder_fraction=3.2049%, Lmin=-0.56, Lmax=-0.04
21:13:34 [ultranest] [DEBUG] iteration=996, ncalls=13085, regioncalls=569160, ndraw=40, logz=-4.78, remainder_fraction=3.1865%, Lmin=-0.56, Lmax=-0.04
21:13:34 [ultranest] [DEBUG] iteration=998, ncalls=13172, regioncalls=573480, ndraw=40, logz=-4.78, remainder_fraction=3.1286%, Lmin=-0.55, Lmax=-0.04
21:13:34 [ultranest] [DEBUG] iteration=1000, ncalls=13246, regioncalls=576800, ndraw=40, logz=-4.78, remainder_fraction=3.0801%, Lmin=-0.55, Lmax=-0.04
21:13:34 [ultranest] [DEBUG] clustering found some stray points [need_accept=False] (array([1, 2]), array([95,  1]))
21:13:34 [ultranest] [DEBUG] iteration=1002, ncalls=13300, regioncalls=579560, ndraw=40, logz=-4.78, remainder_fraction=3.0237%, Lmin=-0.54, Lmax=-0.04
21:13:34 [ultranest] [DEBUG] iteration=1006, ncalls=13350, regioncalls=581680, ndraw=40, logz=-4.77, remainder_fraction=2.9174%, Lmin=-0.53, Lmax=-0.04
21:13:34 [ultranest] [DEBUG] iteration=1008, ncalls=13457, regioncalls=587560, ndraw=40, logz=-4.77, remainder_fraction=2.8675%, Lmin=-0.53, Lmax=-0.04
21:13:35 [ultranest] [DEBUG] iteration=1010, ncalls=13516, regioncalls=590520, ndraw=40, logz=-4.77, remainder_fraction=2.8151%, Lmin=-0.53, Lmax=-0.04
21:13:35 [ultranest] [DEBUG] iteration=1012, ncalls=13582, regioncalls=594360, ndraw=40, logz=-4.77, remainder_fraction=2.7669%, Lmin=-0.53, Lmax=-0.04
21:13:35 [ultranest] [DEBUG] iteration=1014, ncalls=13635, regioncalls=596600, ndraw=40, logz=-4.77, remainder_fraction=2.7181%, Lmin=-0.53, Lmax=-0.04
21:13:35 [ultranest] [DEBUG] iteration=1016, ncalls=13701, regioncalls=599600, ndraw=40, logz=-4.77, remainder_fraction=2.6771%, Lmin=-0.52, Lmax=-0.04
21:13:35 [ultranest] [DEBUG] iteration=1017, ncalls=13784, regioncalls=603640, ndraw=40, logz=-4.77, remainder_fraction=2.6504%, Lmin=-0.52, Lmax=-0.04
21:13:35 [ultranest] [DEBUG] iteration=1018, ncalls=13835, regioncalls=606080, ndraw=40, logz=-4.77, remainder_fraction=2.6275%, Lmin=-0.52, Lmax=-0.04
21:13:36 [ultranest] [DEBUG] iteration=1021, ncalls=13956, regioncalls=611360, ndraw=40, logz=-4.77, remainder_fraction=2.5544%, Lmin=-0.51, Lmax=-0.04
21:13:36 [ultranest] [DEBUG] iteration=1022, ncalls=14031, regioncalls=615040, ndraw=40, logz=-4.77, remainder_fraction=2.5333%, Lmin=-0.51, Lmax=-0.04
21:13:36 [ultranest] [DEBUG] clustering found some stray points [need_accept=False] (array([1, 2]), array([95,  1]))
21:13:36 [ultranest] [DEBUG] iteration=1025, ncalls=14142, regioncalls=620600, ndraw=40, logz=-4.77, remainder_fraction=2.4711%, Lmin=-0.49, Lmax=-0.04
21:13:36 [ultranest] [DEBUG] iteration=1026, ncalls=14294, regioncalls=627600, ndraw=40, logz=-4.77, remainder_fraction=2.4482%, Lmin=-0.49, Lmax=-0.04
21:13:36 [ultranest] [DEBUG] iteration=1027, ncalls=14352, regioncalls=630600, ndraw=40, logz=-4.77, remainder_fraction=2.4231%, Lmin=-0.49, Lmax=-0.04
21:13:37 [ultranest] [DEBUG] iteration=1028, ncalls=14492, regioncalls=637840, ndraw=40, logz=-4.77, remainder_fraction=2.4091%, Lmin=-0.48, Lmax=-0.04
21:13:37 [ultranest] [DEBUG] iteration=1031, ncalls=14558, regioncalls=640960, ndraw=40, logz=-4.77, remainder_fraction=2.3421%, Lmin=-0.48, Lmax=-0.04
21:13:37 [ultranest] [DEBUG] iteration=1032, ncalls=14642, regioncalls=645400, ndraw=40, logz=-4.77, remainder_fraction=2.3199%, Lmin=-0.47, Lmax=-0.04
21:13:37 [ultranest] [DEBUG] iteration=1033, ncalls=14737, regioncalls=649840, ndraw=40, logz=-4.77, remainder_fraction=2.3025%, Lmin=-0.47, Lmax=-0.04
21:13:37 [ultranest] [DEBUG] iteration=1035, ncalls=14800, regioncalls=652720, ndraw=40, logz=-4.77, remainder_fraction=2.2615%, Lmin=-0.47, Lmax=-0.04
21:13:38 [ultranest] [DEBUG] iteration=1036, ncalls=14894, regioncalls=657800, ndraw=40, logz=-4.77, remainder_fraction=2.2406%, Lmin=-0.47, Lmax=-0.04
21:13:38 [ultranest] [DEBUG] iteration=1038, ncalls=15002, regioncalls=663400, ndraw=40, logz=-4.77, remainder_fraction=2.2045%, Lmin=-0.46, Lmax=-0.04
21:13:38 [ultranest] [DEBUG] iteration=1040, ncalls=15097, regioncalls=668000, ndraw=40, logz=-4.77, remainder_fraction=2.1669%, Lmin=-0.46, Lmax=-0.04
21:13:38 [ultranest] [DEBUG] iteration=1044, ncalls=15145, regioncalls=670920, ndraw=40, logz=-4.77, remainder_fraction=2.0936%, Lmin=-0.45, Lmax=-0.04
21:13:38 [ultranest] [DEBUG] clustering found some stray points [need_accept=False] (array([1, 2]), array([95,  1]))
21:13:38 [ultranest] [DEBUG] iteration=1047, ncalls=15267, regioncalls=676400, ndraw=40, logz=-4.77, remainder_fraction=2.0397%, Lmin=-0.44, Lmax=-0.04
21:13:38 [ultranest] [DEBUG] iteration=1049, ncalls=15317, regioncalls=679000, ndraw=40, logz=-4.76, remainder_fraction=2.0054%, Lmin=-0.44, Lmax=-0.04
21:13:39 [ultranest] [DEBUG] iteration=1052, ncalls=15455, regioncalls=686000, ndraw=40, logz=-4.76, remainder_fraction=1.9503%, Lmin=-0.43, Lmax=-0.04
21:13:39 [ultranest] [DEBUG] iteration=1053, ncalls=15625, regioncalls=694680, ndraw=40, logz=-4.76, remainder_fraction=1.9323%, Lmin=-0.43, Lmax=-0.04
21:13:39 [ultranest] [DEBUG] iteration=1054, ncalls=15697, regioncalls=698400, ndraw=40, logz=-4.76, remainder_fraction=1.9124%, Lmin=-0.43, Lmax=-0.04
21:13:39 [ultranest] [DEBUG] iteration=1055, ncalls=15753, regioncalls=701560, ndraw=40, logz=-4.76, remainder_fraction=1.8960%, Lmin=-0.43, Lmax=-0.04
21:13:40 [ultranest] [DEBUG] iteration=1056, ncalls=15908, regioncalls=709320, ndraw=40, logz=-4.76, remainder_fraction=1.8766%, Lmin=-0.43, Lmax=-0.04
21:13:40 [ultranest] [DEBUG] iteration=1058, ncalls=16045, regioncalls=716160, ndraw=40, logz=-4.76, remainder_fraction=1.8443%, Lmin=-0.42, Lmax=-0.04
21:13:40 [ultranest] [DEBUG] iteration=1061, ncalls=16188, regioncalls=723520, ndraw=40, logz=-4.76, remainder_fraction=1.7920%, Lmin=-0.42, Lmax=-0.04
21:13:40 [ultranest] [DEBUG] iteration=1062, ncalls=16270, regioncalls=728280, ndraw=40, logz=-4.76, remainder_fraction=1.7775%, Lmin=-0.41, Lmax=-0.04
21:13:41 [ultranest] [DEBUG] iteration=1064, ncalls=16338, regioncalls=732280, ndraw=40, logz=-4.76, remainder_fraction=1.7440%, Lmin=-0.41, Lmax=-0.04
21:13:41 [ultranest] [DEBUG] iteration=1065, ncalls=16430, regioncalls=736320, ndraw=40, logz=-4.76, remainder_fraction=1.7317%, Lmin=-0.41, Lmax=-0.04
21:13:41 [ultranest] [DEBUG] iteration=1068, ncalls=16593, regioncalls=743920, ndraw=40, logz=-4.76, remainder_fraction=1.6810%, Lmin=-0.40, Lmax=-0.04
21:13:41 [ultranest] [DEBUG] iteration=1070, ncalls=16687, regioncalls=748320, ndraw=40, logz=-4.76, remainder_fraction=1.6537%, Lmin=-0.40, Lmax=-0.04
21:13:42 [ultranest] [DEBUG] iteration=1071, ncalls=16804, regioncalls=754560, ndraw=40, logz=-4.76, remainder_fraction=1.6393%, Lmin=-0.40, Lmax=-0.04
21:13:42 [ultranest] [DEBUG] iteration=1073, ncalls=16922, regioncalls=760920, ndraw=40, logz=-4.76, remainder_fraction=1.6085%, Lmin=-0.39, Lmax=-0.04
21:13:42 [ultranest] [DEBUG] iteration=1075, ncalls=17015, regioncalls=765960, ndraw=40, logz=-4.76, remainder_fraction=1.5772%, Lmin=-0.39, Lmax=-0.04
21:13:42 [ultranest] [DEBUG] iteration=1076, ncalls=17062, regioncalls=768680, ndraw=40, logz=-4.76, remainder_fraction=1.5631%, Lmin=-0.39, Lmax=-0.04
21:13:43 [ultranest] [DEBUG] iteration=1077, ncalls=17174, regioncalls=774840, ndraw=40, logz=-4.76, remainder_fraction=1.5482%, Lmin=-0.38, Lmax=-0.04
21:13:43 [ultranest] [DEBUG] iteration=1078, ncalls=17252, regioncalls=778960, ndraw=40, logz=-4.76, remainder_fraction=1.5350%, Lmin=-0.38, Lmax=-0.04
21:13:43 [ultranest] [DEBUG] iteration=1079, ncalls=17319, regioncalls=782840, ndraw=40, logz=-4.76, remainder_fraction=1.5215%, Lmin=-0.38, Lmax=-0.04
21:13:44 [ultranest] [DEBUG] iteration=1080, ncalls=17600, regioncalls=797600, ndraw=40, logz=-4.76, remainder_fraction=1.5072%, Lmin=-0.38, Lmax=-0.04
21:13:44 [ultranest] [DEBUG] iteration=1082, ncalls=17647, regioncalls=800600, ndraw=40, logz=-4.76, remainder_fraction=1.4817%, Lmin=-0.37, Lmax=-0.04
21:13:44 [ultranest] [DEBUG] iteration=1083, ncalls=17795, regioncalls=808880, ndraw=40, logz=-4.76, remainder_fraction=1.4676%, Lmin=-0.37, Lmax=-0.04
21:13:45 [ultranest] [DEBUG] iteration=1084, ncalls=17848, regioncalls=811800, ndraw=40, logz=-4.76, remainder_fraction=1.4544%, Lmin=-0.37, Lmax=-0.04
21:13:45 [ultranest] [DEBUG] iteration=1085, ncalls=17988, regioncalls=820080, ndraw=40, logz=-4.76, remainder_fraction=1.4419%, Lmin=-0.37, Lmax=-0.04
21:13:45 [ultranest] [DEBUG] iteration=1087, ncalls=18137, regioncalls=828080, ndraw=40, logz=-4.76, remainder_fraction=1.4174%, Lmin=-0.37, Lmax=-0.04
21:13:45 [ultranest] [DEBUG] iteration=1088, ncalls=18177, regioncalls=830000, ndraw=40, logz=-4.76, remainder_fraction=1.4043%, Lmin=-0.37, Lmax=-0.04
21:13:45 [ultranest] [DEBUG] iteration=1089, ncalls=18227, regioncalls=832120, ndraw=40, logz=-4.76, remainder_fraction=1.3904%, Lmin=-0.36, Lmax=-0.04
21:13:46 [ultranest] [DEBUG] iteration=1090, ncalls=18325, regioncalls=836720, ndraw=40, logz=-4.76, remainder_fraction=1.3765%, Lmin=-0.36, Lmax=-0.04
21:13:46 [ultranest] [DEBUG] iteration=1091, ncalls=18405, regioncalls=841160, ndraw=40, logz=-4.76, remainder_fraction=1.3628%, Lmin=-0.36, Lmax=-0.04
21:13:46 [ultranest] [DEBUG] iteration=1093, ncalls=18582, regioncalls=850800, ndraw=40, logz=-4.76, remainder_fraction=1.3398%, Lmin=-0.35, Lmax=-0.04
21:13:47 [ultranest] [DEBUG] iteration=1094, ncalls=18802, regioncalls=862560, ndraw=40, logz=-4.76, remainder_fraction=1.3260%, Lmin=-0.35, Lmax=-0.04
21:13:47 [ultranest] [DEBUG] iteration=1095, ncalls=18838, regioncalls=864960, ndraw=40, logz=-4.76, remainder_fraction=1.3135%, Lmin=-0.34, Lmax=-0.04
21:13:48 [ultranest] [DEBUG] iteration=1096, ncalls=19028, regioncalls=875520, ndraw=40, logz=-4.76, remainder_fraction=1.3020%, Lmin=-0.34, Lmax=-0.04
21:13:48 [ultranest] [DEBUG] iteration=1097, ncalls=19108, regioncalls=880320, ndraw=40, logz=-4.76, remainder_fraction=1.2911%, Lmin=-0.34, Lmax=-0.04
21:13:48 [ultranest] [DEBUG] iteration=1098, ncalls=19152, regioncalls=883080, ndraw=40, logz=-4.76, remainder_fraction=1.2801%, Lmin=-0.34, Lmax=-0.04
21:13:48 [ultranest] [DEBUG] iteration=1099, ncalls=19243, regioncalls=887600, ndraw=40, logz=-4.76, remainder_fraction=1.2676%, Lmin=-0.34, Lmax=-0.04
21:13:48 [ultranest] [DEBUG] iteration=1100, ncalls=19308, regioncalls=891200, ndraw=40, logz=-4.76, remainder_fraction=1.2582%, Lmin=-0.33, Lmax=-0.04
21:13:49 [ultranest] [DEBUG] iteration=1101, ncalls=19414, regioncalls=897760, ndraw=40, logz=-4.76, remainder_fraction=1.2471%, Lmin=-0.33, Lmax=-0.04
21:13:49 [ultranest] [DEBUG] iteration=1102, ncalls=19599, regioncalls=907720, ndraw=40, logz=-4.76, remainder_fraction=1.2348%, Lmin=-0.32, Lmax=-0.04
21:13:49 [ultranest] [DEBUG] iteration=1103, ncalls=19664, regioncalls=911720, ndraw=40, logz=-4.76, remainder_fraction=1.2245%, Lmin=-0.32, Lmax=-0.04
21:13:50 [ultranest] [DEBUG] iteration=1104, ncalls=20197, regioncalls=940480, ndraw=40, logz=-4.76, remainder_fraction=1.2140%, Lmin=-0.32, Lmax=-0.04
21:13:51 [ultranest] [DEBUG] iteration=1105, ncalls=20357, regioncalls=948960, ndraw=40, logz=-4.76, remainder_fraction=1.2034%, Lmin=-0.32, Lmax=-0.04
21:13:51 [ultranest] [DEBUG] iteration=1106, ncalls=20414, regioncalls=952160, ndraw=40, logz=-4.76, remainder_fraction=1.1919%, Lmin=-0.32, Lmax=-0.04
21:13:52 [ultranest] [DEBUG] iteration=1108, ncalls=20679, regioncalls=968320, ndraw=40, logz=-4.76, remainder_fraction=1.1678%, Lmin=-0.32, Lmax=-0.04
21:13:52 [ultranest] [DEBUG] iteration=1109, ncalls=20840, regioncalls=977360, ndraw=40, logz=-4.76, remainder_fraction=1.1560%, Lmin=-0.32, Lmax=-0.04
21:13:52 [ultranest] [DEBUG] iteration=1110, ncalls=20979, regioncalls=986320, ndraw=40, logz=-4.76, remainder_fraction=1.1472%, Lmin=-0.31, Lmax=-0.04
21:13:53 [ultranest] [DEBUG] iteration=1111, ncalls=21245, regioncalls=1000360, ndraw=40, logz=-4.76, remainder_fraction=1.1361%, Lmin=-0.31, Lmax=-0.04
21:13:53 [ultranest] [DEBUG] iteration=1112, ncalls=21268, regioncalls=1003440, ndraw=40, logz=-4.76, remainder_fraction=1.1256%, Lmin=-0.31, Lmax=-0.04
21:13:53 [ultranest] [DEBUG] iteration=1115, ncalls=21315, regioncalls=1007920, ndraw=40, logz=-4.76, remainder_fraction=1.0941%, Lmin=-0.30, Lmax=-0.04
21:13:53 [ultranest] [DEBUG] iteration=1119, ncalls=21361, regioncalls=1011440, ndraw=40, logz=-4.76, remainder_fraction=1.0540%, Lmin=-0.30, Lmax=-0.04
21:13:53 [ultranest] [DEBUG] iteration=1120, ncalls=21367, regioncalls=1011760, ndraw=40, logz=-4.76, remainder_fraction=1.0433%, Lmin=-0.30, Lmax=-0.04
21:13:53 [ultranest] [DEBUG] iteration=1125, ncalls=21491, regioncalls=1022560, ndraw=40, logz=-4.75, remainder_fraction=0.9956%, Lmin=-0.29, Lmax=-0.04
21:13:53 [ultranest] [DEBUG] iteration=1129, ncalls=21532, regioncalls=1025080, ndraw=40, logz=-4.75, remainder_fraction=0.9599%, Lmin=-0.28, Lmax=-0.04
21:13:54 [ultranest] [DEBUG] iteration=1133, ncalls=21638, regioncalls=1033280, ndraw=40, logz=-4.75, remainder_fraction=0.9248%, Lmin=-0.28, Lmax=-0.04
21:13:54 [ultranest] [DEBUG] iteration=1134, ncalls=21648, regioncalls=1034000, ndraw=40, logz=-4.75, remainder_fraction=0.9162%, Lmin=-0.28, Lmax=-0.04
21:13:54 [ultranest] [DEBUG] iteration=1137, ncalls=21753, regioncalls=1039720, ndraw=40, logz=-4.75, remainder_fraction=0.8905%, Lmin=-0.27, Lmax=-0.04
21:13:54 [ultranest] [DEBUG] iteration=1139, ncalls=21810, regioncalls=1043560, ndraw=40, logz=-4.75, remainder_fraction=0.8738%, Lmin=-0.27, Lmax=-0.04
21:13:54 [ultranest] [DEBUG] iteration=1144, ncalls=21859, regioncalls=1046080, ndraw=40, logz=-4.75, remainder_fraction=0.8337%, Lmin=-0.26, Lmax=-0.04
21:13:54 [ultranest] [DEBUG] iteration=1146, ncalls=21910, regioncalls=1049480, ndraw=40, logz=-4.75, remainder_fraction=0.8194%, Lmin=-0.25, Lmax=-0.04
21:13:54 [ultranest] [DEBUG] iteration=1151, ncalls=21956, regioncalls=1051600, ndraw=40, logz=-4.75, remainder_fraction=0.7815%, Lmin=-0.25, Lmax=-0.04
21:13:55 [ultranest] [DEBUG] iteration=1154, ncalls=22003, regioncalls=1054840, ndraw=40, logz=-4.75, remainder_fraction=0.7589%, Lmin=-0.24, Lmax=-0.04
21:13:55 [ultranest] [DEBUG] iteration=1156, ncalls=22067, regioncalls=1058480, ndraw=40, logz=-4.75, remainder_fraction=0.7440%, Lmin=-0.23, Lmax=-0.04
21:13:55 [ultranest] [DEBUG] iteration=1159, ncalls=22150, regioncalls=1064280, ndraw=40, logz=-4.75, remainder_fraction=0.7236%, Lmin=-0.23, Lmax=-0.04
21:13:55 [ultranest] [DEBUG] iteration=1160, ncalls=22154, regioncalls=1064440, ndraw=40, logz=-4.75, remainder_fraction=0.7168%, Lmin=-0.23, Lmax=-0.04
21:13:55 [ultranest] [DEBUG] iteration=1162, ncalls=22256, regioncalls=1070400, ndraw=40, logz=-4.75, remainder_fraction=0.7032%, Lmin=-0.23, Lmax=-0.04
21:13:56 [ultranest] [DEBUG] iteration=1166, ncalls=22376, regioncalls=1077160, ndraw=40, logz=-4.75, remainder_fraction=0.6778%, Lmin=-0.23, Lmax=-0.04
21:13:56 [ultranest] [DEBUG] iteration=1167, ncalls=22418, regioncalls=1079160, ndraw=40, logz=-4.75, remainder_fraction=0.6710%, Lmin=-0.22, Lmax=-0.04
21:13:56 [ultranest] [DEBUG] iteration=1169, ncalls=22457, regioncalls=1081680, ndraw=40, logz=-4.75, remainder_fraction=0.6582%, Lmin=-0.22, Lmax=-0.04
21:13:56 [ultranest] [INFO] Explored until L=-0.04  
21:13:56 [ultranest] [INFO] Likelihood function evaluations: 22491
21:13:57 [ultranest] [INFO] Writing samples and results to disk ...
21:13:57 [ultranest] [INFO] Writing samples and results to disk ... done
21:13:57 [ultranest] [DEBUG] did a run_iter pass!
21:13:57 [ultranest] [INFO]   logZ = -4.749 +- 0.07083
21:13:57 [ultranest] [INFO] Effective samples strategy satisfied (ESS = 783.7, need >400)
21:13:57 [ultranest] [INFO] Posterior uncertainty strategy is satisfied (KL: 0.47+-0.14 nat, need <0.50 nat)
21:13:57 [ultranest] [INFO] Evidency uncertainty strategy is satisfied (dlogz=0.22, need <0.5)
21:13:57 [ultranest] [INFO]   logZ error budget: single: 0.14 bs:0.07 tail:0.21 total:0.22 required:<0.50
21:13:57 [ultranest] [INFO] done iterating.
21:13:58 [ultranest] [DEBUG] Making corner plot ...
21:14:05 [ultranest] [DEBUG] Making corner plot ... done
21:14:05 [ultranest] [DEBUG] Making run plot ... 
21:14:07 [ultranest] [DEBUG] Making run plot ... done
21:14:07 [ultranest] [DEBUG] Making trace plot ... 
21:14:11 [ultranest] [DEBUG] Making trace plot ... done
21:14:11 [ultranest] [DEBUG] Making trace plot ... 
21:14:15 [ultranest] [DEBUG] Making trace plot ... done
21:14:15 [ultranest] [DEBUG] Making corner plot ...
21:14:23 [ultranest] [DEBUG] Making corner plot ... done
