22:30:43 [ultranest] [DEBUG] ReactiveNestedSampler: dims=8+0, resume=True, log_dir=/home/ljy/BettiCurveCosmo/Emulator/model-fof-rsdz/mcmc_result/nwLH-Recovery/66/combined, backend=hdf5, vectorized=False, nbootstraps=30, ndraw=128..65536
22:30:43 [ultranest] [INFO] Sampling 1600 live points from prior ...
22:32:09 [ultranest] [DEBUG] run_iter dlogz=0.5, dKL=0.5, frac_remain=0.10, Lepsilon=0.0010, min_ess=400
22:32:09 [ultranest] [DEBUG] max_iters=-1, max_ncalls=-1, max_num_improvement_loops=-1, min_num_live_points=1600, cluster_num_live_points=40
22:32:09 [ultranest] [DEBUG] minimal_widths_sequence: [(-inf, 1600.0), (inf, 1600.0)]
22:32:11 [ultranest] [DEBUG] iteration=0, ncalls=1601, regioncalls=40, ndraw=40, logz=-inf, remainder_fraction=100.0000%, Lmin=-42270.92, Lmax=-97.20
22:32:11 [ultranest] [DEBUG] iteration=3, ncalls=1604, regioncalls=160, ndraw=40, logz=-33492.82, remainder_fraction=100.0000%, Lmin=-29292.75, Lmax=-97.20
22:32:11 [ultranest] [DEBUG] iteration=4, ncalls=1605, regioncalls=200, ndraw=40, logz=-29300.13, remainder_fraction=100.0000%, Lmin=-23866.02, Lmax=-97.20
22:32:11 [ultranest] [DEBUG] iteration=6, ncalls=1607, regioncalls=280, ndraw=40, logz=-23632.89, remainder_fraction=100.0000%, Lmin=-21887.54, Lmax=-97.20
22:32:11 [ultranest] [DEBUG] iteration=8, ncalls=1609, regioncalls=360, ndraw=40, logz=-20543.05, remainder_fraction=100.0000%, Lmin=-20434.34, Lmax=-97.20
22:32:11 [ultranest] [DEBUG] iteration=10, ncalls=1611, regioncalls=440, ndraw=40, logz=-20409.72, remainder_fraction=100.0000%, Lmin=-20037.15, Lmax=-97.20
22:32:12 [ultranest] [DEBUG] iteration=11, ncalls=1612, regioncalls=480, ndraw=40, logz=-20044.53, remainder_fraction=100.0000%, Lmin=-19808.99, Lmax=-97.20
22:32:12 [ultranest] [DEBUG] iteration=13, ncalls=1614, regioncalls=560, ndraw=40, logz=-19454.94, remainder_fraction=100.0000%, Lmin=-19218.19, Lmax=-97.20
22:32:12 [ultranest] [DEBUG] iteration=14, ncalls=1615, regioncalls=600, ndraw=40, logz=-19225.58, remainder_fraction=100.0000%, Lmin=-19074.42, Lmax=-97.20
22:32:12 [ultranest] [DEBUG] iteration=15, ncalls=1616, regioncalls=640, ndraw=40, logz=-19081.81, remainder_fraction=100.0000%, Lmin=-17274.40, Lmax=-97.20
22:32:12 [ultranest] [DEBUG] iteration=17, ncalls=1618, regioncalls=720, ndraw=40, logz=-16956.84, remainder_fraction=100.0000%, Lmin=-16694.87, Lmax=-97.20
22:32:12 [ultranest] [DEBUG] iteration=18, ncalls=1619, regioncalls=760, ndraw=40, logz=-16702.26, remainder_fraction=100.0000%, Lmin=-16207.53, Lmax=-97.20
22:32:13 [ultranest] [DEBUG] iteration=20, ncalls=1621, regioncalls=840, ndraw=40, logz=-15737.78, remainder_fraction=100.0000%, Lmin=-15713.65, Lmax=-97.20
22:32:13 [ultranest] [DEBUG] iteration=21, ncalls=1622, regioncalls=880, ndraw=40, logz=-15721.04, remainder_fraction=100.0000%, Lmin=-15664.78, Lmax=-97.20
22:32:13 [ultranest] [DEBUG] iteration=23, ncalls=1624, regioncalls=960, ndraw=40, logz=-14394.30, remainder_fraction=100.0000%, Lmin=-14121.87, Lmax=-97.20
22:32:13 [ultranest] [DEBUG] iteration=25, ncalls=1626, regioncalls=1040, ndraw=40, logz=-14030.90, remainder_fraction=100.0000%, Lmin=-12979.44, Lmax=-97.20
22:32:13 [ultranest] [DEBUG] iteration=27, ncalls=1628, regioncalls=1120, ndraw=40, logz=-12865.67, remainder_fraction=100.0000%, Lmin=-12167.86, Lmax=-97.20
22:32:13 [ultranest] [DEBUG] iteration=30, ncalls=1631, regioncalls=1240, ndraw=40, logz=-12102.95, remainder_fraction=100.0000%, Lmin=-11208.29, Lmax=-97.20
22:32:13 [ultranest] [DEBUG] iteration=33, ncalls=1634, regioncalls=1360, ndraw=40, logz=-11103.50, remainder_fraction=100.0000%, Lmin=-11079.38, Lmax=-97.20
22:32:14 [ultranest] [DEBUG] iteration=36, ncalls=1637, regioncalls=1480, ndraw=40, logz=-10904.18, remainder_fraction=100.0000%, Lmin=-10552.13, Lmax=-97.20
22:32:14 [ultranest] [DEBUG] iteration=38, ncalls=1639, regioncalls=1560, ndraw=40, logz=-10415.62, remainder_fraction=100.0000%, Lmin=-10364.32, Lmax=-97.20
22:32:14 [ultranest] [DEBUG] iteration=41, ncalls=1642, regioncalls=1680, ndraw=40, logz=-10166.59, remainder_fraction=100.0000%, Lmin=-10088.62, Lmax=-97.20
22:32:14 [ultranest] [DEBUG] iteration=44, ncalls=1645, regioncalls=1800, ndraw=40, logz=-9100.78, remainder_fraction=100.0000%, Lmin=-8895.56, Lmax=-97.20
22:32:14 [ultranest] [DEBUG] iteration=48, ncalls=1649, regioncalls=1960, ndraw=40, logz=-8423.18, remainder_fraction=100.0000%, Lmin=-7837.03, Lmax=-97.20
22:32:14 [ultranest] [DEBUG] iteration=50, ncalls=1652, regioncalls=2080, ndraw=40, logz=-7725.75, remainder_fraction=100.0000%, Lmin=-7588.88, Lmax=-97.20
22:32:14 [ultranest] [DEBUG] iteration=53, ncalls=1655, regioncalls=2200, ndraw=40, logz=-7368.42, remainder_fraction=100.0000%, Lmin=-7214.09, Lmax=-97.20
22:32:14 [ultranest] [DEBUG] iteration=54, ncalls=1656, regioncalls=2240, ndraw=40, logz=-7221.50, remainder_fraction=100.0000%, Lmin=-7019.50, Lmax=-97.20
22:32:15 [ultranest] [DEBUG] iteration=56, ncalls=1658, regioncalls=2320, ndraw=40, logz=-7020.05, remainder_fraction=100.0000%, Lmin=-6839.94, Lmax=-97.20
22:32:15 [ultranest] [DEBUG] iteration=58, ncalls=1660, regioncalls=2400, ndraw=40, logz=-6680.31, remainder_fraction=100.0000%, Lmin=-6662.91, Lmax=-97.20
22:32:15 [ultranest] [DEBUG] iteration=61, ncalls=1663, regioncalls=2520, ndraw=40, logz=-6545.45, remainder_fraction=100.0000%, Lmin=-6405.23, Lmax=-97.20
22:32:15 [ultranest] [DEBUG] iteration=63, ncalls=1665, regioncalls=2600, ndraw=40, logz=-6217.82, remainder_fraction=100.0000%, Lmin=-6209.10, Lmax=-97.20
22:32:15 [ultranest] [DEBUG] iteration=66, ncalls=1668, regioncalls=2720, ndraw=40, logz=-6132.24, remainder_fraction=100.0000%, Lmin=-6111.17, Lmax=-97.20
22:32:15 [ultranest] [DEBUG] iteration=69, ncalls=1671, regioncalls=2840, ndraw=40, logz=-6016.74, remainder_fraction=100.0000%, Lmin=-5986.26, Lmax=-97.20
22:32:15 [ultranest] [DEBUG] iteration=70, ncalls=1672, regioncalls=2880, ndraw=40, logz=-5993.68, remainder_fraction=100.0000%, Lmin=-5962.80, Lmax=-97.20
22:32:16 [ultranest] [DEBUG] iteration=71, ncalls=1673, regioncalls=2920, ndraw=40, logz=-5970.22, remainder_fraction=100.0000%, Lmin=-5950.58, Lmax=-97.20
22:32:16 [ultranest] [DEBUG] iteration=73, ncalls=1675, regioncalls=3000, ndraw=40, logz=-5908.34, remainder_fraction=100.0000%, Lmin=-5658.96, Lmax=-97.20
22:32:16 [ultranest] [DEBUG] iteration=74, ncalls=1677, regioncalls=3080, ndraw=40, logz=-5666.39, remainder_fraction=100.0000%, Lmin=-5635.36, Lmax=-97.20
22:32:16 [ultranest] [DEBUG] iteration=76, ncalls=1679, regioncalls=3160, ndraw=40, logz=-5630.92, remainder_fraction=100.0000%, Lmin=-5581.21, Lmax=-97.20
22:32:16 [ultranest] [DEBUG] iteration=78, ncalls=1681, regioncalls=3240, ndraw=40, logz=-5539.81, remainder_fraction=100.0000%, Lmin=-5529.66, Lmax=-97.20
22:32:16 [ultranest] [DEBUG] iteration=80, ncalls=1683, regioncalls=3320, ndraw=40, logz=-5319.45, remainder_fraction=100.0000%, Lmin=-5258.62, Lmax=-97.20
22:32:17 [ultranest] [DEBUG] iteration=82, ncalls=1685, regioncalls=3400, ndraw=40, logz=-5208.83, remainder_fraction=100.0000%, Lmin=-5198.61, Lmax=-97.20
22:32:17 [ultranest] [DEBUG] iteration=84, ncalls=1687, regioncalls=3480, ndraw=40, logz=-5017.31, remainder_fraction=100.0000%, Lmin=-4953.22, Lmax=-97.20
22:32:17 [ultranest] [DEBUG] iteration=85, ncalls=1688, regioncalls=3520, ndraw=40, logz=-4960.65, remainder_fraction=100.0000%, Lmin=-4884.50, Lmax=-97.20
22:32:17 [ultranest] [DEBUG] iteration=89, ncalls=1692, regioncalls=3680, ndraw=40, logz=-4622.19, remainder_fraction=100.0000%, Lmin=-4445.29, Lmax=-97.20
22:32:17 [ultranest] [DEBUG] iteration=92, ncalls=1695, regioncalls=3800, ndraw=40, logz=-4368.91, remainder_fraction=100.0000%, Lmin=-4331.02, Lmax=-97.20
22:32:17 [ultranest] [DEBUG] iteration=96, ncalls=1699, regioncalls=3960, ndraw=40, logz=-4236.74, remainder_fraction=100.0000%, Lmin=-4218.36, Lmax=-97.20
22:32:17 [ultranest] [DEBUG] iteration=98, ncalls=1701, regioncalls=4040, ndraw=40, logz=-4204.09, remainder_fraction=100.0000%, Lmin=-4067.58, Lmax=-97.20
22:32:18 [ultranest] [DEBUG] iteration=100, ncalls=1703, regioncalls=4120, ndraw=40, logz=-4033.64, remainder_fraction=100.0000%, Lmin=-3979.20, Lmax=-97.20
22:32:18 [ultranest] [DEBUG] iteration=102, ncalls=1705, regioncalls=4200, ndraw=40, logz=-3944.92, remainder_fraction=100.0000%, Lmin=-3863.51, Lmax=-97.20
22:32:18 [ultranest] [DEBUG] iteration=103, ncalls=1706, regioncalls=4240, ndraw=40, logz=-3870.95, remainder_fraction=100.0000%, Lmin=-3851.62, Lmax=-97.20
22:32:18 [ultranest] [DEBUG] iteration=104, ncalls=1707, regioncalls=4280, ndraw=40, logz=-3859.06, remainder_fraction=100.0000%, Lmin=-3841.89, Lmax=-97.20
22:32:18 [ultranest] [DEBUG] iteration=105, ncalls=1709, regioncalls=4360, ndraw=40, logz=-3849.34, remainder_fraction=100.0000%, Lmin=-3814.59, Lmax=-97.20
22:32:18 [ultranest] [DEBUG] iteration=107, ncalls=1711, regioncalls=4440, ndraw=40, logz=-3797.31, remainder_fraction=100.0000%, Lmin=-3777.27, Lmax=-97.20
22:32:18 [ultranest] [DEBUG] iteration=110, ncalls=1714, regioncalls=4560, ndraw=40, logz=-3750.27, remainder_fraction=100.0000%, Lmin=-3740.04, Lmax=-97.20
22:32:19 [ultranest] [DEBUG] iteration=112, ncalls=1716, regioncalls=4640, ndraw=40, logz=-3745.50, remainder_fraction=100.0000%, Lmin=-3718.80, Lmax=-97.20
22:32:19 [ultranest] [DEBUG] iteration=114, ncalls=1718, regioncalls=4720, ndraw=40, logz=-3713.91, remainder_fraction=100.0000%, Lmin=-3699.21, Lmax=-97.20
22:32:19 [ultranest] [DEBUG] iteration=116, ncalls=1720, regioncalls=4800, ndraw=40, logz=-3704.76, remainder_fraction=100.0000%, Lmin=-3668.40, Lmax=-97.20
22:32:19 [ultranest] [DEBUG] iteration=118, ncalls=1722, regioncalls=4880, ndraw=40, logz=-3636.79, remainder_fraction=100.0000%, Lmin=-3601.18, Lmax=-97.20
22:32:19 [ultranest] [DEBUG] iteration=121, ncalls=1725, regioncalls=5000, ndraw=40, logz=-3489.17, remainder_fraction=100.0000%, Lmin=-3476.66, Lmax=-97.20
22:32:19 [ultranest] [DEBUG] iteration=124, ncalls=1728, regioncalls=5120, ndraw=40, logz=-3447.44, remainder_fraction=100.0000%, Lmin=-3346.32, Lmax=-97.20
22:32:19 [ultranest] [DEBUG] iteration=125, ncalls=1729, regioncalls=5160, ndraw=40, logz=-3353.77, remainder_fraction=100.0000%, Lmin=-3321.10, Lmax=-97.20
22:32:20 [ultranest] [DEBUG] iteration=126, ncalls=1731, regioncalls=5240, ndraw=40, logz=-3328.55, remainder_fraction=100.0000%, Lmin=-3282.90, Lmax=-97.20
22:32:20 [ultranest] [DEBUG] iteration=128, ncalls=1733, regioncalls=5320, ndraw=40, logz=-3260.90, remainder_fraction=100.0000%, Lmin=-3235.63, Lmax=-97.20
22:32:20 [ultranest] [DEBUG] iteration=129, ncalls=1735, regioncalls=5400, ndraw=40, logz=-3243.08, remainder_fraction=100.0000%, Lmin=-3220.19, Lmax=-97.20
22:32:20 [ultranest] [DEBUG] iteration=131, ncalls=1737, regioncalls=5480, ndraw=40, logz=-3197.71, remainder_fraction=100.0000%, Lmin=-3188.53, Lmax=-97.20
22:32:20 [ultranest] [DEBUG] iteration=134, ncalls=1740, regioncalls=5600, ndraw=40, logz=-3095.78, remainder_fraction=100.0000%, Lmin=-3060.75, Lmax=-97.20
22:32:20 [ultranest] [DEBUG] iteration=136, ncalls=1742, regioncalls=5680, ndraw=40, logz=-3065.04, remainder_fraction=100.0000%, Lmin=-3054.58, Lmax=-97.20
22:32:20 [ultranest] [DEBUG] iteration=137, ncalls=1743, regioncalls=5720, ndraw=40, logz=-3062.00, remainder_fraction=100.0000%, Lmin=-3052.07, Lmax=-97.20
22:32:21 [ultranest] [DEBUG] iteration=138, ncalls=1745, regioncalls=5800, ndraw=40, logz=-3059.45, remainder_fraction=100.0000%, Lmin=-3039.07, Lmax=-97.20
22:32:21 [ultranest] [DEBUG] iteration=140, ncalls=1747, regioncalls=5880, ndraw=40, logz=-3040.63, remainder_fraction=100.0000%, Lmin=-3021.58, Lmax=-97.20
22:32:21 [ultranest] [DEBUG] iteration=142, ncalls=1749, regioncalls=5960, ndraw=40, logz=-2983.05, remainder_fraction=100.0000%, Lmin=-2958.67, Lmax=-97.20
22:32:21 [ultranest] [DEBUG] iteration=144, ncalls=1751, regioncalls=6040, ndraw=40, logz=-2919.75, remainder_fraction=100.0000%, Lmin=-2886.71, Lmax=-97.20
22:32:21 [ultranest] [DEBUG] iteration=146, ncalls=1753, regioncalls=6120, ndraw=40, logz=-2891.82, remainder_fraction=100.0000%, Lmin=-2882.92, Lmax=-97.20
22:32:21 [ultranest] [DEBUG] iteration=148, ncalls=1755, regioncalls=6200, ndraw=40, logz=-2884.71, remainder_fraction=100.0000%, Lmin=-2846.48, Lmax=-97.20
22:32:21 [ultranest] [DEBUG] iteration=151, ncalls=1758, regioncalls=6320, ndraw=40, logz=-2823.31, remainder_fraction=100.0000%, Lmin=-2806.99, Lmax=-97.20
22:32:22 [ultranest] [DEBUG] iteration=153, ncalls=1761, regioncalls=6440, ndraw=40, logz=-2806.04, remainder_fraction=100.0000%, Lmin=-2798.31, Lmax=-97.20
22:32:22 [ultranest] [DEBUG] iteration=154, ncalls=1762, regioncalls=6480, ndraw=40, logz=-2805.21, remainder_fraction=100.0000%, Lmin=-2778.07, Lmax=-97.20
22:32:22 [ultranest] [DEBUG] iteration=155, ncalls=1763, regioncalls=6520, ndraw=40, logz=-2785.55, remainder_fraction=100.0000%, Lmin=-2762.76, Lmax=-97.20
22:32:22 [ultranest] [DEBUG] iteration=157, ncalls=1765, regioncalls=6600, ndraw=40, logz=-2762.56, remainder_fraction=100.0000%, Lmin=-2729.95, Lmax=-97.20
22:32:22 [ultranest] [DEBUG] iteration=159, ncalls=1767, regioncalls=6680, ndraw=40, logz=-2721.01, remainder_fraction=100.0000%, Lmin=-2706.69, Lmax=-97.20
22:32:22 [ultranest] [DEBUG] iteration=160, ncalls=1768, regioncalls=6720, ndraw=40, logz=-2714.16, remainder_fraction=100.0000%, Lmin=-2699.50, Lmax=-97.20
22:32:22 [ultranest] [DEBUG] iteration=162, ncalls=1770, regioncalls=6800, ndraw=40, logz=-2701.10, remainder_fraction=100.0000%, Lmin=-2688.23, Lmax=-97.20
22:32:22 [ultranest] [DEBUG] iteration=165, ncalls=1774, regioncalls=6960, ndraw=40, logz=-2655.53, remainder_fraction=100.0000%, Lmin=-2586.65, Lmax=-97.20
22:32:22 [ultranest] [DEBUG] iteration=168, ncalls=1777, regioncalls=7080, ndraw=40, logz=-2584.64, remainder_fraction=100.0000%, Lmin=-2566.29, Lmax=-97.20
22:32:23 [ultranest] [DEBUG] iteration=169, ncalls=1778, regioncalls=7120, ndraw=40, logz=-2573.77, remainder_fraction=100.0000%, Lmin=-2559.72, Lmax=-97.20
22:32:23 [ultranest] [DEBUG] iteration=172, ncalls=1782, regioncalls=7280, ndraw=40, logz=-2551.30, remainder_fraction=100.0000%, Lmin=-2525.83, Lmax=-97.20
22:32:23 [ultranest] [DEBUG] iteration=174, ncalls=1784, regioncalls=7360, ndraw=40, logz=-2531.22, remainder_fraction=100.0000%, Lmin=-2510.16, Lmax=-97.20
22:32:23 [ultranest] [DEBUG] iteration=176, ncalls=1786, regioncalls=7440, ndraw=40, logz=-2516.46, remainder_fraction=100.0000%, Lmin=-2499.01, Lmax=-97.20
22:32:23 [ultranest] [DEBUG] iteration=178, ncalls=1788, regioncalls=7520, ndraw=40, logz=-2504.37, remainder_fraction=100.0000%, Lmin=-2496.49, Lmax=-97.20
22:32:23 [ultranest] [DEBUG] iteration=179, ncalls=1790, regioncalls=7600, ndraw=40, logz=-2503.46, remainder_fraction=100.0000%, Lmin=-2494.30, Lmax=-97.20
22:32:24 [ultranest] [DEBUG] iteration=180, ncalls=1792, regioncalls=7680, ndraw=40, logz=-2501.62, remainder_fraction=100.0000%, Lmin=-2492.86, Lmax=-97.20
22:32:24 [ultranest] [DEBUG] iteration=181, ncalls=1793, regioncalls=7720, ndraw=40, logz=-2500.10, remainder_fraction=100.0000%, Lmin=-2486.29, Lmax=-97.20
22:32:24 [ultranest] [DEBUG] iteration=183, ncalls=1795, regioncalls=7800, ndraw=40, logz=-2474.20, remainder_fraction=100.0000%, Lmin=-2459.91, Lmax=-97.20
22:32:24 [ultranest] [DEBUG] iteration=184, ncalls=1796, regioncalls=7840, ndraw=40, logz=-2467.41, remainder_fraction=100.0000%, Lmin=-2451.28, Lmax=-97.20
22:32:24 [ultranest] [DEBUG] iteration=186, ncalls=1798, regioncalls=7920, ndraw=40, logz=-2441.16, remainder_fraction=100.0000%, Lmin=-2411.55, Lmax=-97.20
22:32:24 [ultranest] [DEBUG] iteration=187, ncalls=1799, regioncalls=7960, ndraw=40, logz=-2419.04, remainder_fraction=100.0000%, Lmin=-2409.22, Lmax=-97.20
22:32:24 [ultranest] [DEBUG] iteration=189, ncalls=1801, regioncalls=8040, ndraw=40, logz=-2415.78, remainder_fraction=100.0000%, Lmin=-2408.69, Lmax=-97.20
22:32:24 [ultranest] [DEBUG] iteration=191, ncalls=1803, regioncalls=8120, ndraw=40, logz=-2402.72, remainder_fraction=100.0000%, Lmin=-2393.31, Lmax=-97.20
22:32:25 [ultranest] [DEBUG] iteration=194, ncalls=1806, regioncalls=8240, ndraw=40, logz=-2365.09, remainder_fraction=100.0000%, Lmin=-2352.89, Lmax=-97.20
22:32:25 [ultranest] [DEBUG] iteration=195, ncalls=1807, regioncalls=8280, ndraw=40, logz=-2360.38, remainder_fraction=100.0000%, Lmin=-2343.57, Lmax=-97.20
22:32:25 [ultranest] [DEBUG] iteration=196, ncalls=1808, regioncalls=8320, ndraw=40, logz=-2351.07, remainder_fraction=100.0000%, Lmin=-2341.48, Lmax=-97.20
22:32:25 [ultranest] [DEBUG] iteration=198, ncalls=1811, regioncalls=8440, ndraw=40, logz=-2347.73, remainder_fraction=100.0000%, Lmin=-2335.04, Lmax=-97.20
22:32:25 [ultranest] [DEBUG] iteration=201, ncalls=1814, regioncalls=8560, ndraw=40, logz=-2333.60, remainder_fraction=100.0000%, Lmin=-2321.95, Lmax=-97.20
22:32:26 [ultranest] [DEBUG] iteration=203, ncalls=1816, regioncalls=8640, ndraw=40, logz=-2324.74, remainder_fraction=100.0000%, Lmin=-2310.12, Lmax=-97.20
22:32:26 [ultranest] [DEBUG] iteration=205, ncalls=1818, regioncalls=8720, ndraw=40, logz=-2309.89, remainder_fraction=100.0000%, Lmin=-2297.63, Lmax=-97.20
22:32:26 [ultranest] [DEBUG] iteration=207, ncalls=1820, regioncalls=8800, ndraw=40, logz=-2302.47, remainder_fraction=100.0000%, Lmin=-2288.73, Lmax=-97.20
22:32:26 [ultranest] [DEBUG] iteration=208, ncalls=1822, regioncalls=8880, ndraw=40, logz=-2296.24, remainder_fraction=100.0000%, Lmin=-2263.85, Lmax=-97.20
22:32:26 [ultranest] [DEBUG] iteration=210, ncalls=1824, regioncalls=8960, ndraw=40, logz=-2268.35, remainder_fraction=100.0000%, Lmin=-2260.17, Lmax=-97.20
22:32:26 [ultranest] [DEBUG] iteration=211, ncalls=1825, regioncalls=9000, ndraw=40, logz=-2267.27, remainder_fraction=100.0000%, Lmin=-2257.53, Lmax=-97.20
22:32:26 [ultranest] [DEBUG] iteration=213, ncalls=1828, regioncalls=9120, ndraw=40, logz=-2253.41, remainder_fraction=100.0000%, Lmin=-2238.34, Lmax=-97.20
22:32:27 [ultranest] [DEBUG] iteration=215, ncalls=1830, regioncalls=9200, ndraw=40, logz=-2243.47, remainder_fraction=100.0000%, Lmin=-2234.00, Lmax=-97.20
22:32:27 [ultranest] [DEBUG] iteration=218, ncalls=1833, regioncalls=9320, ndraw=40, logz=-2236.09, remainder_fraction=100.0000%, Lmin=-2223.82, Lmax=-97.20
22:32:27 [ultranest] [DEBUG] iteration=220, ncalls=1836, regioncalls=9440, ndraw=40, logz=-2229.43, remainder_fraction=100.0000%, Lmin=-2217.65, Lmax=-97.20
22:32:27 [ultranest] [DEBUG] iteration=223, ncalls=1840, regioncalls=9600, ndraw=40, logz=-2213.10, remainder_fraction=100.0000%, Lmin=-2196.35, Lmax=-97.20
22:32:27 [ultranest] [DEBUG] iteration=225, ncalls=1842, regioncalls=9680, ndraw=40, logz=-2196.73, remainder_fraction=100.0000%, Lmin=-2187.02, Lmax=-97.20
22:32:28 [ultranest] [DEBUG] iteration=227, ncalls=1845, regioncalls=9800, ndraw=40, logz=-2190.40, remainder_fraction=100.0000%, Lmin=-2181.24, Lmax=-97.20
22:32:28 [ultranest] [DEBUG] iteration=228, ncalls=1846, regioncalls=9840, ndraw=40, logz=-2188.58, remainder_fraction=100.0000%, Lmin=-2175.91, Lmax=-97.20
22:32:28 [ultranest] [DEBUG] iteration=229, ncalls=1847, regioncalls=9880, ndraw=40, logz=-2183.42, remainder_fraction=100.0000%, Lmin=-2169.29, Lmax=-97.20
22:32:28 [ultranest] [DEBUG] iteration=230, ncalls=1849, regioncalls=9960, ndraw=40, logz=-2176.81, remainder_fraction=100.0000%, Lmin=-2168.85, Lmax=-97.20
22:32:28 [ultranest] [DEBUG] iteration=231, ncalls=1850, regioncalls=10000, ndraw=40, logz=-2175.87, remainder_fraction=100.0000%, Lmin=-2168.21, Lmax=-97.20
22:32:28 [ultranest] [DEBUG] iteration=233, ncalls=1852, regioncalls=10080, ndraw=40, logz=-2174.56, remainder_fraction=100.0000%, Lmin=-2166.81, Lmax=-97.20
22:32:29 [ultranest] [DEBUG] iteration=235, ncalls=1854, regioncalls=10160, ndraw=40, logz=-2168.53, remainder_fraction=100.0000%, Lmin=-2158.10, Lmax=-97.20
22:32:29 [ultranest] [DEBUG] iteration=237, ncalls=1856, regioncalls=10240, ndraw=40, logz=-2158.35, remainder_fraction=100.0000%, Lmin=-2150.71, Lmax=-97.20
22:32:29 [ultranest] [DEBUG] iteration=238, ncalls=1857, regioncalls=10280, ndraw=40, logz=-2157.60, remainder_fraction=100.0000%, Lmin=-2147.39, Lmax=-97.20
22:32:29 [ultranest] [DEBUG] iteration=239, ncalls=1858, regioncalls=10320, ndraw=40, logz=-2154.85, remainder_fraction=100.0000%, Lmin=-2132.51, Lmax=-97.20
22:32:29 [ultranest] [DEBUG] iteration=241, ncalls=1861, regioncalls=10440, ndraw=40, logz=-2139.16, remainder_fraction=100.0000%, Lmin=-2122.73, Lmax=-97.20
22:32:29 [ultranest] [DEBUG] iteration=242, ncalls=1863, regioncalls=10520, ndraw=40, logz=-2130.25, remainder_fraction=100.0000%, Lmin=-2116.62, Lmax=-97.20
22:32:30 [ultranest] [DEBUG] iteration=244, ncalls=1865, regioncalls=10600, ndraw=40, logz=-2122.12, remainder_fraction=100.0000%, Lmin=-2111.66, Lmax=-97.20
22:32:30 [ultranest] [DEBUG] iteration=246, ncalls=1868, regioncalls=10720, ndraw=40, logz=-2116.89, remainder_fraction=100.0000%, Lmin=-2086.42, Lmax=-97.20
22:32:30 [ultranest] [DEBUG] iteration=248, ncalls=1870, regioncalls=10800, ndraw=40, logz=-2092.84, remainder_fraction=100.0000%, Lmin=-2084.58, Lmax=-97.20
22:32:30 [ultranest] [DEBUG] iteration=249, ncalls=1871, regioncalls=10840, ndraw=40, logz=-2091.72, remainder_fraction=100.0000%, Lmin=-2084.17, Lmax=-97.20
22:32:31 [ultranest] [DEBUG] iteration=250, ncalls=1873, regioncalls=10920, ndraw=40, logz=-2091.02, remainder_fraction=100.0000%, Lmin=-2082.03, Lmax=-97.20
22:32:31 [ultranest] [DEBUG] iteration=251, ncalls=1874, regioncalls=10960, ndraw=40, logz=-2089.36, remainder_fraction=100.0000%, Lmin=-2078.05, Lmax=-97.20
22:32:31 [ultranest] [DEBUG] iteration=252, ncalls=1875, regioncalls=11000, ndraw=40, logz=-2085.57, remainder_fraction=100.0000%, Lmin=-2077.67, Lmax=-97.20
22:32:32 [ultranest] [DEBUG] iteration=253, ncalls=1877, regioncalls=11080, ndraw=40, logz=-2084.68, remainder_fraction=100.0000%, Lmin=-2076.25, Lmax=-97.20
22:32:32 [ultranest] [DEBUG] iteration=254, ncalls=1878, regioncalls=11120, ndraw=40, logz=-2083.45, remainder_fraction=100.0000%, Lmin=-2075.92, Lmax=-97.20
22:32:32 [ultranest] [DEBUG] iteration=255, ncalls=1879, regioncalls=11160, ndraw=40, logz=-2082.76, remainder_fraction=100.0000%, Lmin=-2074.84, Lmax=-97.20
22:32:32 [ultranest] [DEBUG] iteration=257, ncalls=1882, regioncalls=11280, ndraw=40, logz=-2074.54, remainder_fraction=100.0000%, Lmin=-2062.14, Lmax=-97.20
22:32:33 [ultranest] [DEBUG] iteration=259, ncalls=1884, regioncalls=11360, ndraw=40, logz=-2064.79, remainder_fraction=100.0000%, Lmin=-2052.26, Lmax=-97.20
22:32:33 [ultranest] [DEBUG] iteration=261, ncalls=1886, regioncalls=11440, ndraw=40, logz=-2058.09, remainder_fraction=100.0000%, Lmin=-2041.09, Lmax=-97.20
22:32:33 [ultranest] [DEBUG] iteration=263, ncalls=1888, regioncalls=11520, ndraw=40, logz=-2047.17, remainder_fraction=100.0000%, Lmin=-2036.18, Lmax=-97.20
22:32:33 [ultranest] [DEBUG] iteration=264, ncalls=1891, regioncalls=11640, ndraw=40, logz=-2043.69, remainder_fraction=100.0000%, Lmin=-2024.52, Lmax=-97.20
22:32:34 [ultranest] [DEBUG] iteration=266, ncalls=1893, regioncalls=11720, ndraw=40, logz=-2027.56, remainder_fraction=100.0000%, Lmin=-2012.83, Lmax=-97.20
22:32:34 [ultranest] [DEBUG] iteration=268, ncalls=1895, regioncalls=11800, ndraw=40, logz=-2016.22, remainder_fraction=100.0000%, Lmin=-2005.72, Lmax=-97.20
22:32:34 [ultranest] [DEBUG] iteration=269, ncalls=1896, regioncalls=11840, ndraw=40, logz=-2013.22, remainder_fraction=100.0000%, Lmin=-2004.00, Lmax=-97.20
22:32:34 [ultranest] [DEBUG] iteration=271, ncalls=1898, regioncalls=11920, ndraw=40, logz=-2003.39, remainder_fraction=100.0000%, Lmin=-1989.77, Lmax=-97.20
22:32:34 [ultranest] [DEBUG] iteration=273, ncalls=1901, regioncalls=12040, ndraw=40, logz=-1995.86, remainder_fraction=100.0000%, Lmin=-1984.11, Lmax=-97.20
22:32:34 [ultranest] [DEBUG] iteration=274, ncalls=1902, regioncalls=12080, ndraw=40, logz=-1991.64, remainder_fraction=100.0000%, Lmin=-1981.46, Lmax=-97.20
22:32:34 [ultranest] [DEBUG] iteration=276, ncalls=1904, regioncalls=12160, ndraw=40, logz=-1988.22, remainder_fraction=100.0000%, Lmin=-1977.69, Lmax=-97.20
22:32:35 [ultranest] [DEBUG] iteration=278, ncalls=1907, regioncalls=12280, ndraw=40, logz=-1981.84, remainder_fraction=100.0000%, Lmin=-1973.73, Lmax=-97.20
22:32:35 [ultranest] [DEBUG] iteration=281, ncalls=1911, regioncalls=12440, ndraw=40, logz=-1967.81, remainder_fraction=100.0000%, Lmin=-1958.62, Lmax=-97.20
22:32:35 [ultranest] [DEBUG] iteration=282, ncalls=1914, regioncalls=12560, ndraw=40, logz=-1965.99, remainder_fraction=100.0000%, Lmin=-1958.06, Lmax=-97.20
22:32:35 [ultranest] [DEBUG] iteration=284, ncalls=1916, regioncalls=12640, ndraw=40, logz=-1964.22, remainder_fraction=100.0000%, Lmin=-1952.16, Lmax=-97.20
22:32:35 [ultranest] [DEBUG] iteration=285, ncalls=1918, regioncalls=12720, ndraw=40, logz=-1959.71, remainder_fraction=100.0000%, Lmin=-1944.83, Lmax=-97.20
22:32:35 [ultranest] [DEBUG] iteration=288, ncalls=1922, regioncalls=12880, ndraw=40, logz=-1948.91, remainder_fraction=100.0000%, Lmin=-1940.83, Lmax=-97.20
22:32:36 [ultranest] [DEBUG] iteration=291, ncalls=1926, regioncalls=13040, ndraw=40, logz=-1945.20, remainder_fraction=100.0000%, Lmin=-1937.40, Lmax=-97.20
22:32:36 [ultranest] [DEBUG] iteration=293, ncalls=1928, regioncalls=13120, ndraw=40, logz=-1939.85, remainder_fraction=100.0000%, Lmin=-1928.37, Lmax=-97.20
22:32:36 [ultranest] [DEBUG] iteration=294, ncalls=1929, regioncalls=13160, ndraw=40, logz=-1935.91, remainder_fraction=100.0000%, Lmin=-1927.67, Lmax=-97.20
22:32:36 [ultranest] [DEBUG] iteration=295, ncalls=1930, regioncalls=13200, ndraw=40, logz=-1934.82, remainder_fraction=100.0000%, Lmin=-1925.42, Lmax=-97.20
22:32:36 [ultranest] [DEBUG] iteration=296, ncalls=1931, regioncalls=13240, ndraw=40, logz=-1932.84, remainder_fraction=100.0000%, Lmin=-1925.24, Lmax=-97.20
22:32:36 [ultranest] [DEBUG] iteration=297, ncalls=1933, regioncalls=13320, ndraw=40, logz=-1932.12, remainder_fraction=100.0000%, Lmin=-1906.31, Lmax=-97.20
22:32:36 [ultranest] [DEBUG] iteration=299, ncalls=1935, regioncalls=13400, ndraw=40, logz=-1912.80, remainder_fraction=100.0000%, Lmin=-1903.78, Lmax=-97.20
22:32:37 [ultranest] [DEBUG] iteration=301, ncalls=1937, regioncalls=13480, ndraw=40, logz=-1910.51, remainder_fraction=100.0000%, Lmin=-1896.87, Lmax=-97.20
22:32:37 [ultranest] [DEBUG] iteration=302, ncalls=1938, regioncalls=13520, ndraw=40, logz=-1904.43, remainder_fraction=100.0000%, Lmin=-1895.41, Lmax=-97.20
22:32:37 [ultranest] [DEBUG] iteration=305, ncalls=1941, regioncalls=13640, ndraw=40, logz=-1891.64, remainder_fraction=100.0000%, Lmin=-1881.87, Lmax=-97.20
22:32:37 [ultranest] [DEBUG] iteration=306, ncalls=1942, regioncalls=13680, ndraw=40, logz=-1889.33, remainder_fraction=100.0000%, Lmin=-1881.86, Lmax=-97.20
22:32:37 [ultranest] [DEBUG] iteration=310, ncalls=1946, regioncalls=13840, ndraw=40, logz=-1885.66, remainder_fraction=100.0000%, Lmin=-1877.69, Lmax=-97.20
22:32:37 [ultranest] [DEBUG] iteration=312, ncalls=1948, regioncalls=13920, ndraw=40, logz=-1884.08, remainder_fraction=100.0000%, Lmin=-1873.31, Lmax=-97.20
22:32:37 [ultranest] [DEBUG] iteration=314, ncalls=1950, regioncalls=14000, ndraw=40, logz=-1874.47, remainder_fraction=100.0000%, Lmin=-1865.34, Lmax=-97.20
22:32:38 [ultranest] [DEBUG] iteration=316, ncalls=1952, regioncalls=14080, ndraw=40, logz=-1868.97, remainder_fraction=100.0000%, Lmin=-1859.91, Lmax=-97.20
22:32:38 [ultranest] [DEBUG] iteration=318, ncalls=1954, regioncalls=14160, ndraw=40, logz=-1858.10, remainder_fraction=100.0000%, Lmin=-1849.82, Lmax=-97.20
22:32:38 [ultranest] [DEBUG] iteration=319, ncalls=1955, regioncalls=14200, ndraw=40, logz=-1857.00, remainder_fraction=100.0000%, Lmin=-1846.62, Lmax=-97.20
22:32:38 [ultranest] [DEBUG] iteration=320, ncalls=1956, regioncalls=14240, ndraw=40, logz=-1854.14, remainder_fraction=100.0000%, Lmin=-1845.70, Lmax=-97.20
22:32:38 [ultranest] [DEBUG] iteration=323, ncalls=1959, regioncalls=14360, ndraw=40, logz=-1851.41, remainder_fraction=100.0000%, Lmin=-1843.90, Lmax=-97.20
22:32:38 [ultranest] [DEBUG] iteration=327, ncalls=1967, regioncalls=14680, ndraw=40, logz=-1844.77, remainder_fraction=100.0000%, Lmin=-1837.06, Lmax=-97.20
22:32:39 [ultranest] [DEBUG] iteration=330, ncalls=1970, regioncalls=14800, ndraw=40, logz=-1836.23, remainder_fraction=100.0000%, Lmin=-1826.35, Lmax=-97.20
22:32:39 [ultranest] [DEBUG] iteration=331, ncalls=1971, regioncalls=14840, ndraw=40, logz=-1833.84, remainder_fraction=100.0000%, Lmin=-1824.93, Lmax=-97.20
22:32:39 [ultranest] [DEBUG] iteration=334, ncalls=1975, regioncalls=15000, ndraw=40, logz=-1828.16, remainder_fraction=100.0000%, Lmin=-1819.29, Lmax=-97.20
22:32:39 [ultranest] [DEBUG] iteration=335, ncalls=1978, regioncalls=15120, ndraw=40, logz=-1826.63, remainder_fraction=100.0000%, Lmin=-1816.14, Lmax=-97.20
22:32:39 [ultranest] [DEBUG] iteration=337, ncalls=1980, regioncalls=15200, ndraw=40, logz=-1822.33, remainder_fraction=100.0000%, Lmin=-1814.72, Lmax=-97.20
22:32:39 [ultranest] [DEBUG] iteration=338, ncalls=1982, regioncalls=15280, ndraw=40, logz=-1821.62, remainder_fraction=100.0000%, Lmin=-1814.57, Lmax=-97.20
22:32:39 [ultranest] [DEBUG] iteration=341, ncalls=1985, regioncalls=15400, ndraw=40, logz=-1819.90, remainder_fraction=100.0000%, Lmin=-1812.58, Lmax=-97.20
22:32:40 [ultranest] [DEBUG] iteration=343, ncalls=1989, regioncalls=15560, ndraw=40, logz=-1812.44, remainder_fraction=100.0000%, Lmin=-1803.68, Lmax=-97.20
22:32:40 [ultranest] [DEBUG] iteration=346, ncalls=1993, regioncalls=15720, ndraw=40, logz=-1807.02, remainder_fraction=100.0000%, Lmin=-1794.07, Lmax=-97.20
22:32:40 [ultranest] [DEBUG] iteration=350, ncalls=1997, regioncalls=15880, ndraw=40, logz=-1793.76, remainder_fraction=100.0000%, Lmin=-1785.89, Lmax=-97.20
22:32:40 [ultranest] [DEBUG] iteration=352, ncalls=1999, regioncalls=15960, ndraw=40, logz=-1787.34, remainder_fraction=100.0000%, Lmin=-1778.88, Lmax=-97.20
22:32:40 [ultranest] [DEBUG] iteration=354, ncalls=2001, regioncalls=16040, ndraw=40, logz=-1784.95, remainder_fraction=100.0000%, Lmin=-1777.34, Lmax=-97.20
22:32:40 [ultranest] [DEBUG] iteration=356, ncalls=2003, regioncalls=16120, ndraw=40, logz=-1780.42, remainder_fraction=100.0000%, Lmin=-1769.52, Lmax=-97.20
22:32:42 [ultranest] [DEBUG] iteration=358, ncalls=2005, regioncalls=16200, ndraw=40, logz=-1775.78, remainder_fraction=100.0000%, Lmin=-1768.43, Lmax=-97.20
22:32:42 [ultranest] [DEBUG] iteration=359, ncalls=2006, regioncalls=16240, ndraw=40, logz=-1775.21, remainder_fraction=100.0000%, Lmin=-1766.65, Lmax=-97.20
22:32:42 [ultranest] [DEBUG] iteration=360, ncalls=2008, regioncalls=16320, ndraw=40, logz=-1773.93, remainder_fraction=100.0000%, Lmin=-1766.07, Lmax=-97.20
22:32:42 [ultranest] [DEBUG] iteration=362, ncalls=2010, regioncalls=16400, ndraw=40, logz=-1771.30, remainder_fraction=100.0000%, Lmin=-1763.03, Lmax=-97.20
22:32:43 [ultranest] [DEBUG] iteration=364, ncalls=2013, regioncalls=16520, ndraw=40, logz=-1769.69, remainder_fraction=100.0000%, Lmin=-1762.85, Lmax=-97.20
22:32:43 [ultranest] [DEBUG] iteration=365, ncalls=2015, regioncalls=16600, ndraw=40, logz=-1769.31, remainder_fraction=100.0000%, Lmin=-1762.11, Lmax=-97.20
22:32:43 [ultranest] [DEBUG] iteration=366, ncalls=2017, regioncalls=16680, ndraw=40, logz=-1768.80, remainder_fraction=100.0000%, Lmin=-1762.01, Lmax=-97.20
22:32:44 [ultranest] [DEBUG] iteration=367, ncalls=2018, regioncalls=16720, ndraw=40, logz=-1768.43, remainder_fraction=100.0000%, Lmin=-1760.78, Lmax=-97.20
22:32:44 [ultranest] [DEBUG] iteration=368, ncalls=2020, regioncalls=16800, ndraw=40, logz=-1767.72, remainder_fraction=100.0000%, Lmin=-1757.78, Lmax=-97.20
22:32:44 [ultranest] [DEBUG] iteration=369, ncalls=2021, regioncalls=16840, ndraw=40, logz=-1765.30, remainder_fraction=100.0000%, Lmin=-1755.82, Lmax=-97.20
22:32:45 [ultranest] [DEBUG] iteration=370, ncalls=2022, regioncalls=16880, ndraw=40, logz=-1763.29, remainder_fraction=100.0000%, Lmin=-1753.11, Lmax=-97.20
22:32:45 [ultranest] [DEBUG] iteration=372, ncalls=2025, regioncalls=17000, ndraw=40, logz=-1759.16, remainder_fraction=100.0000%, Lmin=-1747.59, Lmax=-97.20
22:32:45 [ultranest] [DEBUG] iteration=374, ncalls=2028, regioncalls=17120, ndraw=40, logz=-1754.25, remainder_fraction=100.0000%, Lmin=-1744.20, Lmax=-97.20
22:32:45 [ultranest] [DEBUG] iteration=376, ncalls=2031, regioncalls=17240, ndraw=40, logz=-1750.90, remainder_fraction=100.0000%, Lmin=-1739.46, Lmax=-97.20
22:32:45 [ultranest] [DEBUG] iteration=378, ncalls=2034, regioncalls=17360, ndraw=40, logz=-1745.50, remainder_fraction=100.0000%, Lmin=-1736.42, Lmax=-97.20
22:32:45 [ultranest] [DEBUG] iteration=382, ncalls=2038, regioncalls=17520, ndraw=40, logz=-1737.34, remainder_fraction=100.0000%, Lmin=-1729.70, Lmax=-97.20
22:32:45 [ultranest] [DEBUG] iteration=384, ncalls=2040, regioncalls=17600, ndraw=40, logz=-1735.41, remainder_fraction=100.0000%, Lmin=-1727.65, Lmax=-97.20
22:32:46 [ultranest] [DEBUG] iteration=386, ncalls=2042, regioncalls=17680, ndraw=40, logz=-1733.90, remainder_fraction=100.0000%, Lmin=-1723.23, Lmax=-97.20
22:32:46 [ultranest] [DEBUG] iteration=388, ncalls=2044, regioncalls=17760, ndraw=40, logz=-1729.89, remainder_fraction=100.0000%, Lmin=-1721.47, Lmax=-97.20
22:32:46 [ultranest] [DEBUG] iteration=389, ncalls=2045, regioncalls=17800, ndraw=40, logz=-1728.72, remainder_fraction=100.0000%, Lmin=-1721.22, Lmax=-97.20
22:32:46 [ultranest] [DEBUG] iteration=392, ncalls=2049, regioncalls=17960, ndraw=40, logz=-1727.19, remainder_fraction=100.0000%, Lmin=-1720.47, Lmax=-97.20
22:32:46 [ultranest] [DEBUG] iteration=394, ncalls=2052, regioncalls=18080, ndraw=40, logz=-1726.25, remainder_fraction=100.0000%, Lmin=-1719.33, Lmax=-97.20
22:32:46 [ultranest] [DEBUG] iteration=396, ncalls=2056, regioncalls=18240, ndraw=40, logz=-1725.50, remainder_fraction=100.0000%, Lmin=-1712.02, Lmax=-97.20
22:32:46 [ultranest] [DEBUG] iteration=398, ncalls=2060, regioncalls=18400, ndraw=40, logz=-1718.63, remainder_fraction=100.0000%, Lmin=-1711.44, Lmax=-97.20
22:32:47 [ultranest] [DEBUG] iteration=400, ncalls=2062, regioncalls=18480, ndraw=40, logz=-1717.27, remainder_fraction=100.0000%, Lmin=-1708.95, Lmax=-97.20
22:32:47 [ultranest] [DEBUG] iteration=401, ncalls=2065, regioncalls=18600, ndraw=40, logz=-1716.17, remainder_fraction=100.0000%, Lmin=-1708.59, Lmax=-97.20
22:32:47 [ultranest] [DEBUG] iteration=405, ncalls=2070, regioncalls=18800, ndraw=40, logz=-1708.61, remainder_fraction=100.0000%, Lmin=-1696.03, Lmax=-97.20
22:32:47 [ultranest] [DEBUG] iteration=407, ncalls=2072, regioncalls=18880, ndraw=40, logz=-1702.15, remainder_fraction=100.0000%, Lmin=-1691.68, Lmax=-97.20
22:32:47 [ultranest] [DEBUG] iteration=408, ncalls=2073, regioncalls=18920, ndraw=40, logz=-1699.25, remainder_fraction=100.0000%, Lmin=-1691.51, Lmax=-97.20
22:32:47 [ultranest] [DEBUG] iteration=410, ncalls=2075, regioncalls=19000, ndraw=40, logz=-1697.51, remainder_fraction=100.0000%, Lmin=-1688.27, Lmax=-97.20
22:32:47 [ultranest] [DEBUG] iteration=412, ncalls=2077, regioncalls=19080, ndraw=40, logz=-1695.05, remainder_fraction=100.0000%, Lmin=-1684.60, Lmax=-97.20
22:32:47 [ultranest] [DEBUG] iteration=414, ncalls=2079, regioncalls=19160, ndraw=40, logz=-1687.49, remainder_fraction=100.0000%, Lmin=-1676.32, Lmax=-97.20
22:32:48 [ultranest] [DEBUG] iteration=415, ncalls=2080, regioncalls=19200, ndraw=40, logz=-1683.92, remainder_fraction=100.0000%, Lmin=-1676.11, Lmax=-97.20
22:32:48 [ultranest] [DEBUG] iteration=417, ncalls=2082, regioncalls=19280, ndraw=40, logz=-1682.28, remainder_fraction=100.0000%, Lmin=-1672.89, Lmax=-97.20
22:32:48 [ultranest] [DEBUG] iteration=418, ncalls=2084, regioncalls=19360, ndraw=40, logz=-1680.37, remainder_fraction=100.0000%, Lmin=-1672.56, Lmax=-97.20
22:32:48 [ultranest] [DEBUG] iteration=420, ncalls=2086, regioncalls=19440, ndraw=40, logz=-1677.83, remainder_fraction=100.0000%, Lmin=-1668.39, Lmax=-97.20
22:32:48 [ultranest] [DEBUG] iteration=422, ncalls=2088, regioncalls=19520, ndraw=40, logz=-1675.13, remainder_fraction=100.0000%, Lmin=-1665.50, Lmax=-97.20
22:32:48 [ultranest] [DEBUG] iteration=424, ncalls=2090, regioncalls=19600, ndraw=40, logz=-1672.10, remainder_fraction=100.0000%, Lmin=-1653.02, Lmax=-97.20
22:32:48 [ultranest] [DEBUG] iteration=426, ncalls=2093, regioncalls=19720, ndraw=40, logz=-1656.86, remainder_fraction=100.0000%, Lmin=-1647.89, Lmax=-97.20
22:32:49 [ultranest] [DEBUG] iteration=427, ncalls=2095, regioncalls=19800, ndraw=40, logz=-1655.30, remainder_fraction=100.0000%, Lmin=-1646.47, Lmax=-97.20
22:32:49 [ultranest] [DEBUG] iteration=428, ncalls=2098, regioncalls=19920, ndraw=40, logz=-1653.85, remainder_fraction=100.0000%, Lmin=-1646.33, Lmax=-97.20
22:32:49 [ultranest] [DEBUG] iteration=430, ncalls=2101, regioncalls=20040, ndraw=40, logz=-1652.35, remainder_fraction=100.0000%, Lmin=-1645.05, Lmax=-97.20
22:32:49 [ultranest] [DEBUG] iteration=432, ncalls=2103, regioncalls=20120, ndraw=40, logz=-1651.35, remainder_fraction=100.0000%, Lmin=-1644.68, Lmax=-97.20
22:32:49 [ultranest] [DEBUG] iteration=435, ncalls=2106, regioncalls=20240, ndraw=40, logz=-1648.99, remainder_fraction=100.0000%, Lmin=-1641.46, Lmax=-97.20
22:32:49 [ultranest] [DEBUG] iteration=437, ncalls=2109, regioncalls=20360, ndraw=40, logz=-1647.07, remainder_fraction=100.0000%, Lmin=-1636.81, Lmax=-97.20
22:32:49 [ultranest] [DEBUG] iteration=439, ncalls=2112, regioncalls=20480, ndraw=40, logz=-1643.71, remainder_fraction=100.0000%, Lmin=-1635.38, Lmax=-97.20
22:32:50 [ultranest] [DEBUG] iteration=441, ncalls=2115, regioncalls=20600, ndraw=40, logz=-1640.77, remainder_fraction=100.0000%, Lmin=-1632.29, Lmax=-97.20
22:32:50 [ultranest] [DEBUG] iteration=442, ncalls=2117, regioncalls=20680, ndraw=40, logz=-1639.58, remainder_fraction=100.0000%, Lmin=-1629.09, Lmax=-97.20
22:32:50 [ultranest] [DEBUG] iteration=445, ncalls=2120, regioncalls=20800, ndraw=40, logz=-1631.32, remainder_fraction=100.0000%, Lmin=-1622.55, Lmax=-97.20
22:32:50 [ultranest] [DEBUG] iteration=448, ncalls=2124, regioncalls=20960, ndraw=40, logz=-1628.34, remainder_fraction=100.0000%, Lmin=-1620.51, Lmax=-97.20
22:32:50 [ultranest] [DEBUG] iteration=451, ncalls=2128, regioncalls=21120, ndraw=40, logz=-1626.37, remainder_fraction=100.0000%, Lmin=-1619.21, Lmax=-97.20
22:32:50 [ultranest] [DEBUG] iteration=452, ncalls=2130, regioncalls=21200, ndraw=40, logz=-1625.89, remainder_fraction=100.0000%, Lmin=-1618.27, Lmax=-97.20
22:32:50 [ultranest] [DEBUG] iteration=453, ncalls=2131, regioncalls=21240, ndraw=40, logz=-1625.22, remainder_fraction=100.0000%, Lmin=-1617.86, Lmax=-97.20
22:32:51 [ultranest] [DEBUG] iteration=455, ncalls=2134, regioncalls=21360, ndraw=40, logz=-1624.06, remainder_fraction=100.0000%, Lmin=-1617.14, Lmax=-97.20
22:32:51 [ultranest] [DEBUG] iteration=457, ncalls=2136, regioncalls=21440, ndraw=40, logz=-1623.38, remainder_fraction=100.0000%, Lmin=-1614.28, Lmax=-97.20
22:32:51 [ultranest] [DEBUG] iteration=458, ncalls=2138, regioncalls=21520, ndraw=40, logz=-1621.73, remainder_fraction=100.0000%, Lmin=-1613.78, Lmax=-97.20
22:32:51 [ultranest] [DEBUG] iteration=460, ncalls=2140, regioncalls=21600, ndraw=40, logz=-1620.40, remainder_fraction=100.0000%, Lmin=-1610.72, Lmax=-97.20
22:32:51 [ultranest] [DEBUG] iteration=462, ncalls=2142, regioncalls=21680, ndraw=40, logz=-1616.09, remainder_fraction=100.0000%, Lmin=-1601.54, Lmax=-97.20
22:32:52 [ultranest] [DEBUG] iteration=464, ncalls=2144, regioncalls=21760, ndraw=40, logz=-1607.97, remainder_fraction=100.0000%, Lmin=-1599.98, Lmax=-97.20
22:32:52 [ultranest] [DEBUG] iteration=465, ncalls=2145, regioncalls=21800, ndraw=40, logz=-1607.10, remainder_fraction=100.0000%, Lmin=-1596.15, Lmax=-97.20
22:32:52 [ultranest] [DEBUG] iteration=466, ncalls=2148, regioncalls=21920, ndraw=40, logz=-1603.78, remainder_fraction=100.0000%, Lmin=-1595.89, Lmax=-97.20
22:32:52 [ultranest] [DEBUG] iteration=469, ncalls=2151, regioncalls=22040, ndraw=40, logz=-1601.34, remainder_fraction=100.0000%, Lmin=-1592.98, Lmax=-97.20
22:32:52 [ultranest] [DEBUG] iteration=470, ncalls=2154, regioncalls=22160, ndraw=40, logz=-1600.25, remainder_fraction=100.0000%, Lmin=-1592.70, Lmax=-97.20
22:32:53 [ultranest] [DEBUG] iteration=471, ncalls=2155, regioncalls=22200, ndraw=40, logz=-1599.61, remainder_fraction=100.0000%, Lmin=-1590.10, Lmax=-97.20
22:32:53 [ultranest] [DEBUG] iteration=473, ncalls=2157, regioncalls=22280, ndraw=40, logz=-1596.93, remainder_fraction=100.0000%, Lmin=-1589.59, Lmax=-97.20
22:32:53 [ultranest] [DEBUG] iteration=475, ncalls=2159, regioncalls=22360, ndraw=40, logz=-1595.75, remainder_fraction=100.0000%, Lmin=-1588.55, Lmax=-97.20
22:32:53 [ultranest] [DEBUG] iteration=477, ncalls=2163, regioncalls=22520, ndraw=40, logz=-1594.72, remainder_fraction=100.0000%, Lmin=-1587.34, Lmax=-97.20
22:32:53 [ultranest] [DEBUG] iteration=480, ncalls=2166, regioncalls=22640, ndraw=40, logz=-1592.75, remainder_fraction=100.0000%, Lmin=-1585.08, Lmax=-97.20
22:32:53 [ultranest] [DEBUG] iteration=482, ncalls=2169, regioncalls=22760, ndraw=40, logz=-1591.15, remainder_fraction=100.0000%, Lmin=-1582.89, Lmax=-97.20
22:32:53 [ultranest] [DEBUG] iteration=485, ncalls=2173, regioncalls=22920, ndraw=40, logz=-1585.09, remainder_fraction=100.0000%, Lmin=-1575.90, Lmax=-97.20
22:32:54 [ultranest] [DEBUG] iteration=487, ncalls=2177, regioncalls=23080, ndraw=40, logz=-1580.96, remainder_fraction=100.0000%, Lmin=-1570.33, Lmax=-97.20
22:32:54 [ultranest] [DEBUG] iteration=490, ncalls=2181, regioncalls=23240, ndraw=40, logz=-1575.26, remainder_fraction=100.0000%, Lmin=-1567.64, Lmax=-97.20
22:32:54 [ultranest] [DEBUG] iteration=492, ncalls=2186, regioncalls=23440, ndraw=40, logz=-1572.70, remainder_fraction=100.0000%, Lmin=-1564.39, Lmax=-97.20
22:32:54 [ultranest] [DEBUG] iteration=495, ncalls=2190, regioncalls=23600, ndraw=40, logz=-1567.70, remainder_fraction=100.0000%, Lmin=-1558.08, Lmax=-97.20
22:32:54 [ultranest] [DEBUG] iteration=497, ncalls=2193, regioncalls=23720, ndraw=40, logz=-1564.40, remainder_fraction=100.0000%, Lmin=-1557.03, Lmax=-97.20
22:32:54 [ultranest] [DEBUG] iteration=499, ncalls=2197, regioncalls=23880, ndraw=40, logz=-1563.22, remainder_fraction=100.0000%, Lmin=-1554.93, Lmax=-97.20
22:32:54 [ultranest] [DEBUG] iteration=501, ncalls=2200, regioncalls=24000, ndraw=40, logz=-1561.21, remainder_fraction=100.0000%, Lmin=-1553.19, Lmax=-97.20
22:32:55 [ultranest] [DEBUG] iteration=504, ncalls=2204, regioncalls=24160, ndraw=40, logz=-1558.15, remainder_fraction=100.0000%, Lmin=-1550.19, Lmax=-97.20
22:32:55 [ultranest] [DEBUG] iteration=505, ncalls=2205, regioncalls=24200, ndraw=40, logz=-1557.32, remainder_fraction=100.0000%, Lmin=-1547.86, Lmax=-97.20
22:32:55 [ultranest] [DEBUG] iteration=507, ncalls=2209, regioncalls=24360, ndraw=40, logz=-1554.68, remainder_fraction=100.0000%, Lmin=-1546.23, Lmax=-97.20
22:32:55 [ultranest] [DEBUG] iteration=510, ncalls=2212, regioncalls=24480, ndraw=40, logz=-1552.50, remainder_fraction=100.0000%, Lmin=-1545.21, Lmax=-97.20
22:32:55 [ultranest] [DEBUG] iteration=512, ncalls=2214, regioncalls=24560, ndraw=40, logz=-1551.53, remainder_fraction=100.0000%, Lmin=-1543.87, Lmax=-97.20
22:32:55 [ultranest] [DEBUG] iteration=515, ncalls=2217, regioncalls=24680, ndraw=40, logz=-1550.04, remainder_fraction=100.0000%, Lmin=-1543.48, Lmax=-97.20
22:32:55 [ultranest] [DEBUG] iteration=519, ncalls=2221, regioncalls=24840, ndraw=40, logz=-1548.80, remainder_fraction=100.0000%, Lmin=-1542.15, Lmax=-97.20
22:32:55 [ultranest] [DEBUG] iteration=521, ncalls=2224, regioncalls=24960, ndraw=40, logz=-1548.09, remainder_fraction=100.0000%, Lmin=-1541.45, Lmax=-97.20
22:32:56 [ultranest] [DEBUG] iteration=522, ncalls=2226, regioncalls=25040, ndraw=40, logz=-1547.79, remainder_fraction=100.0000%, Lmin=-1540.84, Lmax=-97.20
22:32:56 [ultranest] [DEBUG] iteration=525, ncalls=2229, regioncalls=25160, ndraw=40, logz=-1546.68, remainder_fraction=100.0000%, Lmin=-1537.04, Lmax=-97.20
22:32:56 [ultranest] [DEBUG] iteration=527, ncalls=2232, regioncalls=25280, ndraw=40, logz=-1543.91, remainder_fraction=100.0000%, Lmin=-1536.88, Lmax=-97.20
22:32:56 [ultranest] [DEBUG] iteration=530, ncalls=2236, regioncalls=25440, ndraw=40, logz=-1536.01, remainder_fraction=100.0000%, Lmin=-1526.35, Lmax=-97.20
22:32:56 [ultranest] [DEBUG] iteration=534, ncalls=2240, regioncalls=25600, ndraw=40, logz=-1529.32, remainder_fraction=100.0000%, Lmin=-1521.47, Lmax=-97.20
22:32:56 [ultranest] [DEBUG] iteration=535, ncalls=2242, regioncalls=25680, ndraw=40, logz=-1528.56, remainder_fraction=100.0000%, Lmin=-1521.29, Lmax=-97.20
22:32:56 [ultranest] [DEBUG] iteration=536, ncalls=2243, regioncalls=25720, ndraw=40, logz=-1528.06, remainder_fraction=100.0000%, Lmin=-1519.43, Lmax=-97.20
22:32:56 [ultranest] [DEBUG] iteration=537, ncalls=2246, regioncalls=25840, ndraw=40, logz=-1526.81, remainder_fraction=100.0000%, Lmin=-1519.27, Lmax=-97.20
22:32:57 [ultranest] [DEBUG] iteration=538, ncalls=2248, regioncalls=25920, ndraw=40, logz=-1526.20, remainder_fraction=100.0000%, Lmin=-1518.93, Lmax=-97.20
22:32:57 [ultranest] [DEBUG] iteration=541, ncalls=2251, regioncalls=26040, ndraw=40, logz=-1523.21, remainder_fraction=100.0000%, Lmin=-1515.46, Lmax=-97.20
22:32:57 [ultranest] [DEBUG] iteration=543, ncalls=2254, regioncalls=26160, ndraw=40, logz=-1520.98, remainder_fraction=100.0000%, Lmin=-1513.49, Lmax=-97.20
22:32:57 [ultranest] [DEBUG] iteration=545, ncalls=2258, regioncalls=26320, ndraw=40, logz=-1519.30, remainder_fraction=100.0000%, Lmin=-1511.78, Lmax=-97.20
22:32:57 [ultranest] [DEBUG] iteration=548, ncalls=2262, regioncalls=26480, ndraw=40, logz=-1517.78, remainder_fraction=100.0000%, Lmin=-1510.80, Lmax=-97.20
22:32:57 [ultranest] [DEBUG] iteration=552, ncalls=2266, regioncalls=26640, ndraw=40, logz=-1514.49, remainder_fraction=100.0000%, Lmin=-1506.28, Lmax=-97.20
22:32:57 [ultranest] [DEBUG] iteration=555, ncalls=2271, regioncalls=26840, ndraw=40, logz=-1511.28, remainder_fraction=100.0000%, Lmin=-1503.09, Lmax=-97.20
22:32:57 [ultranest] [DEBUG] iteration=558, ncalls=2275, regioncalls=27000, ndraw=40, logz=-1509.07, remainder_fraction=100.0000%, Lmin=-1499.75, Lmax=-97.20
22:32:58 [ultranest] [DEBUG] iteration=561, ncalls=2279, regioncalls=27160, ndraw=40, logz=-1505.28, remainder_fraction=100.0000%, Lmin=-1496.94, Lmax=-97.20
22:32:58 [ultranest] [DEBUG] iteration=562, ncalls=2283, regioncalls=27320, ndraw=40, logz=-1504.23, remainder_fraction=100.0000%, Lmin=-1496.19, Lmax=-97.20
22:32:58 [ultranest] [DEBUG] iteration=564, ncalls=2288, regioncalls=27520, ndraw=40, logz=-1499.89, remainder_fraction=100.0000%, Lmin=-1491.46, Lmax=-97.20
22:32:58 [ultranest] [DEBUG] iteration=567, ncalls=2292, regioncalls=27680, ndraw=40, logz=-1497.36, remainder_fraction=100.0000%, Lmin=-1490.44, Lmax=-97.20
22:32:58 [ultranest] [DEBUG] iteration=571, ncalls=2297, regioncalls=27880, ndraw=40, logz=-1494.79, remainder_fraction=100.0000%, Lmin=-1487.42, Lmax=-97.20
22:32:58 [ultranest] [DEBUG] iteration=574, ncalls=2300, regioncalls=28000, ndraw=40, logz=-1492.90, remainder_fraction=100.0000%, Lmin=-1484.82, Lmax=-97.20
22:32:58 [ultranest] [DEBUG] iteration=577, ncalls=2305, regioncalls=28200, ndraw=40, logz=-1490.80, remainder_fraction=100.0000%, Lmin=-1479.56, Lmax=-97.20
22:32:58 [ultranest] [DEBUG] iteration=581, ncalls=2309, regioncalls=28360, ndraw=40, logz=-1484.49, remainder_fraction=100.0000%, Lmin=-1476.40, Lmax=-97.20
